-- Logs begin at Fri 2019-09-27 17:12:27 UTC, end at Fri 2019-09-27 17:13:26 UTC. --
Sep 27 17:12:27 localhost kernel: Linux version 4.18.0-80.el8.x86_64 (mockbuild@kbuilder.bsys.centos.org) (gcc version 8.2.1 20180905 (Red Hat 8.2.1-3) (GCC)) #1 SMP Tue Jun 4 09:19:46 UTC 2019
Sep 27 17:12:27 localhost kernel: Command line: method=http://mirror.centos.org/centos/8.0.1905/BaseOS/x86_64/kickstart/ ks=file:/ks.cfg
Sep 27 17:12:27 localhost kernel: x86/fpu: x87 FPU will use FXSAVE
Sep 27 17:12:27 localhost kernel: BIOS-provided physical RAM map:
Sep 27 17:12:27 localhost kernel: BIOS-e820: [mem 0x0000000000000000-0x000000000009fbff] usable
Sep 27 17:12:27 localhost kernel: BIOS-e820: [mem 0x000000000009fc00-0x000000000009ffff] reserved
Sep 27 17:12:27 localhost kernel: BIOS-e820: [mem 0x00000000000f0000-0x00000000000fffff] reserved
Sep 27 17:12:27 localhost kernel: BIOS-e820: [mem 0x0000000000100000-0x00000000bfff9fff] usable
Sep 27 17:12:27 localhost kernel: BIOS-e820: [mem 0x00000000bfffa000-0x00000000bfffffff] reserved
Sep 27 17:12:27 localhost kernel: BIOS-e820: [mem 0x00000000feffc000-0x00000000feffffff] reserved
Sep 27 17:12:27 localhost kernel: BIOS-e820: [mem 0x00000000fffc0000-0x00000000ffffffff] reserved
Sep 27 17:12:27 localhost kernel: BIOS-e820: [mem 0x0000000100000000-0x000000013fffffff] usable
Sep 27 17:12:27 localhost kernel: NX (Execute Disable) protection: active
Sep 27 17:12:27 localhost kernel: SMBIOS 2.4 present.
Sep 27 17:12:27 localhost kernel: DMI: Red Hat KVM, BIOS 0.5.1 01/01/2011
Sep 27 17:12:27 localhost kernel: Hypervisor detected: KVM
Sep 27 17:12:27 localhost kernel: e820: update [mem 0x00000000-0x00000fff] usable ==> reserved
Sep 27 17:12:27 localhost kernel: e820: remove [mem 0x000a0000-0x000fffff] usable
Sep 27 17:12:27 localhost kernel: last_pfn = 0x140000 max_arch_pfn = 0x400000000
Sep 27 17:12:27 localhost kernel: MTRR default type: write-back
Sep 27 17:12:27 localhost kernel: MTRR fixed ranges enabled:
Sep 27 17:12:27 localhost kernel:   00000-9FFFF write-back
Sep 27 17:12:27 localhost kernel:   A0000-BFFFF uncachable
Sep 27 17:12:27 localhost kernel:   C0000-FFFFF write-protect
Sep 27 17:12:27 localhost kernel: MTRR variable ranges enabled:
Sep 27 17:12:27 localhost kernel:   0 base 0000C0000000 mask 3FFFC0000000 uncachable
Sep 27 17:12:27 localhost kernel:   1 disabled
Sep 27 17:12:27 localhost kernel:   2 disabled
Sep 27 17:12:27 localhost kernel:   3 disabled
Sep 27 17:12:27 localhost kernel:   4 disabled
Sep 27 17:12:27 localhost kernel:   5 disabled
Sep 27 17:12:27 localhost kernel:   6 disabled
Sep 27 17:12:27 localhost kernel:   7 disabled
Sep 27 17:12:27 localhost kernel: x86/PAT: PAT not supported by CPU.
Sep 27 17:12:27 localhost kernel: x86/PAT: Configuration [0-7]: WB  WT  UC- UC  WB  WT  UC- UC  
Sep 27 17:12:27 localhost kernel: last_pfn = 0xbfffa max_arch_pfn = 0x400000000
Sep 27 17:12:27 localhost kernel: found SMP MP-table at [mem 0x000f6360-0x000f636f] mapped at [(____ptrval____)]
Sep 27 17:12:27 localhost kernel: Base memory trampoline at [(____ptrval____)] 99000 size 24576
Sep 27 17:12:27 localhost kernel: BRK [0x1376ed000, 0x1376edfff] PGTABLE
Sep 27 17:12:27 localhost kernel: BRK [0x1376ee000, 0x1376eefff] PGTABLE
Sep 27 17:12:27 localhost kernel: BRK [0x1376ef000, 0x1376effff] PGTABLE
Sep 27 17:12:27 localhost kernel: BRK [0x1376f0000, 0x1376f0fff] PGTABLE
Sep 27 17:12:27 localhost kernel: BRK [0x1376f1000, 0x1376f1fff] PGTABLE
Sep 27 17:12:27 localhost kernel: BRK [0x1376f2000, 0x1376f2fff] PGTABLE
Sep 27 17:12:27 localhost kernel: BRK [0x1376f3000, 0x1376f3fff] PGTABLE
Sep 27 17:12:27 localhost kernel: BRK [0x1376f4000, 0x1376f4fff] PGTABLE
Sep 27 17:12:27 localhost kernel: RAMDISK: [mem 0x7c650000-0x7fffffff]
Sep 27 17:12:27 localhost kernel: ACPI: Early table checksum verification disabled
Sep 27 17:12:27 localhost kernel: ACPI: RSDP 0x00000000000F6110 000014 (v00 BOCHS )
Sep 27 17:12:27 localhost kernel: ACPI: RSDT 0x00000000BFFFFC12 000030 (v01 BOCHS  BXPCRSDT 00000001 BXPC 00000001)
Sep 27 17:12:27 localhost kernel: ACPI: FACP 0x00000000BFFFF177 000074 (v01 BOCHS  BXPCFACP 00000001 BXPC 00000001)
Sep 27 17:12:27 localhost kernel: ACPI: DSDT 0x00000000BFFFE040 001137 (v01 BOCHS  BXPCDSDT 00000001 BXPC 00000001)
Sep 27 17:12:27 localhost kernel: ACPI: FACS 0x00000000BFFFE000 000040
Sep 27 17:12:27 localhost kernel: ACPI: SSDT 0x00000000BFFFF1EB 000997 (v01 BOCHS  BXPCSSDT 00000001 BXPC 00000001)
Sep 27 17:12:27 localhost kernel: ACPI: APIC 0x00000000BFFFFB82 000090 (v01 BOCHS  BXPCAPIC 00000001 BXPC 00000001)
Sep 27 17:12:27 localhost kernel: ACPI: Local APIC address 0xfee00000
Sep 27 17:12:27 localhost kernel: No NUMA configuration found
Sep 27 17:12:27 localhost kernel: Faking a node at [mem 0x0000000000000000-0x000000013fffffff]
Sep 27 17:12:27 localhost kernel: NODE_DATA(0) allocated [mem 0x13ffd6000-0x13fffffff]
Sep 27 17:12:27 localhost kernel: kvm-clock: cpu 0, msr 1:3ff55001, primary cpu clock
Sep 27 17:12:27 localhost kernel: kvm-clock: Using msrs 4b564d01 and 4b564d00
Sep 27 17:12:27 localhost kernel: kvm-clock: using sched offset of 2197971757 cycles
Sep 27 17:12:27 localhost kernel: clocksource: kvm-clock: mask: 0xffffffffffffffff max_cycles: 0x1cd42e4dffb, max_idle_ns: 881590591483 ns
Sep 27 17:12:27 localhost kernel: Zone ranges:
Sep 27 17:12:27 localhost kernel:   DMA      [mem 0x0000000000001000-0x0000000000ffffff]
Sep 27 17:12:27 localhost kernel:   DMA32    [mem 0x0000000001000000-0x00000000ffffffff]
Sep 27 17:12:27 localhost kernel:   Normal   [mem 0x0000000100000000-0x000000013fffffff]
Sep 27 17:12:27 localhost kernel:   Device   empty
Sep 27 17:12:27 localhost kernel: Movable zone start for each node
Sep 27 17:12:27 localhost kernel: Early memory node ranges
Sep 27 17:12:27 localhost kernel:   node   0: [mem 0x0000000000001000-0x000000000009efff]
Sep 27 17:12:27 localhost kernel:   node   0: [mem 0x0000000000100000-0x00000000bfff9fff]
Sep 27 17:12:27 localhost kernel:   node   0: [mem 0x0000000100000000-0x000000013fffffff]
Sep 27 17:12:27 localhost kernel: Zeroed struct page in unavailable ranges: 104 pages
Sep 27 17:12:27 localhost kernel: Initmem setup node 0 [mem 0x0000000000001000-0x000000013fffffff]
Sep 27 17:12:27 localhost kernel: On node 0 totalpages: 1048472
Sep 27 17:12:27 localhost kernel:   DMA zone: 64 pages used for memmap
Sep 27 17:12:27 localhost kernel:   DMA zone: 21 pages reserved
Sep 27 17:12:27 localhost kernel:   DMA zone: 3998 pages, LIFO batch:0
Sep 27 17:12:27 localhost kernel:   DMA32 zone: 12224 pages used for memmap
Sep 27 17:12:27 localhost kernel:   DMA32 zone: 782330 pages, LIFO batch:31
Sep 27 17:12:27 localhost kernel:   Normal zone: 4096 pages used for memmap
Sep 27 17:12:27 localhost kernel:   Normal zone: 262144 pages, LIFO batch:31
Sep 27 17:12:27 localhost kernel: ACPI: PM-Timer IO Port: 0x608
Sep 27 17:12:27 localhost kernel: ACPI: Local APIC address 0xfee00000
Sep 27 17:12:27 localhost kernel: ACPI: LAPIC_NMI (acpi_id[0xff] dfl dfl lint[0x1])
Sep 27 17:12:27 localhost kernel: IOAPIC[0]: apic_id 0, version 17, address 0xfec00000, GSI 0-23
Sep 27 17:12:27 localhost kernel: ACPI: INT_SRC_OVR (bus 0 bus_irq 0 global_irq 2 dfl dfl)
Sep 27 17:12:27 localhost kernel: ACPI: INT_SRC_OVR (bus 0 bus_irq 5 global_irq 5 high level)
Sep 27 17:12:27 localhost kernel: ACPI: INT_SRC_OVR (bus 0 bus_irq 9 global_irq 9 high level)
Sep 27 17:12:27 localhost kernel: ACPI: INT_SRC_OVR (bus 0 bus_irq 10 global_irq 10 high level)
Sep 27 17:12:27 localhost kernel: ACPI: INT_SRC_OVR (bus 0 bus_irq 11 global_irq 11 high level)
Sep 27 17:12:27 localhost kernel: ACPI: IRQ0 used by override.
Sep 27 17:12:27 localhost kernel: ACPI: IRQ5 used by override.
Sep 27 17:12:27 localhost kernel: ACPI: IRQ9 used by override.
Sep 27 17:12:27 localhost kernel: ACPI: IRQ10 used by override.
Sep 27 17:12:27 localhost kernel: ACPI: IRQ11 used by override.
Sep 27 17:12:27 localhost kernel: Using ACPI (MADT) for SMP configuration information
Sep 27 17:12:27 localhost kernel: smpboot: Allowing 4 CPUs, 0 hotplug CPUs
Sep 27 17:12:27 localhost kernel: PM: Registered nosave memory: [mem 0x00000000-0x00000fff]
Sep 27 17:12:27 localhost kernel: PM: Registered nosave memory: [mem 0x0009f000-0x0009ffff]
Sep 27 17:12:27 localhost kernel: PM: Registered nosave memory: [mem 0x000a0000-0x000effff]
Sep 27 17:12:27 localhost kernel: PM: Registered nosave memory: [mem 0x000f0000-0x000fffff]
Sep 27 17:12:27 localhost kernel: PM: Registered nosave memory: [mem 0xbfffa000-0xbfffffff]
Sep 27 17:12:27 localhost kernel: PM: Registered nosave memory: [mem 0xc0000000-0xfeffbfff]
Sep 27 17:12:27 localhost kernel: PM: Registered nosave memory: [mem 0xfeffc000-0xfeffffff]
Sep 27 17:12:27 localhost kernel: PM: Registered nosave memory: [mem 0xff000000-0xfffbffff]
Sep 27 17:12:27 localhost kernel: PM: Registered nosave memory: [mem 0xfffc0000-0xffffffff]
Sep 27 17:12:27 localhost kernel: [mem 0xc0000000-0xfeffbfff] available for PCI devices
Sep 27 17:12:27 localhost kernel: Booting paravirtualized kernel on KVM
Sep 27 17:12:27 localhost kernel: clocksource: refined-jiffies: mask: 0xffffffff max_cycles: 0xffffffff, max_idle_ns: 1910969940391419 ns
Sep 27 17:12:27 localhost kernel: random: get_random_bytes called from start_kernel+0x93/0x550 with crng_init=0
Sep 27 17:12:27 localhost kernel: setup_percpu: NR_CPUS:8192 nr_cpumask_bits:4 nr_cpu_ids:4 nr_node_ids:1
Sep 27 17:12:27 localhost kernel: percpu: Embedded 47 pages/cpu @(____ptrval____) s155648 r8192 d28672 u524288
Sep 27 17:12:27 localhost kernel: pcpu-alloc: s155648 r8192 d28672 u524288 alloc=1*2097152
Sep 27 17:12:27 localhost kernel: pcpu-alloc: [0] 0 1 2 3 
Sep 27 17:12:27 localhost kernel: KVM setup async PF for cpu 0
Sep 27 17:12:27 localhost kernel: kvm-stealtime: cpu 0, msr 13ba25040
Sep 27 17:12:27 localhost kernel: PV qspinlock hash table entries: 256 (order: 0, 4096 bytes)
Sep 27 17:12:27 localhost kernel: Built 1 zonelists, mobility grouping on.  Total pages: 1032067
Sep 27 17:12:27 localhost kernel: Policy zone: Normal
Sep 27 17:12:27 localhost kernel: Kernel command line: method=http://mirror.centos.org/centos/8.0.1905/BaseOS/x86_64/kickstart/ ks=file:/ks.cfg
Sep 27 17:12:27 localhost kernel: Specific versions of hardware are certified with Red Hat Enterprise Linux 8. Please see the list of hardware certified with Red Hat Enterprise Linux 8 at https://access.redhat.com/ecosystem.
Sep 27 17:12:27 localhost kernel: Memory: 3151692K/4193888K available (12292K kernel code, 2100K rwdata, 3816K rodata, 2344K init, 3320K bss, 222476K reserved, 0K cma-reserved)
Sep 27 17:12:27 localhost kernel: SLUB: HWalign=64, Order=0-3, MinObjects=0, CPUs=4, Nodes=1
Sep 27 17:12:27 localhost kernel: Kernel/User page tables isolation: enabled
Sep 27 17:12:27 localhost kernel: ftrace: allocating 34905 entries in 137 pages
Sep 27 17:12:27 localhost kernel: rcu: Hierarchical RCU implementation.
Sep 27 17:12:27 localhost kernel: rcu:         RCU restricting CPUs from NR_CPUS=8192 to nr_cpu_ids=4.
Sep 27 17:12:27 localhost kernel: rcu: RCU calculated value of scheduler-enlistment delay is 100 jiffies.
Sep 27 17:12:27 localhost kernel: rcu: Adjusting geometry for rcu_fanout_leaf=16, nr_cpu_ids=4
Sep 27 17:12:27 localhost kernel: NR_IRQS: 524544, nr_irqs: 456, preallocated irqs: 16
Sep 27 17:12:27 localhost kernel: Console: colour VGA+ 80x25
Sep 27 17:12:27 localhost kernel: console [tty0] enabled
Sep 27 17:12:27 localhost kernel: ACPI: Core revision 20180531
Sep 27 17:12:27 localhost kernel: APIC: Switch to symmetric I/O mode setup
Sep 27 17:12:27 localhost kernel: ..TIMER: vector=0x30 apic1=0 pin1=2 apic2=-1 pin2=-1
Sep 27 17:12:27 localhost kernel: tsc: Detected 2199.996 MHz processor
Sep 27 17:12:27 localhost kernel: clocksource: tsc-early: mask: 0xffffffffffffffff max_cycles: 0x1fb62f12e8c, max_idle_ns: 440795238402 ns
Sep 27 17:12:27 localhost kernel: Calibrating delay loop (skipped) preset value.. 4399.99 BogoMIPS (lpj=2199996)
Sep 27 17:12:27 localhost kernel: pid_max: default: 32768 minimum: 301
Sep 27 17:12:27 localhost kernel: Security Framework initialized
Sep 27 17:12:27 localhost kernel: Yama: becoming mindful.
Sep 27 17:12:27 localhost kernel: SELinux:  Initializing.
Sep 27 17:12:27 localhost kernel: SELinux:  Starting in permissive mode
Sep 27 17:12:27 localhost kernel: Dentry cache hash table entries: 524288 (order: 10, 4194304 bytes)
Sep 27 17:12:27 localhost kernel: Inode-cache hash table entries: 262144 (order: 9, 2097152 bytes)
Sep 27 17:12:27 localhost kernel: Mount-cache hash table entries: 8192 (order: 4, 65536 bytes)
Sep 27 17:12:27 localhost kernel: Mountpoint-cache hash table entries: 8192 (order: 4, 65536 bytes)
Sep 27 17:12:27 localhost kernel: mce: CPU supports 10 MCE banks
Sep 27 17:12:27 localhost kernel: Last level iTLB entries: 4KB 0, 2MB 0, 4MB 0
Sep 27 17:12:27 localhost kernel: Last level dTLB entries: 4KB 0, 2MB 0, 4MB 0, 1GB 0
Sep 27 17:12:27 localhost kernel: FEATURE SPEC_CTRL Not Present
Sep 27 17:12:27 localhost kernel: FEATURE IBPB_SUPPORT Not Present
Sep 27 17:12:27 localhost kernel: Spectre V2 : Mitigation: Full generic retpoline
Sep 27 17:12:27 localhost kernel: Spectre V2 : Spectre v2 / SpectreRSB mitigation: Filling RSB on context switch
Sep 27 17:12:27 localhost kernel: Speculative Store Bypass: Vulnerable
Sep 27 17:12:27 localhost kernel: Freeing SMP alternatives memory: 32K
Sep 27 17:12:27 localhost kernel: smpboot: CPU0: Intel QEMU Virtual CPU version 1.5.3 (family: 0x6, model: 0xd, stepping: 0x3)
Sep 27 17:12:27 localhost kernel: Performance Events: PMU not available due to virtualization, using software events only.
Sep 27 17:12:27 localhost kernel: rcu: Hierarchical SRCU implementation.
Sep 27 17:12:27 localhost kernel: NMI watchdog: Perf event create on CPU 0 failed with -2
Sep 27 17:12:27 localhost kernel: NMI watchdog: Perf NMI watchdog permanently disabled
Sep 27 17:12:27 localhost kernel: smp: Bringing up secondary CPUs ...
Sep 27 17:12:27 localhost kernel: x86: Booting SMP configuration:
Sep 27 17:12:27 localhost kernel: .... node  #0, CPUs:      #1
Sep 27 17:12:27 localhost kernel: kvm-clock: cpu 1, msr 1:3ff55041, secondary cpu clock
Sep 27 17:12:27 localhost kernel: KVM setup async PF for cpu 1
Sep 27 17:12:27 localhost kernel: kvm-stealtime: cpu 1, msr 13baa5040
Sep 27 17:12:27 localhost kernel:  #2
Sep 27 17:12:27 localhost kernel: kvm-clock: cpu 2, msr 1:3ff55081, secondary cpu clock
Sep 27 17:12:27 localhost kernel: KVM setup async PF for cpu 2
Sep 27 17:12:27 localhost kernel: kvm-stealtime: cpu 2, msr 13bb25040
Sep 27 17:12:27 localhost kernel:  #3
Sep 27 17:12:27 localhost kernel: kvm-clock: cpu 3, msr 1:3ff550c1, secondary cpu clock
Sep 27 17:12:27 localhost kernel: KVM setup async PF for cpu 3
Sep 27 17:12:27 localhost kernel: kvm-stealtime: cpu 3, msr 13bba5040
Sep 27 17:12:27 localhost kernel: smp: Brought up 1 node, 4 CPUs
Sep 27 17:12:27 localhost kernel: smpboot: Max logical packages: 4
Sep 27 17:12:27 localhost kernel: smpboot: Total of 4 processors activated (17599.96 BogoMIPS)
Sep 27 17:12:27 localhost kernel: node 0 initialised, 204930 pages in 8ms
Sep 27 17:12:27 localhost kernel: devtmpfs: initialized
Sep 27 17:12:27 localhost kernel: x86/mm: Memory block size: 128MB
Sep 27 17:12:27 localhost kernel: clocksource: jiffies: mask: 0xffffffff max_cycles: 0xffffffff, max_idle_ns: 1911260446275000 ns
Sep 27 17:12:27 localhost kernel: futex hash table entries: 1024 (order: 4, 65536 bytes)
Sep 27 17:12:27 localhost kernel: pinctrl core: initialized pinctrl subsystem
Sep 27 17:12:27 localhost kernel: NET: Registered protocol family 16
Sep 27 17:12:27 localhost kernel: audit: initializing netlink subsys (disabled)
Sep 27 17:12:27 localhost kernel: audit: type=2000 audit(1569604343.438:1): state=initialized audit_enabled=0 res=1
Sep 27 17:12:27 localhost kernel: cpuidle: using governor menu
Sep 27 17:12:27 localhost kernel: ACPI: bus type PCI registered
Sep 27 17:12:27 localhost kernel: acpiphp: ACPI Hot Plug PCI Controller Driver version: 0.5
Sep 27 17:12:27 localhost kernel: PCI: Using configuration type 1 for base access
Sep 27 17:12:27 localhost kernel: HugeTLB registered 2.00 MiB page size, pre-allocated 0 pages
Sep 27 17:12:27 localhost kernel: cryptd: max_cpu_qlen set to 1000
Sep 27 17:12:27 localhost kernel: ACPI: Added _OSI(Module Device)
Sep 27 17:12:27 localhost kernel: ACPI: Added _OSI(Processor Device)
Sep 27 17:12:27 localhost kernel: ACPI: Added _OSI(3.0 _SCP Extensions)
Sep 27 17:12:27 localhost kernel: ACPI: Added _OSI(Processor Aggregator Device)
Sep 27 17:12:27 localhost kernel: ACPI: Added _OSI(Linux-Dell-Video)
Sep 27 17:12:27 localhost kernel: ACPI: 2 ACPI AML tables successfully acquired and loaded
Sep 27 17:12:27 localhost kernel: ACPI: Interpreter enabled
Sep 27 17:12:27 localhost kernel: ACPI: (supports S0 S5)
Sep 27 17:12:27 localhost kernel: ACPI: Using IOAPIC for interrupt routing
Sep 27 17:12:27 localhost kernel: PCI: Using host bridge windows from ACPI; if necessary, use "pci=nocrs" and report a bug
Sep 27 17:12:27 localhost kernel: ACPI: Enabled 16 GPEs in block 00 to 0F
Sep 27 17:12:27 localhost kernel: ACPI: PCI Root Bridge [PCI0] (domain 0000 [bus 00-ff])
Sep 27 17:12:27 localhost kernel: acpi PNP0A03:00: _OSC: OS supports [ASPM ClockPM Segments MSI]
Sep 27 17:12:27 localhost kernel: acpi PNP0A03:00: fail to add MMCONFIG information, can't access extended PCI configuration space under this bridge.
Sep 27 17:12:27 localhost kernel: acpiphp: Slot [3] registered
Sep 27 17:12:27 localhost kernel: acpiphp: Slot [4] registered
Sep 27 17:12:27 localhost kernel: acpiphp: Slot [5] registered
Sep 27 17:12:27 localhost kernel: acpiphp: Slot [6] registered
Sep 27 17:12:27 localhost kernel: acpiphp: Slot [7] registered
Sep 27 17:12:27 localhost kernel: acpiphp: Slot [8] registered
Sep 27 17:12:27 localhost kernel: acpiphp: Slot [9] registered
Sep 27 17:12:27 localhost kernel: acpiphp: Slot [10] registered
Sep 27 17:12:27 localhost kernel: acpiphp: Slot [11] registered
Sep 27 17:12:27 localhost kernel: acpiphp: Slot [12] registered
Sep 27 17:12:27 localhost kernel: acpiphp: Slot [13] registered
Sep 27 17:12:27 localhost kernel: acpiphp: Slot [14] registered
Sep 27 17:12:27 localhost kernel: acpiphp: Slot [15] registered
Sep 27 17:12:27 localhost kernel: acpiphp: Slot [16] registered
Sep 27 17:12:27 localhost kernel: acpiphp: Slot [17] registered
Sep 27 17:12:27 localhost kernel: acpiphp: Slot [18] registered
Sep 27 17:12:27 localhost kernel: acpiphp: Slot [19] registered
Sep 27 17:12:27 localhost kernel: acpiphp: Slot [20] registered
Sep 27 17:12:27 localhost kernel: acpiphp: Slot [21] registered
Sep 27 17:12:27 localhost kernel: acpiphp: Slot [22] registered
Sep 27 17:12:27 localhost kernel: acpiphp: Slot [23] registered
Sep 27 17:12:27 localhost kernel: acpiphp: Slot [24] registered
Sep 27 17:12:27 localhost kernel: acpiphp: Slot [25] registered
Sep 27 17:12:27 localhost kernel: acpiphp: Slot [26] registered
Sep 27 17:12:27 localhost kernel: acpiphp: Slot [27] registered
Sep 27 17:12:27 localhost kernel: acpiphp: Slot [28] registered
Sep 27 17:12:27 localhost kernel: acpiphp: Slot [29] registered
Sep 27 17:12:27 localhost kernel: acpiphp: Slot [30] registered
Sep 27 17:12:27 localhost kernel: acpiphp: Slot [31] registered
Sep 27 17:12:27 localhost kernel: PCI host bridge to bus 0000:00
Sep 27 17:12:27 localhost kernel: pci_bus 0000:00: root bus resource [io  0x0000-0x0cf7 window]
Sep 27 17:12:27 localhost kernel: pci_bus 0000:00: root bus resource [io  0x0d00-0xffff window]
Sep 27 17:12:27 localhost kernel: pci_bus 0000:00: root bus resource [mem 0x000a0000-0x000bffff window]
Sep 27 17:12:27 localhost kernel: pci_bus 0000:00: root bus resource [mem 0xc0000000-0xfebfffff window]
Sep 27 17:12:27 localhost kernel: pci_bus 0000:00: root bus resource [bus 00-ff]
Sep 27 17:12:27 localhost kernel: pci 0000:00:00.0: [8086:1237] type 00 class 0x060000
Sep 27 17:12:27 localhost kernel: pci 0000:00:01.0: [8086:7000] type 00 class 0x060100
Sep 27 17:12:27 localhost kernel: pci 0000:00:01.1: [8086:7010] type 00 class 0x010180
Sep 27 17:12:27 localhost kernel: pci 0000:00:01.1: reg 0x20: [io  0xc0a0-0xc0af]
Sep 27 17:12:27 localhost kernel: pci 0000:00:01.1: legacy IDE quirk: reg 0x10: [io  0x01f0-0x01f7]
Sep 27 17:12:27 localhost kernel: pci 0000:00:01.1: legacy IDE quirk: reg 0x14: [io  0x03f6]
Sep 27 17:12:27 localhost kernel: pci 0000:00:01.1: legacy IDE quirk: reg 0x18: [io  0x0170-0x0177]
Sep 27 17:12:27 localhost kernel: pci 0000:00:01.1: legacy IDE quirk: reg 0x1c: [io  0x0376]
Sep 27 17:12:27 localhost kernel: pci 0000:00:01.2: [8086:7020] type 00 class 0x0c0300
Sep 27 17:12:27 localhost kernel: pci 0000:00:01.2: reg 0x20: [io  0xc040-0xc05f]
Sep 27 17:12:27 localhost kernel: pci 0000:00:01.3: [8086:7113] type 00 class 0x068000
Sep 27 17:12:27 localhost kernel: pci 0000:00:01.3: quirk: [io  0x0600-0x063f] claimed by PIIX4 ACPI
Sep 27 17:12:27 localhost kernel: pci 0000:00:01.3: quirk: [io  0x0700-0x070f] claimed by PIIX4 SMB
Sep 27 17:12:27 localhost kernel: pci 0000:00:02.0: [1013:00b8] type 00 class 0x030000
Sep 27 17:12:27 localhost kernel: pci 0000:00:02.0: reg 0x10: [mem 0xfc000000-0xfdffffff pref]
Sep 27 17:12:27 localhost kernel: pci 0000:00:02.0: reg 0x14: [mem 0xfebd0000-0xfebd0fff]
Sep 27 17:12:27 localhost kernel: pci 0000:00:02.0: reg 0x30: [mem 0xfebc0000-0xfebcffff pref]
Sep 27 17:12:27 localhost kernel: pci 0000:00:03.0: [1af4:1000] type 00 class 0x020000
Sep 27 17:12:27 localhost kernel: pci 0000:00:03.0: reg 0x10: [io  0xc060-0xc07f]
Sep 27 17:12:27 localhost kernel: pci 0000:00:03.0: reg 0x14: [mem 0xfebd1000-0xfebd1fff]
Sep 27 17:12:27 localhost kernel: pci 0000:00:03.0: reg 0x30: [mem 0xfeb80000-0xfebbffff pref]
Sep 27 17:12:27 localhost kernel: pci 0000:00:04.0: [1af4:1001] type 00 class 0x010000
Sep 27 17:12:27 localhost kernel: pci 0000:00:04.0: reg 0x10: [io  0xc000-0xc03f]
Sep 27 17:12:27 localhost kernel: pci 0000:00:04.0: reg 0x14: [mem 0xfebd2000-0xfebd2fff]
Sep 27 17:12:27 localhost kernel: pci 0000:00:05.0: [1af4:1002] type 00 class 0x00ff00
Sep 27 17:12:27 localhost kernel: pci 0000:00:05.0: reg 0x10: [io  0xc080-0xc09f]
Sep 27 17:12:27 localhost kernel: ACPI: PCI Interrupt Link [LNKA] (IRQs 5 *10 11)
Sep 27 17:12:27 localhost kernel: ACPI: PCI Interrupt Link [LNKB] (IRQs 5 *10 11)
Sep 27 17:12:27 localhost kernel: ACPI: PCI Interrupt Link [LNKC] (IRQs 5 10 *11)
Sep 27 17:12:27 localhost kernel: ACPI: PCI Interrupt Link [LNKD] (IRQs 5 10 *11)
Sep 27 17:12:27 localhost kernel: ACPI: PCI Interrupt Link [LNKS] (IRQs *9)
Sep 27 17:12:27 localhost kernel: pci 0000:00:02.0: vgaarb: setting as boot VGA device
Sep 27 17:12:27 localhost kernel: pci 0000:00:02.0: vgaarb: VGA device added: decodes=io+mem,owns=io+mem,locks=none
Sep 27 17:12:27 localhost kernel: pci 0000:00:02.0: vgaarb: bridge control possible
Sep 27 17:12:27 localhost kernel: vgaarb: loaded
Sep 27 17:12:27 localhost kernel: SCSI subsystem initialized
Sep 27 17:12:27 localhost kernel: ACPI: bus type USB registered
Sep 27 17:12:27 localhost kernel: usbcore: registered new interface driver usbfs
Sep 27 17:12:27 localhost kernel: usbcore: registered new interface driver hub
Sep 27 17:12:27 localhost kernel: usbcore: registered new device driver usb
Sep 27 17:12:27 localhost kernel: pps_core: LinuxPPS API ver. 1 registered
Sep 27 17:12:27 localhost kernel: pps_core: Software ver. 5.3.6 - Copyright 2005-2007 Rodolfo Giometti <giometti@linux.it>
Sep 27 17:12:27 localhost kernel: PTP clock support registered
Sep 27 17:12:27 localhost kernel: EDAC MC: Ver: 3.0.0
Sep 27 17:12:27 localhost kernel: PCI: Using ACPI for IRQ routing
Sep 27 17:12:27 localhost kernel: PCI: pci_cache_line_size set to 64 bytes
Sep 27 17:12:27 localhost kernel: e820: reserve RAM buffer [mem 0x0009fc00-0x0009ffff]
Sep 27 17:12:27 localhost kernel: e820: reserve RAM buffer [mem 0xbfffa000-0xbfffffff]
Sep 27 17:12:27 localhost kernel: NetLabel: Initializing
Sep 27 17:12:27 localhost kernel: NetLabel:  domain hash size = 128
Sep 27 17:12:27 localhost kernel: NetLabel:  protocols = UNLABELED CIPSOv4 CALIPSO
Sep 27 17:12:27 localhost kernel: NetLabel:  unlabeled traffic allowed by default
Sep 27 17:12:27 localhost kernel: clocksource: Switched to clocksource kvm-clock
Sep 27 17:12:27 localhost kernel: VFS: Disk quotas dquot_6.6.0
Sep 27 17:12:27 localhost kernel: VFS: Dquot-cache hash table entries: 512 (order 0, 4096 bytes)
Sep 27 17:12:27 localhost kernel: pnp: PnP ACPI init
Sep 27 17:12:27 localhost kernel: pnp 00:00: Plug and Play ACPI device, IDs PNP0b00 (active)
Sep 27 17:12:27 localhost kernel: pnp 00:01: Plug and Play ACPI device, IDs PNP0303 (active)
Sep 27 17:12:27 localhost kernel: pnp 00:02: Plug and Play ACPI device, IDs PNP0f13 (active)
Sep 27 17:12:27 localhost kernel: pnp 00:03: [dma 2]
Sep 27 17:12:27 localhost kernel: pnp 00:03: Plug and Play ACPI device, IDs PNP0700 (active)
Sep 27 17:12:27 localhost kernel: pnp 00:04: Plug and Play ACPI device, IDs PNP0501 (active)
Sep 27 17:12:27 localhost kernel: pnp 00:05: Plug and Play ACPI device, IDs PNP0501 (active)
Sep 27 17:12:27 localhost kernel: pnp: PnP ACPI: found 6 devices
Sep 27 17:12:27 localhost kernel: clocksource: acpi_pm: mask: 0xffffff max_cycles: 0xffffff, max_idle_ns: 2085701024 ns
Sep 27 17:12:27 localhost kernel: pci_bus 0000:00: resource 4 [io  0x0000-0x0cf7 window]
Sep 27 17:12:27 localhost kernel: pci_bus 0000:00: resource 5 [io  0x0d00-0xffff window]
Sep 27 17:12:27 localhost kernel: pci_bus 0000:00: resource 6 [mem 0x000a0000-0x000bffff window]
Sep 27 17:12:27 localhost kernel: pci_bus 0000:00: resource 7 [mem 0xc0000000-0xfebfffff window]
Sep 27 17:12:27 localhost kernel: NET: Registered protocol family 2
Sep 27 17:12:27 localhost kernel: tcp_listen_portaddr_hash hash table entries: 2048 (order: 3, 32768 bytes)
Sep 27 17:12:27 localhost kernel: TCP established hash table entries: 32768 (order: 6, 262144 bytes)
Sep 27 17:12:27 localhost kernel: TCP bind hash table entries: 32768 (order: 7, 524288 bytes)
Sep 27 17:12:27 localhost kernel: TCP: Hash tables configured (established 32768 bind 32768)
Sep 27 17:12:27 localhost kernel: UDP hash table entries: 2048 (order: 4, 65536 bytes)
Sep 27 17:12:27 localhost kernel: UDP-Lite hash table entries: 2048 (order: 4, 65536 bytes)
Sep 27 17:12:27 localhost kernel: NET: Registered protocol family 1
Sep 27 17:12:27 localhost kernel: NET: Registered protocol family 44
Sep 27 17:12:27 localhost kernel: pci 0000:00:00.0: Limiting direct PCI/PCI transfers
Sep 27 17:12:27 localhost kernel: pci 0000:00:01.0: PIIX3: Enabling Passive Release
Sep 27 17:12:27 localhost kernel: pci 0000:00:01.0: Activating ISA DMA hang workarounds
Sep 27 17:12:27 localhost kernel: PCI Interrupt Link [LNKD] enabled at IRQ 11
Sep 27 17:12:27 localhost kernel: pci 0000:00:02.0: Video device with shadowed ROM at [mem 0x000c0000-0x000dffff]
Sep 27 17:12:27 localhost kernel: PCI: CLS 0 bytes, default 64
Sep 27 17:12:27 localhost kernel: Unpacking initramfs...
Sep 27 17:12:27 localhost kernel: Freeing initrd memory: 59072K
Sep 27 17:12:27 localhost kernel: PCI-DMA: Using software bounce buffering for IO (SWIOTLB)
Sep 27 17:12:27 localhost kernel: software IO TLB: mapped [mem 0xbbffa000-0xbfffa000] (64MB)
Sep 27 17:12:27 localhost kernel: clocksource: tsc: mask: 0xffffffffffffffff max_cycles: 0x1fb62f12e8c, max_idle_ns: 440795238402 ns
Sep 27 17:12:27 localhost kernel: Initialise system trusted keyrings
Sep 27 17:12:27 localhost kernel: Key type blacklist registered
Sep 27 17:12:27 localhost kernel: workingset: timestamp_bits=36 max_order=20 bucket_order=0
Sep 27 17:12:27 localhost kernel: zbud: loaded
Sep 27 17:12:27 localhost kernel: pstore: using deflate compression
Sep 27 17:12:27 localhost kernel: SELinux:  Registering netfilter hooks
Sep 27 17:12:27 localhost kernel: Platform Keyring initialized
Sep 27 17:12:27 localhost kernel: NET: Registered protocol family 38
Sep 27 17:12:27 localhost kernel: Key type asymmetric registered
Sep 27 17:12:27 localhost kernel: Asymmetric key parser 'x509' registered
Sep 27 17:12:27 localhost kernel: Block layer SCSI generic (bsg) driver version 0.4 loaded (major 246)
Sep 27 17:12:27 localhost kernel: io scheduler mq-deadline registered
Sep 27 17:12:27 localhost kernel: io scheduler kyber registered
Sep 27 17:12:27 localhost kernel: io scheduler bfq registered
Sep 27 17:12:27 localhost kernel: atomic64_test: passed for x86-64 platform with CX8 and with SSE
Sep 27 17:12:27 localhost kernel: shpchp: Standard Hot Plug PCI Controller Driver version: 0.4
Sep 27 17:12:27 localhost kernel: intel_idle: does not run on family 6 model 13
Sep 27 17:12:27 localhost kernel: input: Power Button as /devices/LNXSYSTM:00/LNXPWRBN:00/input/input0
Sep 27 17:12:27 localhost kernel: ACPI: Power Button [PWRF]
Sep 27 17:12:27 localhost kernel: PCI Interrupt Link [LNKC] enabled at IRQ 10
Sep 27 17:12:27 localhost kernel: virtio-pci 0000:00:03.0: virtio_pci: leaving for legacy driver
Sep 27 17:12:27 localhost kernel: virtio-pci 0000:00:04.0: virtio_pci: leaving for legacy driver
Sep 27 17:12:27 localhost kernel: PCI Interrupt Link [LNKA] enabled at IRQ 10
Sep 27 17:12:27 localhost kernel: virtio-pci 0000:00:05.0: virtio_pci: leaving for legacy driver
Sep 27 17:12:27 localhost kernel: Serial: 8250/16550 driver, 4 ports, IRQ sharing enabled
Sep 27 17:12:27 localhost kernel: 00:04: ttyS0 at I/O 0x3f8 (irq = 4, base_baud = 115200) is a 16550A
Sep 27 17:12:27 localhost kernel: 00:05: ttyS1 at I/O 0x2f8 (irq = 3, base_baud = 115200) is a 16550A
Sep 27 17:12:27 localhost kernel: Non-volatile memory driver v1.3
Sep 27 17:12:27 localhost kernel: Linux agpgart interface v0.103
Sep 27 17:12:27 localhost kernel: rdac: device handler registered
Sep 27 17:12:27 localhost kernel: hp_sw: device handler registered
Sep 27 17:12:27 localhost kernel: emc: device handler registered
Sep 27 17:12:27 localhost kernel: alua: device handler registered
Sep 27 17:12:27 localhost kernel: libphy: Fixed MDIO Bus: probed
Sep 27 17:12:27 localhost kernel: ehci_hcd: USB 2.0 'Enhanced' Host Controller (EHCI) Driver
Sep 27 17:12:27 localhost kernel: ehci-pci: EHCI PCI platform driver
Sep 27 17:12:27 localhost kernel: ohci_hcd: USB 1.1 'Open' Host Controller (OHCI) Driver
Sep 27 17:12:27 localhost kernel: ohci-pci: OHCI PCI platform driver
Sep 27 17:12:27 localhost kernel: uhci_hcd: USB Universal Host Controller Interface driver
Sep 27 17:12:27 localhost kernel: uhci_hcd 0000:00:01.2: UHCI Host Controller
Sep 27 17:12:27 localhost kernel: uhci_hcd 0000:00:01.2: new USB bus registered, assigned bus number 1
Sep 27 17:12:27 localhost kernel: uhci_hcd 0000:00:01.2: detected 2 ports
Sep 27 17:12:27 localhost kernel: uhci_hcd 0000:00:01.2: irq 11, io base 0x0000c040
Sep 27 17:12:27 localhost kernel: usb usb1: New USB device found, idVendor=1d6b, idProduct=0001, bcdDevice= 4.18
Sep 27 17:12:27 localhost kernel: usb usb1: New USB device strings: Mfr=3, Product=2, SerialNumber=1
Sep 27 17:12:27 localhost kernel: usb usb1: Product: UHCI Host Controller
Sep 27 17:12:27 localhost kernel: usb usb1: Manufacturer: Linux 4.18.0-80.el8.x86_64 uhci_hcd
Sep 27 17:12:27 localhost kernel: usb usb1: SerialNumber: 0000:00:01.2
Sep 27 17:12:27 localhost kernel: hub 1-0:1.0: USB hub found
Sep 27 17:12:27 localhost kernel: hub 1-0:1.0: 2 ports detected
Sep 27 17:12:27 localhost kernel: usbcore: registered new interface driver usbserial_generic
Sep 27 17:12:27 localhost kernel: usbserial: USB Serial support registered for generic
Sep 27 17:12:27 localhost kernel: i8042: PNP: PS/2 Controller [PNP0303:KBD,PNP0f13:MOU] at 0x60,0x64 irq 1,12
Sep 27 17:12:27 localhost kernel: serio: i8042 KBD port at 0x60,0x64 irq 1
Sep 27 17:12:27 localhost kernel: serio: i8042 AUX port at 0x60,0x64 irq 12
Sep 27 17:12:27 localhost kernel: mousedev: PS/2 mouse device common for all mice
Sep 27 17:12:27 localhost kernel: rtc_cmos 00:00: RTC can wake from S4
Sep 27 17:12:27 localhost kernel: input: AT Translated Set 2 keyboard as /devices/platform/i8042/serio0/input/input1
Sep 27 17:12:27 localhost kernel: rtc_cmos 00:00: registered as rtc0
Sep 27 17:12:27 localhost kernel: rtc_cmos 00:00: alarms up to one day, 114 bytes nvram
Sep 27 17:12:27 localhost kernel: input: VirtualPS/2 VMware VMMouse as /devices/platform/i8042/serio1/input/input4
Sep 27 17:12:27 localhost kernel: hidraw: raw HID events driver (C) Jiri Kosina
Sep 27 17:12:27 localhost kernel: usbcore: registered new interface driver usbhid
Sep 27 17:12:27 localhost kernel: usbhid: USB HID core driver
Sep 27 17:12:27 localhost kernel: drop_monitor: Initializing network drop monitor service
Sep 27 17:12:27 localhost kernel: input: VirtualPS/2 VMware VMMouse as /devices/platform/i8042/serio1/input/input3
Sep 27 17:12:27 localhost kernel: Initializing XFRM netlink socket
Sep 27 17:12:27 localhost kernel: NET: Registered protocol family 10
Sep 27 17:12:27 localhost kernel: Segment Routing with IPv6
Sep 27 17:12:27 localhost kernel: NET: Registered protocol family 17
Sep 27 17:12:27 localhost kernel: mpls_gso: MPLS GSO support
Sep 27 17:12:27 localhost kernel: RAS: Correctable Errors collector initialized.
Sep 27 17:12:27 localhost kernel: sched_clock: Marking stable (4132319865, 0)->(4516292590, -383972725)
Sep 27 17:12:27 localhost kernel: registered taskstats version 1
Sep 27 17:12:27 localhost kernel: Loading compiled-in X.509 certificates
Sep 27 17:12:27 localhost kernel: Loaded X.509 cert 'CentOS Linux kernel signing key: 105deb30304b033ee0e85d996b31322a79a82578'
Sep 27 17:12:27 localhost kernel: Loaded X.509 cert 'CentOS Linux Driver update signing key: 29bd4c0d06d2e9911044b5dc973309139b51d6d5'
Sep 27 17:12:27 localhost kernel: Loaded X.509 cert 'CentOS Linux kpatch signing key: b49f086205909dc4da2cfa99376fb191d2f09e78'
Sep 27 17:12:27 localhost kernel: zswap: loaded using pool lzo/zbud
Sep 27 17:12:27 localhost kernel: Key type big_key registered
Sep 27 17:12:27 localhost kernel: Key type trusted registered
Sep 27 17:12:27 localhost kernel: Key type encrypted registered
Sep 27 17:12:27 localhost kernel: ima: No TPM chip found, activating TPM-bypass! (rc=-19)
Sep 27 17:12:27 localhost kernel: ima: Allocated hash algorithm: sha1
Sep 27 17:12:27 localhost kernel: evm: Initialising EVM extended attributes:
Sep 27 17:12:27 localhost kernel: evm: security.selinux
Sep 27 17:12:27 localhost kernel: evm: security.ima
Sep 27 17:12:27 localhost kernel: evm: security.capability
Sep 27 17:12:27 localhost kernel: evm: HMAC attrs: 0x1
Sep 27 17:12:27 localhost kernel: rtc_cmos 00:00: setting system clock to 2019-09-27 17:12:27 UTC (1569604347)
Sep 27 17:12:27 localhost kernel: Freeing unused kernel memory: 2344K
Sep 27 17:12:27 localhost kernel: Write protecting the kernel read-only data: 18432k
Sep 27 17:12:27 localhost kernel: Freeing unused kernel memory: 2020K
Sep 27 17:12:27 localhost kernel: Freeing unused kernel memory: 280K
Sep 27 17:12:27 localhost systemd[1]: systemd 239 running in system mode. (+PAM +AUDIT +SELINUX +IMA -APPARMOR +SMACK +SYSVINIT +UTMP +LIBCRYPTSETUP +GCRYPT +GNUTLS +ACL +XZ +LZ4 +SECCOMP +BLKID +ELFUTILS +KMOD +IDN2 -IDN +PCRE2 default-hierarchy=legacy)
Sep 27 17:12:27 localhost systemd[1]: Detected virtualization kvm.
Sep 27 17:12:27 localhost systemd[1]: Detected architecture x86-64.
Sep 27 17:12:27 localhost systemd[1]: Running in initial RAM disk.
Sep 27 17:12:27 localhost systemd[1]: No hostname configured.
Sep 27 17:12:27 localhost systemd[1]: Set hostname to <localhost>.
Sep 27 17:12:27 localhost systemd[1]: Initializing machine ID from KVM UUID.
Sep 27 17:12:27 localhost kernel: random: ln: uninitialized urandom read (6 bytes read)
Sep 27 17:12:27 localhost kernel: random: ln: uninitialized urandom read (6 bytes read)
Sep 27 17:12:27 localhost kernel: random: systemd: uninitialized urandom read (16 bytes read)
Sep 27 17:12:27 localhost systemd[1]: Reached target Swap.
Sep 27 17:12:27 localhost systemd[1]: Listening on Journal Socket (/dev/log).
Sep 27 17:12:27 localhost systemd[1]: Listening on Open-iSCSI iscsiuio Socket.
Sep 27 17:12:27 localhost kernel: Loading iSCSI transport class v2.0-870.
Sep 27 17:12:27 localhost systemd-journald[183]: Journal started
Sep 27 17:12:27 localhost systemd-journald[183]: Runtime journal (/run/log/journal/a29918aae9c94d83b3f872e6d7ae410e) is 8.0M, max 197.0M, 189.0M free.
Sep 27 17:12:27 localhost systemd[1]: Started Setup Virtual Console.
Sep 27 17:12:27 localhost systemd[1]: Started Create Static Device Nodes in /dev.
Sep 27 17:12:27 localhost systemd[1]: Starting dracut cmdline hook...
Sep 27 17:12:27 localhost dracut-cmdline[197]: dracut-8 (Core) dracut-049-10.git20190115.el8
Sep 27 17:12:27 localhost dracut-cmdline[197]: Using kernel command line parameters: method=http://mirror.centos.org/centos/8.0.1905/BaseOS/x86_64/kickstart/ ks=file:/ks.cfg
Sep 27 17:12:27 localhost kernel: BIOS EDD facility v0.16 2004-Jun-25, 1 devices found
Sep 27 17:12:27 localhost dracut-cmdline[197]: Loading CentOS Linux 8.0.1905 x86_64 installer...
Sep 27 17:12:27 localhost dracut-cmdline[197]: Warning: 'method=' is deprecated. Using 'repo=http://mirror.centos.org/centos/8.0.1905/BaseOS/x86_64/kickstart/' instead.
Sep 27 17:12:27 localhost dracut-cmdline[197]: anaconda: parsing kickstart /ks.cfg
Sep 27 17:12:28 localhost dracut-cmdline[197]: parse-kickstart WARNING: No device with link found for --device=link
Sep 27 17:12:28 localhost dracut-cmdline[197]: rd.luks=0: removing cryptoluks activation
Sep 27 17:12:28 localhost dracut-cmdline[197]: rd.lvm=0: removing LVM activation
Sep 27 17:12:28 localhost kernel: iscsi: registered transport (tcp)
Sep 27 17:12:28 localhost kernel: iscsi: registered transport (qla4xxx)
Sep 27 17:12:28 localhost kernel: QLogic iSCSI HBA Driver
Sep 27 17:12:28 localhost kernel: libcxgbi:libcxgbi_init_module: Chelsio iSCSI driver library libcxgbi v0.9.1-ko (Apr. 2015)
Sep 27 17:12:28 localhost kernel: Chelsio T4-T6 iSCSI Driver cxgb4i v0.9.5-ko (Apr. 2015)
Sep 27 17:12:28 localhost kernel: iscsi: registered transport (cxgb4i)
Sep 27 17:12:28 localhost kernel: cnic: QLogic cnicDriver v2.5.22 (July 20, 2015)
Sep 27 17:12:28 localhost kernel: QLogic NetXtreme II iSCSI Driver bnx2i v2.7.10.1 (Jul 16, 2014)
Sep 27 17:12:28 localhost kernel: iscsi: registered transport (bnx2i)
Sep 27 17:12:28 localhost kernel: iscsi: registered transport (be2iscsi)
Sep 27 17:12:28 localhost kernel: In beiscsi_module_init, tt=(____ptrval____)
Sep 27 17:12:28 localhost systemd[1]: Started dracut cmdline hook.
Sep 27 17:12:28 localhost systemd[1]: Starting dracut pre-udev hook...
Sep 27 17:12:28 localhost kernel: squashfs: version 4.0 (2009/01/31) Phillip Lougher
Sep 27 17:12:28 localhost dracut-pre-udev[451]: modprobe: FATAL: Module floppy not found in directory /lib/modules/4.18.0-80.el8.x86_64
Sep 27 17:12:28 localhost kernel: No iBFT detected.
Sep 27 17:12:28 localhost kernel: raid6: sse2x1   gen() 10812 MB/s
Sep 27 17:12:28 localhost kernel: raid6: sse2x1   xor()  7417 MB/s
Sep 27 17:12:28 localhost kernel: raid6: sse2x2   gen() 12691 MB/s
Sep 27 17:12:28 localhost kernel: raid6: sse2x2   xor()  8201 MB/s
Sep 27 17:12:28 localhost kernel: raid6: sse2x4   gen() 15042 MB/s
Sep 27 17:12:28 localhost kernel: raid6: sse2x4   xor()  9529 MB/s
Sep 27 17:12:28 localhost kernel: raid6: using algorithm sse2x4 gen() 15042 MB/s
Sep 27 17:12:28 localhost kernel: raid6: .... xor() 9529 MB/s, rmw enabled
Sep 27 17:12:28 localhost kernel: raid6: using intx1 recovery algorithm
Sep 27 17:12:28 localhost kernel: async_tx: api initialized (async)
Sep 27 17:12:28 localhost kernel: xor: measuring software checksum speed
Sep 27 17:12:28 localhost kernel:    prefetch64-sse: 18832.000 MB/sec
Sep 27 17:12:28 localhost kernel:    generic_sse: 16876.000 MB/sec
Sep 27 17:12:28 localhost kernel: xor: using function: prefetch64-sse (18832.000 MB/sec)
Sep 27 17:12:28 localhost kernel: device-mapper: uevent: version 1.0.3
Sep 27 17:12:28 localhost kernel: device-mapper: ioctl: 4.39.0-ioctl (2018-04-03) initialised: dm-devel@redhat.com
Sep 27 17:12:29 localhost kernel: device-mapper: multipath round-robin: version 1.2.0 loaded
Sep 27 17:12:29 localhost dracut-pre-udev[451]: modprobe: ERROR: could not insert 'sha256_mb': No such device
Sep 27 17:12:29 localhost kernel: RPC: Registered named UNIX socket transport module.
Sep 27 17:12:29 localhost kernel: RPC: Registered udp transport module.
Sep 27 17:12:29 localhost kernel: RPC: Registered tcp transport module.
Sep 27 17:12:29 localhost kernel: RPC: Registered tcp NFSv4.1 backchannel transport module.
Sep 27 17:12:29 localhost rpc.statd[663]: Version 2.3.3 starting
Sep 27 17:12:29 localhost rpc.statd[663]: Initializing NSM state
Sep 27 17:12:29 localhost rpc.statd[663]: Running as root.  chown /var/lib/nfs/statd to choose different user
Sep 27 17:12:29 localhost rpc.idmapd[668]: Setting log level to 0
Sep 27 17:12:29 localhost systemd[1]: Started dracut pre-udev hook.
Sep 27 17:12:29 localhost systemd[1]: Starting udev Kernel Device Manager...
Sep 27 17:12:29 localhost systemd[1]: Started udev Kernel Device Manager.
Sep 27 17:12:29 localhost systemd[1]: Starting dracut pre-trigger hook...
Sep 27 17:12:29 localhost lldpad[698]: config file failed to load,
Sep 27 17:12:29 localhost lldpad[698]: create a new file.
Sep 27 17:12:29 localhost lldpad[698]: bound ctrl iface to /com/intel/lldpad
Sep 27 17:12:29 localhost dracut-pre-trigger[689]: 699
Sep 27 17:12:29 localhost dracut-pre-trigger[689]: rd.md=0: removing MD RAID activation
Sep 27 17:12:29 localhost systemd[1]: Started dracut pre-trigger hook.
Sep 27 17:12:29 localhost systemd[1]: Starting udev Coldplug all Devices...
Sep 27 17:12:29 localhost systemd[1]: Mounting Kernel Configuration File System...
Sep 27 17:12:29 localhost systemd[1]: Mounted Kernel Configuration File System.
Sep 27 17:12:29 localhost systemd[1]: Started udev Coldplug all Devices.
Sep 27 17:12:29 localhost systemd[1]: Starting udev Wait for Complete Device Initialization...
Sep 27 17:12:29 localhost systemd[1]: Starting Show Plymouth Boot Screen...
Sep 27 17:12:29 localhost kernel: virtio_blk virtio1: [vda] 20971520 512-byte logical blocks (10.7 GB/10.0 GiB)
Sep 27 17:12:29 localhost systemd-udevd[782]: link_config: autonegotiation is unset or enabled, the speed and duplex are not writable.
Sep 27 17:12:29 localhost systemd[1]: Received SIGRTMIN+20 from PID 792 (plymouthd).
Sep 27 17:12:29 localhost systemd[1]: Started Show Plymouth Boot Screen.
Sep 27 17:12:29 localhost systemd[1]: Started Forward Password Requests to Plymouth Directory Watch.
Sep 27 17:12:29 localhost systemd[1]: Reached target Paths.
Sep 27 17:12:29 localhost systemd[1]: Reached target Local Encrypted Volumes.
Sep 27 17:12:29 localhost systemd-udevd[784]: link_config: autonegotiation is unset or enabled, the speed and duplex are not writable.
Sep 27 17:12:29 localhost kernel: virtio_net virtio0 ens3: renamed from eth0
Sep 27 17:12:29 localhost kernel: libata version 3.00 loaded.
Sep 27 17:12:29 localhost kernel: ata_piix 0000:00:01.1: version 2.13
Sep 27 17:12:29 localhost kernel: scsi host0: ata_piix
Sep 27 17:12:29 localhost kernel: scsi host1: ata_piix
Sep 27 17:12:29 localhost kernel: ata1: PATA max MWDMA2 cmd 0x1f0 ctl 0x3f6 bmdma 0xc0a0 irq 14
Sep 27 17:12:29 localhost kernel: ata2: PATA max MWDMA2 cmd 0x170 ctl 0x376 bmdma 0xc0a8 irq 15
Sep 27 17:12:29 localhost kernel: 8021q: 802.1Q VLAN Support v1.8
Sep 27 17:12:29 localhost kernel: [TTM] Zone  kernel: Available graphics memory: 2017580 kiB
Sep 27 17:12:29 localhost kernel: [TTM] Initializing pool allocator
Sep 27 17:12:29 localhost kernel: [TTM] Initializing DMA pool allocator
Sep 27 17:12:29 localhost kernel: [drm] fb mappable at 0xFC000000
Sep 27 17:12:29 localhost kernel: [drm] vram aper at 0xFC000000
Sep 27 17:12:29 localhost kernel: [drm] size 33554432
Sep 27 17:12:29 localhost kernel: [drm] fb depth is 24
Sep 27 17:12:29 localhost kernel: [drm]    pitch is 3072
Sep 27 17:12:29 localhost kernel: fbcon: cirrusdrmfb (fb0) is primary device
Sep 27 17:12:29 localhost kernel: pmd_set_huge: Cannot satisfy [mem 0xfc000000-0xfc200000] with a huge-page mapping due to MTRR override.
Sep 27 17:12:29 localhost kernel: Console: switching to colour frame buffer device 128x48
Sep 27 17:12:29 localhost kernel: cirrus 0000:00:02.0: fb0: cirrusdrmfb frame buffer device
Sep 27 17:12:29 localhost kernel: [drm] Initialized cirrus 1.0.0 20110418 for 0000:00:02.0 on minor 0
Sep 27 17:12:29 localhost systemd[1]: Started udev Wait for Complete Device Initialization.
Sep 27 17:12:29 localhost systemd[1]: Starting Device-Mapper Multipath Device Controller...
Sep 27 17:12:29 localhost systemd[1]: Started Device-Mapper Multipath Device Controller.
Sep 27 17:12:29 localhost systemd[1]: Reached target Local File Systems (Pre).
Sep 27 17:12:29 localhost systemd[1]: Reached target Local File Systems.
Sep 27 17:12:29 localhost systemd[1]: Starting Create Volatile Files and Directories...
Sep 27 17:12:29 localhost systemd[1]: Starting Open-iSCSI...
Sep 27 17:12:29 localhost multipathd[828]: --------start up--------
Sep 27 17:12:29 localhost multipathd[828]: read /etc/multipath.conf
Sep 27 17:12:29 localhost multipathd[828]: path checkers start up
Sep 27 17:12:29 localhost iscsid[830]: iSCSI logger with pid=836 started!
Sep 27 17:12:29 localhost systemd[1]: iscsid.service: Failed to parse PID from file /var/run/iscsid.pid: Invalid argument
Sep 27 17:12:29 localhost systemd[1]: Started Open-iSCSI.
Sep 27 17:12:29 localhost systemd[1]: Started Create Volatile Files and Directories.
Sep 27 17:12:29 localhost systemd[1]: Reached target System Initialization.
Sep 27 17:12:29 localhost systemd[1]: Reached target Basic System.
Sep 27 17:12:29 localhost systemd[1]: Starting dracut initqueue hook...
Sep 27 17:12:29 localhost systemd[1]: Reloading.
Sep 27 17:12:29 localhost kernel: IPv6: ADDRCONF(NETDEV_UP): ens3: link is not ready
Sep 27 17:12:29 localhost kernel: 8021q: adding VLAN 0 to HW filter on device ens3
Sep 27 17:12:29 localhost dracut-initqueue[841]: Starting dhcp for interface ens3
Sep 27 17:12:29 localhost dracut-initqueue[841]: dhcp: PREINIT ens3 up
Sep 27 17:12:29 localhost dhclient[924]: Created duid "\000\004\242\231\030\252\351\311M\203\263\370r\346\327\256A\016".
Sep 27 17:12:29 localhost dhclient[924]: DHCPDISCOVER on ens3 to 255.255.255.255 port 67 interval 4 (xid=0xb34a6e50)
Sep 27 17:12:30 localhost kernel: IPv6: ADDRCONF(NETDEV_CHANGE): ens3: link becomes ready
Sep 27 17:12:30 localhost iscsid[836]: iSCSI daemon with pid=837 started!
Sep 27 17:12:30 localhost iscsid[836]: can't open InitiatorName configuration file /etc/iscsi/initiatorname.iscsi
Sep 27 17:12:30 localhost iscsid[836]: Warning: InitiatorName file /etc/iscsi/initiatorname.iscsi does not exist or does not contain a properly formatted InitiatorName. If using software iscsi (iscsi_tcp or ib_iser) or partial offload (bnx2i or cxgbi iscsi), you may not be able to log into or
Sep 27 17:12:30 localhost iscsid[836]: can't open InitiatorAlias configuration file /etc/iscsi/initiatorname.iscsi
Sep 27 17:12:32 localhost dhclient[924]: DHCPREQUEST on ens3 to 255.255.255.255 port 67 (xid=0xb34a6e50)
Sep 27 17:12:32 localhost dhclient[924]: DHCPOFFER from 192.168.122.1
Sep 27 17:12:32 localhost dhclient[924]: DHCPACK from 192.168.122.1 (xid=0xb34a6e50)
Sep 27 17:12:32 localhost dracut-initqueue[841]: dhcp: BOND setting ens3
Sep 27 17:12:34 localhost dhclient[924]: bound to 192.168.122.185 -- renewal in 1379 seconds.
Sep 27 17:12:34 localhost dracut-initqueue[841]: RTNETLINK answers: File exists
Sep 27 17:12:35 localhost dracut-initqueue[841]: anaconda: stage2 locations are: http://mirror.centos.org/centos/8.0.1905/BaseOS/x86_64/kickstart/
Sep 27 17:12:35 localhost dracut-initqueue[841]: anaconda: fetching stage2 from http://mirror.centos.org/centos/8.0.1905/BaseOS/x86_64/kickstart/
Sep 27 17:12:35 localhost dracut-initqueue[841]: Warning: can't find installer main image path in .treeinfo
Sep 27 17:12:35 localhost dracut-initqueue[841]:   % Total    % Received % Xferd  Average Speed   Time    Time     Time  Current
Sep 27 17:12:35 localhost dracut-initqueue[841]:                                  Dload  Upload   Total   Spent    Left  Speed
Sep 27 17:12:35 localhost kernel: random: fast init done
Sep 27 17:12:37 localhost kernel: random: crng init done
Sep 27 17:12:37 localhost kernel: random: 7 urandom warning(s) missed due to ratelimiting
Sep 27 17:12:39 localhost dracut-initqueue[841]: [474B blob data]
Sep 27 17:12:39 localhost dracut-initqueue[841]: anaconda: successfully fetched stage2 from http://mirror.centos.org/centos/8.0.1905/BaseOS/x86_64/kickstart/
Sep 27 17:12:39 localhost kernel: loop: module loaded
Sep 27 17:12:39 localhost systemd[1]: Started dracut initqueue hook.
Sep 27 17:12:39 localhost systemd[1]: Reached target Remote File Systems (Pre).
Sep 27 17:12:39 localhost systemd[1]: Reached target Remote File Systems.
Sep 27 17:12:39 localhost systemd[1]: Starting dracut pre-mount hook...
Sep 27 17:12:39 localhost systemd[1]: Started dracut pre-mount hook.
Sep 27 17:12:39 localhost systemd[1]: Reached target Initrd Root File System.
Sep 27 17:12:39 localhost systemd[1]: Starting Reload Configuration from the Real Root...
Sep 27 17:12:39 localhost systemd[1]: Reloading.
Sep 27 17:12:39 localhost systemd[1]: Started Reload Configuration from the Real Root.
Sep 27 17:12:39 localhost systemd[1]: Starting dracut mount hook...
Sep 27 17:12:39 localhost systemd[1]: Reached target Initrd File Systems.
Sep 27 17:12:39 localhost systemd[1]: Reached target Initrd Default Target.
Sep 27 17:12:39 localhost kernel: EXT4-fs (dm-0): mounted filesystem with ordered data mode. Opts: (null)
Sep 27 17:12:39 localhost systemd[1]: Started dracut mount hook.
Sep 27 17:12:39 localhost systemd[1]: Starting dracut pre-pivot and cleanup hook...
Sep 27 17:12:41 localhost systemd[1]: Started dracut pre-pivot and cleanup hook.
Sep 27 17:12:41 localhost systemd[1]: Starting Cleaning Up and Shutting Down Daemons...
Sep 27 17:12:41 localhost systemd[1]: Stopped dracut pre-pivot and cleanup hook.
Sep 27 17:12:41 localhost systemd[1]: Starting Setup Virtual Console...
Sep 27 17:12:41 localhost systemd[1]: Stopped target Remote File Systems.
Sep 27 17:12:41 localhost systemd[1]: Stopped target Timers.
Sep 27 17:12:41 localhost systemd[1]: Stopped target Remote File Systems (Pre).
Sep 27 17:12:41 localhost systemd[1]: Stopped target Initrd Default Target.
Sep 27 17:12:41 localhost systemd[1]: Stopped target Basic System.
Sep 27 17:12:41 localhost systemd[1]: Stopped target Paths.
Sep 27 17:12:41 localhost systemd[1]: Stopped target System Initialization.
Sep 27 17:12:41 localhost systemd[1]: Stopped Create Volatile Files and Directories.
Sep 27 17:12:41 localhost systemd[1]: Stopped target Swap.
Sep 27 17:12:41 localhost systemd[1]: Stopped target Local File Systems.
Sep 27 17:12:41 localhost systemd[1]: Stopped target Local File Systems (Pre).
Sep 27 17:12:41 localhost systemd[1]: Stopped target Slices.
Sep 27 17:12:41 localhost systemd[1]: Stopped target Initrd Root Device.
Sep 27 17:12:41 localhost systemd[1]: Starting Plymouth switch root service...
Sep 27 17:12:41 localhost systemd[1]: Stopped Apply Kernel Variables.
Sep 27 17:12:41 localhost systemd[1]: Stopped dracut mount hook.
Sep 27 17:12:41 localhost systemd[1]: Stopped dracut pre-mount hook.
Sep 27 17:12:41 localhost systemd[1]: Stopped target Local Encrypted Volumes.
Sep 27 17:12:41 localhost systemd[1]: Stopped dracut initqueue hook.
Sep 27 17:12:41 localhost systemd[1]: Stopping Open-iSCSI...
Sep 27 17:12:41 localhost systemd[1]: Stopped target Sockets.
Sep 27 17:12:41 localhost systemd[1]: Started Setup Virtual Console.
Sep 27 17:12:41 localhost iscsid[836]: iscsid shutting down.
Sep 27 17:12:41 localhost systemd[1]: Stopped Open-iSCSI.
Sep 27 17:12:41 localhost systemd[1]: Stopping iSCSI UserSpace I/O driver...
Sep 27 17:12:41 localhost systemd[1]: Stopping Device-Mapper Multipath Device Controller...
Sep 27 17:12:41 localhost systemd[1]: Closed Open-iSCSI iscsid Socket.
Sep 27 17:12:41 localhost systemd[1]: Stopped iSCSI UserSpace I/O driver.
Sep 27 17:12:41 localhost systemd[1]: Started Cleaning Up and Shutting Down Daemons.
Sep 27 17:12:41 localhost systemd[1]: Started Plymouth switch root service.
Sep 27 17:12:41 localhost systemd[1]: Closed Open-iSCSI iscsiuio Socket.
Sep 27 17:12:41 localhost multipathd[1434]: ok
Sep 27 17:12:41 localhost multipathd[828]: --------shut down-------
Sep 27 17:12:41 localhost systemd[1]: Stopped Device-Mapper Multipath Device Controller.
Sep 27 17:12:41 localhost systemd[1]: Stopped udev Wait for Complete Device Initialization.
Sep 27 17:12:41 localhost systemd[1]: Stopped udev Coldplug all Devices.
Sep 27 17:12:41 localhost systemd[1]: Stopped dracut pre-trigger hook.
Sep 27 17:12:41 localhost systemd[1]: Stopping udev Kernel Device Manager...
Sep 27 17:12:41 localhost systemd[1]: Stopped udev Kernel Device Manager.
Sep 27 17:12:41 localhost systemd[1]: Stopped Create Static Device Nodes in /dev.
Sep 27 17:12:41 localhost systemd[1]: Stopped Create list of required static device nodes for the current kernel.
Sep 27 17:12:41 localhost systemd[1]: Stopped dracut pre-udev hook.
Sep 27 17:12:41 localhost systemd[1]: Stopped dracut cmdline hook.
Sep 27 17:12:41 localhost systemd[1]: Closed udev Control Socket.
Sep 27 17:12:41 localhost systemd[1]: Closed udev Kernel Socket.
Sep 27 17:12:41 localhost systemd[1]: Starting Cleanup udevd DB...
Sep 27 17:12:41 localhost systemd[1]: Started Cleanup udevd DB.
Sep 27 17:12:41 localhost systemd[1]: Reached target Switch Root.
Sep 27 17:12:41 localhost systemd[1]: Starting Switch Root...
Sep 27 17:12:41 localhost systemd[1]: Switching root.
Sep 27 17:12:41 localhost systemd-journald[183]: Journal stopped
Sep 27 17:12:42 localhost systemd-journald[183]: Received SIGTERM from PID 1 (systemd).
Sep 27 17:12:42 localhost kernel: systemd: 18 output lines suppressed due to ratelimiting
Sep 27 17:12:42 localhost kernel: SELinux: 32768 avtab hash slots, 116761 rules.
Sep 27 17:12:42 localhost kernel: SELinux: 32768 avtab hash slots, 116761 rules.
Sep 27 17:12:42 localhost kernel: SELinux:  8 users, 14 roles, 5165 types, 324 bools, 1 sens, 1024 cats
Sep 27 17:12:42 localhost kernel: SELinux:  129 classes, 116761 rules
Sep 27 17:12:42 localhost kernel: SELinux:  Class bpf not defined in policy.
Sep 27 17:12:42 localhost kernel: SELinux:  Class xdp_socket not defined in policy.
Sep 27 17:12:42 localhost kernel: SELinux: the above unknown classes and permissions will be allowed
Sep 27 17:12:42 localhost kernel: SELinux:  policy capability network_peer_controls=1
Sep 27 17:12:42 localhost kernel: SELinux:  policy capability open_perms=1
Sep 27 17:12:42 localhost kernel: SELinux:  policy capability extended_socket_class=1
Sep 27 17:12:42 localhost kernel: SELinux:  policy capability always_check_network=0
Sep 27 17:12:42 localhost kernel: SELinux:  policy capability cgroup_seclabel=1
Sep 27 17:12:42 localhost kernel: SELinux:  policy capability nnp_nosuid_transition=1
Sep 27 17:12:42 localhost kernel: SELinux:  Completing initialization.
Sep 27 17:12:42 localhost kernel: SELinux:  Setting up existing superblocks.
Sep 27 17:12:42 localhost kernel: audit: type=1403 audit(1569604362.227:2): auid=4294967295 ses=4294967295 lsm=selinux res=1
Sep 27 17:12:42 localhost systemd[1]: Successfully loaded SELinux policy in 554.438ms.
Sep 27 17:12:42 localhost systemd[1]: Relabelled /dev, /run and /sys/fs/cgroup in 26.466ms.
Sep 27 17:12:42 localhost systemd[1]: systemd 239 running in system mode. (+PAM +AUDIT +SELINUX +IMA -APPARMOR +SMACK +SYSVINIT +UTMP +LIBCRYPTSETUP +GCRYPT +GNUTLS +ACL +XZ +LZ4 +SECCOMP +BLKID +ELFUTILS +KMOD +IDN2 -IDN +PCRE2 default-hierarchy=legacy)
Sep 27 17:12:42 localhost systemd[1]: Detected virtualization kvm.
Sep 27 17:12:42 localhost systemd[1]: Detected architecture x86-64.
Sep 27 17:12:42 localhost systemd[1]: Stopped Switch Root.
Sep 27 17:12:42 localhost systemd[1]: systemd-journald.service: Service has no hold-off time (RestartSec=0), scheduling restart.
Sep 27 17:12:42 localhost systemd[1]: systemd-journald.service: Scheduled restart job, restart counter is at 1.
Sep 27 17:12:42 localhost systemd[1]: Stopped Journal Service.
Sep 27 17:12:42 localhost systemd[1]: Starting Journal Service...
Sep 27 17:12:42 localhost systemd[1]: Created slice system-anaconda\x2dtmux.slice.
Sep 27 17:12:42 localhost systemd[1]: Starting Create list of required static device nodes for the current kernel...
Sep 27 17:12:42 localhost systemd-journald[1472]: Journal started
Sep 27 17:12:42 localhost systemd-journald[1472]: Runtime journal (/run/log/journal/b0e8ee0371cf4016937bcaf7a0ac2e5a) is 8.0M, max 197.0M, 189.0M free.
Sep 27 17:12:42 localhost systemd[1]: Started Create list of required static device nodes for the current kernel.
Sep 27 17:12:42 localhost systemd[1]: Mounted Kernel Debug File System.
Sep 27 17:12:42 localhost systemd[1]: Started Remount Root and Kernel File Systems.
Sep 27 17:12:42 localhost systemd[1]: Started Apply Kernel Variables.
Sep 27 17:12:42 localhost systemd[1]: Mounted POSIX Message Queue File System.
Sep 27 17:12:42 localhost systemd[1]: Mounted Temporary Directory (/tmp).
Sep 27 17:12:42 localhost systemd[1]: Mounted Huge Pages File System.
Sep 27 17:12:42 localhost systemd[1]: Starting Rebuild Hardware Database...
Sep 27 17:12:42 localhost systemd[1]: Starting Load/Save Random Seed...
Sep 27 17:12:42 localhost systemd[1]: Starting Create System Users...
Sep 27 17:12:42 localhost systemd[1]: Starting Flush Journal to Persistent Storage...
Sep 27 17:12:42 localhost systemd[1]: Started Load/Save Random Seed.
Sep 27 17:12:42 localhost systemd-journald[1472]: Runtime journal (/run/log/journal/b0e8ee0371cf4016937bcaf7a0ac2e5a) is 8.0M, max 197.0M, 189.0M free.
Sep 27 17:12:43 localhost systemd[1]: Started Flush Journal to Persistent Storage.
Sep 27 17:12:43 localhost systemd[1]: Started Create System Users.
Sep 27 17:12:43 localhost systemd[1]: Starting Create Static Device Nodes in /dev...
Sep 27 17:12:43 localhost systemd-tmpfiles[1501]: [/usr/lib/tmpfiles.d/mdadm.conf:1] Line references path below legacy directory /var/run/, updating /var/run/mdadm  /run/mdadm; please update the tmpfiles.d/ drop-in file accordingly.
Sep 27 17:12:43 localhost systemd-tmpfiles[1501]: [/usr/lib/tmpfiles.d/spice-vdagentd.conf:2] Line references path below legacy directory /var/run/, updating /var/run/spice-vdagentd  /run/spice-vdagentd; please update the tmpfiles.d/ drop-in file accordingly.
Sep 27 17:12:43 localhost systemd[1]: Started udev Coldplug all Devices.
Sep 27 17:12:43 localhost systemd[1]: Starting udev Wait for Complete Device Initialization...
Sep 27 17:12:43 localhost systemd[1]: Started Create Static Device Nodes in /dev.
Sep 27 17:12:43 localhost systemd[1]: Started Setup Virtual Console.
Sep 27 17:12:43 localhost systemd[1]: Started Rebuild Hardware Database.
Sep 27 17:12:43 localhost systemd[1]: Starting udev Kernel Device Manager...
Sep 27 17:12:43 localhost systemd[1]: Started udev Kernel Device Manager.
Sep 27 17:12:43 localhost kernel: piix4_smbus 0000:00:01.3: SMBus Host Controller at 0x700, revision 0
Sep 27 17:12:43 localhost systemd-udevd[1521]: link_config: autonegotiation is unset or enabled, the speed and duplex are not writable.
Sep 27 17:12:43 localhost kernel: input: PC Speaker as /devices/platform/pcspkr/input/input5
Sep 27 17:12:43 localhost systemd-udevd[1520]: link_config: autonegotiation is unset or enabled, the speed and duplex are not writable.
Sep 27 17:12:43 localhost systemd[1]: Started udev Wait for Complete Device Initialization.
Sep 27 17:12:43 localhost systemd[1]: Starting Device-Mapper Multipath Device Controller...
Sep 27 17:12:43 localhost multipathd[1560]: --------start up--------
Sep 27 17:12:43 localhost multipathd[1560]: read /etc/multipath.conf
Sep 27 17:12:43 localhost multipathd[1560]: path checkers start up
Sep 27 17:12:43 localhost systemd[1]: Started Device-Mapper Multipath Device Controller.
Sep 27 17:12:43 localhost systemd[1]: Reached target Local File Systems (Pre).
Sep 27 17:12:43 localhost systemd[1]: Reached target Local File Systems.
Sep 27 17:12:43 localhost systemd[1]: Starting Tell Plymouth To Write Out Runtime Data...
Sep 27 17:12:43 localhost systemd[1]: Starting Rebuild Dynamic Linker Cache...
Sep 27 17:12:43 localhost systemd[1]: Starting Import network configuration from initramfs...
Sep 27 17:12:43 localhost systemd[1]: Starting Rebuild Journal Catalog...
Sep 27 17:12:43 localhost systemd[1]: Started Tell Plymouth To Write Out Runtime Data.
Sep 27 17:12:43 localhost systemd[1]: Started Rebuild Journal Catalog.
Sep 27 17:12:43 localhost systemd[1]: Started Import network configuration from initramfs.
Sep 27 17:12:43 localhost systemd[1]: Starting Create Volatile Files and Directories...
Sep 27 17:12:43 localhost systemd-tmpfiles[1589]: [/usr/lib/tmpfiles.d/mdadm.conf:1] Line references path below legacy directory /var/run/, updating /var/run/mdadm  /run/mdadm; please update the tmpfiles.d/ drop-in file accordingly.
Sep 27 17:12:43 localhost systemd-tmpfiles[1589]: [/usr/lib/tmpfiles.d/spice-vdagentd.conf:2] Line references path below legacy directory /var/run/, updating /var/run/spice-vdagentd  /run/spice-vdagentd; please update the tmpfiles.d/ drop-in file accordingly.
Sep 27 17:12:43 localhost systemd[1]: Started Create Volatile Files and Directories.
Sep 27 17:12:43 localhost systemd[1]: Starting Update UTMP about System Boot/Shutdown...
Sep 27 17:12:43 localhost systemd[1]: Started Update UTMP about System Boot/Shutdown.
Sep 27 17:12:45 localhost systemd[1]: Started Rebuild Dynamic Linker Cache.
Sep 27 17:12:45 localhost systemd[1]: Starting Update is Completed...
Sep 27 17:12:45 localhost systemd[1]: Started Update is Completed.
Sep 27 17:12:45 localhost systemd[1]: Reached target System Initialization.
Sep 27 17:12:45 localhost systemd[1]: Started Daily Cleanup of Temporary Directories.
Sep 27 17:12:45 localhost systemd[1]: Reached target Timers.
Sep 27 17:12:45 localhost systemd[1]: Listening on Open-iSCSI iscsid Socket.
Sep 27 17:12:45 localhost systemd[1]: Listening on D-Bus System Message Bus Socket.
Sep 27 17:12:45 localhost systemd[1]: Listening on Open-iSCSI iscsiuio Socket.
Sep 27 17:12:45 localhost systemd[1]: Listening on Activation socket for spice guest agent daemon.
Sep 27 17:12:45 localhost systemd[1]: Reached target Sockets.
Sep 27 17:12:45 localhost systemd[1]: Reached target Basic System.
Sep 27 17:12:45 localhost systemd[1]: Starting Login Service...
Sep 27 17:12:45 localhost systemd[1]: Starting pre-anaconda logging service...
Sep 27 17:12:45 localhost systemd[1]: Starting Hold until boot process finishes up...
Sep 27 17:12:45 localhost systemd[1]: Starting OpenSSH rsa Server Key Generation...
Sep 27 17:12:45 localhost systemd[1]: Starting OpenSSH ed25519 Server Key Generation...
Sep 27 17:12:45 localhost systemd[1]: Starting Service enabling compressing RAM with zRam...
Sep 27 17:12:45 localhost systemd[1]: Starting Terminate Plymouth Boot Screen...
Sep 27 17:12:45 localhost systemd[1]: Started Hardware RNG Entropy Gatherer Daemon.
Sep 27 17:12:45 localhost systemd[1]: Starting OpenSSH ecdsa Server Key Generation...
Sep 27 17:12:45 localhost systemd[1]: Starting Anaconda NetworkManager configuration...
Sep 27 17:12:45 localhost zramswapon[1603]: + MAX_RAM_ON=2097152
Sep 27 17:12:45 localhost zramswapon[1603]: ++ grep MemTotal /proc/meminfo
Sep 27 17:12:45 localhost zramswapon[1603]: ++ grep -E --only-matching '[[:digit:]]+'
Sep 27 17:12:45 localhost zramswapon[1603]: + mem_total_kb=4035160
Sep 27 17:12:45 localhost zramswapon[1603]: + grep -E 'inst\.zram=(on|1)' /proc/cmdline
Sep 27 17:12:45 localhost zramswapon[1603]: + force=1
Sep 27 17:12:45 localhost zramswapon[1603]: + '[' '(' 4035160 -gt 2097152 ')' -a '(' 1 '!=' 0 ')' ']'
Sep 27 17:12:45 localhost zramswapon[1603]: + exit 0
Sep 27 17:12:45 localhost systemd[1]: Started Service enabling compressing RAM with zRam.
Sep 27 17:12:45 localhost systemd[1]: Received SIGRTMIN+21 from PID 792 (plymouthd).
Sep 27 17:12:45 localhost systemd[1]: Started pre-anaconda logging service.
Sep 27 17:12:45 localhost systemd[1]: Started Hold until boot process finishes up.
Sep 27 17:12:45 localhost systemd[1]: Started Terminate Plymouth Boot Screen.
Sep 27 17:12:45 localhost rngd[1607]: Initalizing available sources
Sep 27 17:12:45 localhost rngd[1607]: Failed to init entropy source hwrng
Sep 27 17:12:45 localhost rngd[1607]: Failed to init entropy source rdrand
Sep 27 17:12:45 localhost systemd[1]: Started Anaconda NetworkManager configuration.
Sep 27 17:12:45 localhost systemd[1]: Starting Network Manager...
Sep 27 17:12:45 localhost systemd-logind[1597]: New seat seat0.
Sep 27 17:12:45 localhost systemd[1]: Started D-Bus System Message Bus.
Sep 27 17:12:45 localhost systemd-logind[1597]: Watching system buttons on /dev/input/event0 (Power Button)
Sep 27 17:12:45 localhost systemd-logind[1597]: Watching system buttons on /dev/input/event1 (AT Translated Set 2 keyboard)
Sep 27 17:12:45 localhost systemd[1]: Started Login Service.
Sep 27 17:12:45 localhost systemd[1]: Started OpenSSH ed25519 Server Key Generation.
Sep 27 17:12:45 localhost systemd[1]: Started OpenSSH ecdsa Server Key Generation.
Sep 27 17:12:45 localhost NetworkManager[1627]: <debug> [1569604365.8381] monotonic timestamp started counting 1.517529381 seconds ago with an offset of 21.0 seconds to CLOCK_BOOTTIME (local time is 2019-09-27 17:12:45)
Sep 27 17:12:45 localhost NetworkManager[1627]: <info>  [1569604365.8381] NetworkManager (version 1.14.0-14.el8) is starting... (for the first time)
Sep 27 17:12:45 localhost NetworkManager[1627]: <info>  [1569604365.8381] Read config: /etc/NetworkManager/NetworkManager.conf (run: 10-dracut-dhclient.conf) (etc: 80-anaconda-no-ibft.conf, 90-anaconda-no-auto-default.conf, 91-anaconda-autoconnect-slaves.conf, 92-anaconda-loglevel-debug.conf)
Sep 27 17:12:45 localhost NetworkManager[1627]: <debug> [1569604365.8382] CONFIG: config-data[0x55c49952b040]: 3 groups
Sep 27 17:12:45 localhost NetworkManager[1627]: <debug> [1569604365.8382] CONFIG: 
Sep 27 17:12:45 localhost NetworkManager[1627]: <debug> [1569604365.8382] CONFIG: [main]
Sep 27 17:12:45 localhost NetworkManager[1627]: <debug> [1569604365.8382] CONFIG:   dhcp=dhclient
Sep 27 17:12:45 localhost NetworkManager[1627]: <debug> [1569604365.8382] CONFIG:   plugins=ifcfg-rh,ibft,no-ibft
Sep 27 17:12:45 localhost NetworkManager[1627]: <debug> [1569604365.8382] CONFIG:   no-auto-default=*
Sep 27 17:12:45 localhost NetworkManager[1627]: <debug> [1569604365.8383] CONFIG: 
Sep 27 17:12:45 localhost NetworkManager[1627]: <debug> [1569604365.8383] CONFIG: [logging]
Sep 27 17:12:45 localhost NetworkManager[1627]: <debug> [1569604365.8383] CONFIG:   level=DEBUG
Sep 27 17:12:45 localhost NetworkManager[1627]: <debug> [1569604365.8383] CONFIG: 
Sep 27 17:12:45 localhost NetworkManager[1627]: <debug> [1569604365.8383] CONFIG: [connection]
Sep 27 17:12:45 localhost NetworkManager[1627]: <debug> [1569604365.8383] CONFIG:   connection.autoconnect-slaves=1
Sep 27 17:12:45 localhost NetworkManager[1627]: <debug> [1569604365.8383] config: state: missing state file "/var/lib/NetworkManager/NetworkManager.state": No such file or directory
Sep 27 17:12:45 localhost NetworkManager[1627]: <debug> [1569604365.8383] WEXT support is disabled
Sep 27 17:12:45 localhost NetworkManager[1627]: <debug> [1569604365.8385] platform-linux: create (ignore netns, initial netns, use udev)
Sep 27 17:12:45 localhost NetworkManager[1627]: <debug> [1569604365.8390] platform-linux: Netlink socket for events established: port=1627, fd=8
Sep 27 17:12:45 localhost NetworkManager[1627]: <debug> [1569604365.8390] platform-linux: populate platform cache
Sep 27 17:12:45 localhost NetworkManager[1627]: <debug> [1569604365.8391] platform-linux: kernel-support: IFLA_INET6_ADDR_GEN_MODE: detected
Sep 27 17:12:45 localhost NetworkManager[1627]: <debug> [1569604365.8393] platform: signal: link   added: 1: lo <UP,LOWER_UP;loopback,up,running,lowerup> mtu 65536 arp 772 loopback? not-init addrgenmode eui64 addr 00:00:00:00:00:00 driver unknown rx:6,416 tx:6,416
Sep 27 17:12:45 localhost NetworkManager[1627]: <debug> [1569604365.8394] platform: signal: link   added: 2: ens3 <UP,LOWER_UP;broadcast,multicast,up,running,lowerup> mtu 1500 arp 1 ethernet? not-init addrgenmode eui64 addr 52:54:00:AB:D9:CD driver virtio_net rx:26168,472300093 tx:21594,1426741
Sep 27 17:12:45 localhost NetworkManager[1627]: <debug> [1569604365.8395] platform: signal: address 4   added: 127.0.0.1/8 lft forever pref forever lifetime 1-0[4294967295,4294967295] dev 1 flags permanent src kernel
Sep 27 17:12:45 localhost NetworkManager[1627]: <debug> [1569604365.8396] platform: signal: address 4   added: 192.168.122.185/24 lft 3589sec pref 3589sec lifetime 1-1[3589,3589] dev 2 src kernel
Sep 27 17:12:45 localhost NetworkManager[1627]: <debug> [1569604365.8396] platform: signal: address 6   added: ::1/128 lft forever pref forever lifetime 1-0[4294967295,4294967295] dev 1 flags permanent src kernel
Sep 27 17:12:45 localhost NetworkManager[1627]: <debug> [1569604365.8396] platform: signal: address 6   added: fe80::5054:ff:feab:d9cd/64 lft forever pref forever lifetime 1-0[4294967295,4294967295] dev 2 flags permanent src kernel
Sep 27 17:12:45 localhost NetworkManager[1627]: <debug> [1569604365.8397] platform: signal: route   4   added: 0.0.0.0/0 via 192.168.122.1 dev 2 metric 0 mss 0 rt-src rt-boot scope global
Sep 27 17:12:45 localhost NetworkManager[1627]: <debug> [1569604365.8397] platform: signal: route   4   added: 192.168.122.0/24 via 0.0.0.0 dev 2 metric 0 mss 0 rt-src rt-kernel scope link pref-src 192.168.122.185
Sep 27 17:12:45 localhost NetworkManager[1627]: <debug> [1569604365.8397] platform-linux: kernel-support: RTA_PREF: ability to set router preference for IPv6 routes: detected
Sep 27 17:12:45 localhost NetworkManager[1627]: <debug> [1569604365.8397] platform: signal: route   6   added: ::1/128 via :: dev 1 metric 256 mss 0 rt-src rt-kernel
Sep 27 17:12:45 localhost NetworkManager[1627]: <debug> [1569604365.8397] platform: signal: route   6   added: fe80::/64 via :: dev 2 metric 256 mss 0 rt-src rt-kernel
Sep 27 17:12:45 localhost NetworkManager[1627]: <debug> [1569604365.8398] platform: signal: route   6   added: table 255 ff00::/8 via :: dev 2 metric 256 mss 0 rt-src rt-boot
Sep 27 17:12:45 localhost NetworkManager[1627]: <debug> [1569604365.8398] platform: signal: qdisc   added: noqueue dev 1 family 0 handle 0 parent ffffffff info 2
Sep 27 17:12:45 localhost NetworkManager[1627]: <debug> [1569604365.8398] platform: signal: qdisc   added: fq_codel dev 2 family 0 handle 0 parent ffffffff info 2
Sep 27 17:12:45 localhost NetworkManager[1627]: <debug> [1569604365.8411] platform: signal: link changed: 2: ens3 <UP,LOWER_UP;broadcast,multicast,up,running,lowerup> mtu 1500 arp 1 ethernet? init addrgenmode eui64 addr 52:54:00:AB:D9:CD driver virtio_net rx:26168,472300093 tx:21594,1426741
Sep 27 17:12:45 localhost NetworkManager[1627]: <debug> [1569604365.8413] platform: signal: link changed: 1: lo <UP,LOWER_UP;loopback,up,running,lowerup> mtu 65536 arp 772 loopback? init addrgenmode eui64 addr 00:00:00:00:00:00 driver unknown rx:6,416 tx:6,416
Sep 27 17:12:45 localhost NetworkManager[1627]: <debug> [1569604365.8414] setup NMPlatform singleton (0x55c499509120, NMLinuxPlatform)
Sep 27 17:12:45 localhost NetworkManager[1627]: <debug> [1569604365.8414] create NMNetns singleton (0x55c499539cc0)
Sep 27 17:12:45 localhost NetworkManager[1627]: <debug> [1569604365.8415] auth[0x55c49952c4f0]: create auth-manager: polkit enabled
Sep 27 17:12:45 localhost NetworkManager[1627]: <debug> [1569604365.8418] auth[0x55c49952c4f0]: set instance
Sep 27 17:12:45 localhost NetworkManager[1627]: <debug> [1569604365.8418] setup NMAuthManager singleton (0x55c49952c4f0)
Sep 27 17:12:45 localhost NetworkManager[1627]: <debug> [1569604365.8419] create NMDBusManager singleton (0x55c49953b020)
Sep 27 17:12:45 localhost systemd[1]: Started Network Manager.
Sep 27 17:12:45 localhost NetworkManager[1627]: <info>  [1569604365.8547] bus-manager: acquired D-Bus service "org.freedesktop.NetworkManager"
Sep 27 17:12:45 localhost systemd[1]: Reached target Network.
Sep 27 17:12:45 localhost systemd[1]: Started Logout off all iSCSI sessions on shutdown.
Sep 27 17:12:45 localhost systemd[1]: Reached target Remote File Systems (Pre).
Sep 27 17:12:45 localhost systemd[1]: Starting Network Manager Wait Online...
Sep 27 17:12:45 localhost NetworkManager[1627]: <info>  [1569604365.8665] manager[0x55c499551000]: monitoring kernel firmware directory '/lib/firmware'.
Sep 27 17:12:45 localhost NetworkManager[1627]: <debug> [1569604365.8710] session-monitor: using systemd-logind session tracking
Sep 27 17:12:45 localhost NetworkManager[1627]: <debug> [1569604365.8710] create NMSessionMonitor singleton (0x7fbeb8009550)
Sep 27 17:12:45 localhost NetworkManager[1627]: <debug> [1569604365.8710] create NMAgentManager singleton (0x55c49953ce90)
Sep 27 17:12:45 localhost dbus-daemon[1628]: [system] Activating via systemd: service name='org.freedesktop.hostname1' unit='dbus-org.freedesktop.hostname1.service' requested by ':1.2' (uid=0 pid=1627 comm="/usr/sbin/NetworkManager --no-daemon " label="system_u:system_r:kernel_t:s0")
Sep 27 17:12:45 localhost systemd[1]: Starting Hostname Service...
Sep 27 17:12:45 localhost systemd[1]: Started OpenSSH rsa Server Key Generation.
Sep 27 17:12:45 localhost systemd[1]: Reached target sshd-keygen.target.
Sep 27 17:12:46 localhost dbus-daemon[1628]: [system] Successfully activated service 'org.freedesktop.hostname1'
Sep 27 17:12:46 localhost systemd[1]: Started Hostname Service.
Sep 27 17:12:46 localhost NetworkManager[1627]: <info>  [1569604366.0021] hostname: hostname: using hostnamed
Sep 27 17:12:46 localhost NetworkManager[1627]: <debug> [1569604366.0021] create NMHostnameManager singleton (0x55c49952cca0)
Sep 27 17:12:46 localhost NetworkManager[1627]: <debug> [1569604366.0024] create NMFirewallManager singleton (0x55c499555040)
Sep 27 17:12:46 localhost NetworkManager[1627]: <info>  [1569604366.0024] dns-mgr[0x55c49955c930]: init: dns=default, rc-manager=symlink
Sep 27 17:12:46 localhost NetworkManager[1627]: <debug> [1569604366.0025] create NMDnsManager singleton (0x55c49955c930)
Sep 27 17:12:46 localhost NetworkManager[1627]: <debug> [1569604366.0025] policy: hostname-mode: full
Sep 27 17:12:46 localhost NetworkManager[1627]: <debug> [1569604366.0028] manager: setup NMManager singleton (0x55c499551000)
Sep 27 17:12:46 localhost NetworkManager[1627]: <debug> [1569604366.0054] create NMConnectivity singleton (0x55c49955ac20)
Sep 27 17:12:46 localhost NetworkManager[1627]: <debug> [1569604366.0065] dispatcher: default script directory '/etc/NetworkManager/dispatcher.d' has scripts
Sep 27 17:12:46 localhost NetworkManager[1627]: <debug> [1569604366.0066] dispatcher: pre-up script directory '/etc/NetworkManager/dispatcher.d/pre-up.d' has no scripts
Sep 27 17:12:46 localhost NetworkManager[1627]: <debug> [1569604366.0067] dispatcher: pre-down script directory '/etc/NetworkManager/dispatcher.d/pre-down.d' has no scripts
Sep 27 17:12:46 localhost dbus-daemon[1628]: [system] Activating via systemd: service name='org.freedesktop.nm_dispatcher' unit='dbus-org.freedesktop.nm-dispatcher.service' requested by ':1.2' (uid=0 pid=1627 comm="/usr/sbin/NetworkManager --no-daemon " label="system_u:system_r:kernel_t:s0")
Sep 27 17:12:46 localhost systemd[1]: Starting Network Manager Script Dispatcher Service...
Sep 27 17:12:46 localhost dbus-daemon[1628]: [system] Successfully activated service 'org.freedesktop.nm_dispatcher'
Sep 27 17:12:46 localhost systemd[1]: Started Network Manager Script Dispatcher Service.
Sep 27 17:12:46 localhost NetworkManager[1627]: <debug> [1569604366.0663] create SettingsPluginIfcfg singleton (0x55c499568cc0)
Sep 27 17:12:46 localhost NetworkManager[1627]: <info>  [1569604366.0664] settings: Loaded settings plugin: SettingsPluginIfcfg ("/usr/lib64/NetworkManager/1.14.0-14.el8/libnm-settings-plugin-ifcfg-rh.so")
Sep 27 17:12:46 localhost NetworkManager[1627]: <info>  [1569604366.0664] settings: Loaded settings plugin: NMSKeyfilePlugin (internal)
Sep 27 17:12:46 localhost NetworkManager[1627]: <debug> [1569604366.0665] ifcfg-rh: loading from file "/etc/sysconfig/network-scripts/ifcfg-ens3"...
Sep 27 17:12:46 localhost NetworkManager[1627]: <debug> [1569604366.0707] settings-connection[0x55c4995860e0]: constructed (NMIfcfgConnection)
Sep 27 17:12:46 localhost NetworkManager[1627]: <info>  [1569604366.0714] ifcfg-rh: new connection /etc/sysconfig/network-scripts/ifcfg-ens3 (1dc3c9a6-9a91-49e1-8d72-f68b675b6338,"ens3")
Sep 27 17:12:46 localhost NetworkManager[1627]: <debug> [1569604366.0714] settings-connection[0x55c4995860e0,1dc3c9a6-9a91-49e1-8d72-f68b675b6338]: failed to read connection timestamp: No such file or directory
Sep 27 17:12:46 localhost NetworkManager[1627]: <debug> [1569604366.0716] ++ connection 'new connection' (0x55c49955a160/NMSimpleConnection/"802-3-ethernet"): [/org/freedesktop/NetworkManager/Settings/1]
Sep 27 17:12:46 localhost NetworkManager[1627]: <debug> [1569604366.0716] ++ connection                [ 0x55c49952b560 ]
Sep 27 17:12:46 localhost NetworkManager[1627]: <debug> [1569604366.0717] ++ connection.id             = 'ens3'
Sep 27 17:12:46 localhost NetworkManager[1627]: <debug> [1569604366.0717] ++ connection.interface-name = 'ens3'
Sep 27 17:12:46 localhost NetworkManager[1627]: <debug> [1569604366.0717] ++ connection.permissions    = []
Sep 27 17:12:46 localhost NetworkManager[1627]: <debug> [1569604366.0717] ++ connection.type           = '802-3-ethernet'
Sep 27 17:12:46 localhost NetworkManager[1627]: <debug> [1569604366.0717] ++ connection.uuid           = '1dc3c9a6-9a91-49e1-8d72-f68b675b6338'
Sep 27 17:12:46 localhost NetworkManager[1627]: <debug> [1569604366.0717] ++ 802-3-ethernet            [ 0x55c499543510 ]
Sep 27 17:12:46 localhost NetworkManager[1627]: <debug> [1569604366.0717] ++ 802-3-ethernet.mac-address-blacklist = []
Sep 27 17:12:46 localhost NetworkManager[1627]: <debug> [1569604366.0717] ++ 802-3-ethernet.s390-options = ((GHashTable*) 0x7fbebc002f00)
Sep 27 17:12:46 localhost NetworkManager[1627]: <debug> [1569604366.0717] ++ ipv4                      [ 0x55c49952b4a0 ]
Sep 27 17:12:46 localhost NetworkManager[1627]: <debug> [1569604366.0718] ++ ipv4.addresses            = ((GPtrArray*) 0x55c4995892a0)
Sep 27 17:12:46 localhost NetworkManager[1627]: <debug> [1569604366.0718] ++ ipv4.dns                  = []
Sep 27 17:12:46 localhost NetworkManager[1627]: <debug> [1569604366.0718] ++ ipv4.dns-search           = []
Sep 27 17:12:46 localhost NetworkManager[1627]: <debug> [1569604366.0718] ++ ipv4.method               = 'auto'
Sep 27 17:12:46 localhost NetworkManager[1627]: <debug> [1569604366.0718] ++ ipv4.routes               = ((GPtrArray*) 0x55c499589240)
Sep 27 17:12:46 localhost NetworkManager[1627]: <debug> [1569604366.0718] ++ ipv6                      [ 0x55c49954e760 ]
Sep 27 17:12:46 localhost NetworkManager[1627]: <debug> [1569604366.0718] ++ ipv6.addr-gen-mode        = 0
Sep 27 17:12:46 localhost NetworkManager[1627]: <debug> [1569604366.0718] ++ ipv6.addresses            = ((GPtrArray*) 0x55c499589220)
Sep 27 17:12:46 localhost NetworkManager[1627]: <debug> [1569604366.0718] ++ ipv6.dns                  = []
Sep 27 17:12:46 localhost NetworkManager[1627]: <debug> [1569604366.0719] ++ ipv6.dns-search           = []
Sep 27 17:12:46 localhost NetworkManager[1627]: <debug> [1569604366.0719] ++ ipv6.method               = 'auto'
Sep 27 17:12:46 localhost NetworkManager[1627]: <debug> [1569604366.0719] ++ ipv6.routes               = ((GPtrArray*) 0x55c499559ae0)
Sep 27 17:12:46 localhost NetworkManager[1627]: <info>  [1569604366.0724] manager: rfkill: WiFi enabled by radio killswitch; enabled by state file
Sep 27 17:12:46 localhost NetworkManager[1627]: <info>  [1569604366.0724] manager: rfkill: WWAN enabled by radio killswitch; enabled by state file
Sep 27 17:12:46 localhost NetworkManager[1627]: <info>  [1569604366.0725] manager: Networking is enabled by state file
Sep 27 17:12:46 localhost NetworkManager[1627]: <debug> [1569604366.0725] dispatcher: (1) dispatching action 'hostname'
Sep 27 17:12:46 localhost NetworkManager[1627]: <debug> [1569604366.0727] dhcp-init: enabled DHCP client 'dhclient' (NMDhcpDhclient)
Sep 27 17:12:46 localhost NetworkManager[1627]: <debug> [1569604366.0727] dhcp-init: enabled DHCP client 'internal' (NMDhcpSystemd)
Sep 27 17:12:46 localhost NetworkManager[1627]: <info>  [1569604366.0727] dhcp-init: Using DHCP client 'dhclient'
Sep 27 17:12:46 localhost NetworkManager[1627]: <debug> [1569604366.0727] create NMDhcpManager singleton (0x55c499542400)
Sep 27 17:12:46 localhost NetworkManager[1627]: <debug> [1569604366.0728] Loaded device plugin: NM6LowpanDeviceFactory (internal)
Sep 27 17:12:46 localhost NetworkManager[1627]: <debug> [1569604366.0729] Loaded device plugin: NMBondDeviceFactory (internal)
Sep 27 17:12:46 localhost NetworkManager[1627]: <debug> [1569604366.0729] Loaded device plugin: NMBridgeDeviceFactory (internal)
Sep 27 17:12:46 localhost NetworkManager[1627]: <debug> [1569604366.0729] Loaded device plugin: NMDummyDeviceFactory (internal)
Sep 27 17:12:46 localhost NetworkManager[1627]: <debug> [1569604366.0729] Loaded device plugin: NMEthernetDeviceFactory (internal)
Sep 27 17:12:46 localhost NetworkManager[1627]: <debug> [1569604366.0730] Loaded device plugin: NMInfinibandDeviceFactory (internal)
Sep 27 17:12:46 localhost NetworkManager[1627]: <debug> [1569604366.0730] Loaded device plugin: NMIPTunnelDeviceFactory (internal)
Sep 27 17:12:46 localhost NetworkManager[1627]: <debug> [1569604366.0730] Loaded device plugin: NMMacsecDeviceFactory (internal)
Sep 27 17:12:46 localhost NetworkManager[1627]: <debug> [1569604366.0730] Loaded device plugin: NMMacvlanDeviceFactory (internal)
Sep 27 17:12:46 localhost NetworkManager[1627]: <debug> [1569604366.0730] Loaded device plugin: NMPppDeviceFactory (internal)
Sep 27 17:12:46 localhost NetworkManager[1627]: <debug> [1569604366.0730] Loaded device plugin: NMTunDeviceFactory (internal)
Sep 27 17:12:46 localhost NetworkManager[1627]: <debug> [1569604366.0731] Loaded device plugin: NMVethDeviceFactory (internal)
Sep 27 17:12:46 localhost NetworkManager[1627]: <debug> [1569604366.0731] Loaded device plugin: NMVlanDeviceFactory (internal)
Sep 27 17:12:46 localhost NetworkManager[1627]: <debug> [1569604366.0731] Loaded device plugin: NMVxlanDeviceFactory (internal)
Sep 27 17:12:46 localhost NetworkManager[1627]: <debug> [1569604366.0731] Loaded device plugin: NMWireGuardDeviceFactory (internal)
Sep 27 17:12:46 localhost NetworkManager[1627]: <debug> [1569604366.0731] Loaded device plugin: NMWpanDeviceFactory (internal)
Sep 27 17:12:46 localhost nm-dispatcher[1669]: req:1 'hostname': new request (3 scripts)
Sep 27 17:12:46 localhost nm-dispatcher[1669]: req:1 'hostname': environment: PATH=/usr/local/sbin:/usr/local/bin:/usr/sbin:/usr/bin
Sep 27 17:12:46 localhost nm-dispatcher[1669]: req:1 'hostname': environment: NM_DISPATCHER_ACTION=hostname
Sep 27 17:12:46 localhost nm-dispatcher[1669]: req:1 'hostname': start running ordered scripts...
Sep 27 17:12:46 localhost nm-dispatcher[1669]: req:1 'hostname', "/etc/NetworkManager/dispatcher.d/04-iscsi": run script
Sep 27 17:12:46 localhost NetworkManager[1627]: <info>  [1569604366.0779] Loaded device plugin: NMTeamFactory (/usr/lib64/NetworkManager/1.14.0-14.el8/libnm-device-plugin-team.so)
Sep 27 17:12:46 localhost NetworkManager[1627]: <info>  [1569604366.0808] Loaded device plugin: NMWifiFactory (/usr/lib64/NetworkManager/1.14.0-14.el8/libnm-device-plugin-wifi.so)
Sep 27 17:12:46 localhost NetworkManager[1627]: <debug> [1569604366.0811] device[0x55c49955c150] (lo): unmanaged: flags set to [platform-init,by-default=0x110/0x110/unmanaged/unrealized], set-unmanaged [by-default=0x100])
Sep 27 17:12:46 localhost NetworkManager[1627]: <debug> [1569604366.0812] device[0x55c49955c150] (lo): constructed (NMDeviceGeneric)
Sep 27 17:12:46 localhost NetworkManager[1627]: <debug> [1569604366.0812] device[0x55c49955c150] (lo): start setup of NMDeviceGeneric, kernel ifindex 1
Sep 27 17:12:46 localhost NetworkManager[1627]: <debug> [1569604366.0812] device[0x55c49955c150] (lo): assume-state: set guess-assume=1, connection=(null)
Sep 27 17:12:46 localhost NetworkManager[1627]: <debug> [1569604366.0813] platform-linux: error reading net:/sys/class/net/lo/phys_port_id: error reading 4096 bytes from file descriptor: Operation not supported
Sep 27 17:12:46 localhost NetworkManager[1627]: <debug> [1569604366.0814] platform-linux: sysctl: reading 'net:/sys/class/net/lo/dev_id': '0x0'
Sep 27 17:12:46 localhost NetworkManager[1627]: <debug> [1569604366.0815] platform-linux: error reading net:/sys/class/net/lo/device/sriov_totalvfs: Failed to open file "device/sriov_totalvfs" with openat: No such file or directory
Sep 27 17:12:46 localhost NetworkManager[1627]: <debug> [1569604366.0815] device[0x55c49955c150] (lo): hw-addr: hardware address now 00:00:00:00:00:00
Sep 27 17:12:46 localhost NetworkManager[1627]: <debug> [1569604366.0815] device[0x55c49955c150] (lo): hw-addr: update initial MAC address 00:00:00:00:00:00
Sep 27 17:12:46 localhost NetworkManager[1627]: <debug> [1569604366.0816] device[0x55c49955c150] (lo): hw-addr: unable to read permanent MAC address (use current: 00:00:00:00:00:00)
Sep 27 17:12:46 localhost NetworkManager[1627]: <info>  [1569604366.0816] device (lo): carrier: link connected
Sep 27 17:12:46 localhost NetworkManager[1627]: <debug> [1569604366.0816] device[0x55c49955c150] (lo): unmanaged: flags set to [platform-init,by-default,!external-down=0x110/0x910/unmanaged/unrealized], set-managed [external-down=0x800])
Sep 27 17:12:46 localhost NetworkManager[1627]: <debug> [1569604366.0816] device[0x55c49955c150] (lo): unmanaged: flags set to [by-type,platform-init,by-default,!external-down=0x118/0x918/unmanaged/unrealized], set-unmanaged [by-type=0x8])
Sep 27 17:12:46 localhost NetworkManager[1627]: <debug> [1569604366.0816] device[0x55c49955c150] (lo): unmanaged: flags set to [by-type,platform-init,by-default,!user-settings,!external-down=0x118/0x958/unmanaged/unrealized], set-managed [user-settings=0x40])
Sep 27 17:12:46 localhost NetworkManager[1627]: <debug> [1569604366.0817] device[0x55c49955c150] (lo): unmanaged: flags set to [by-type,by-default,!platform-init,!user-settings,!external-down=0x108/0x958/unmanaged/unrealized], set-managed [platform-init=0x10])
Sep 27 17:12:46 localhost NetworkManager[1627]: <debug> [1569604366.0817] device[0x55c49955c150] (lo): unmanaged: flags set to [by-type,by-default,!sleeping,!platform-init,!user-settings,!external-down=0x108/0x959/unmanaged/unrealized], set-managed [sleeping=0x1])
Sep 27 17:12:46 localhost NetworkManager[1627]: <info>  [1569604366.0819] manager: (lo): new Generic device (/org/freedesktop/NetworkManager/Devices/1)
Sep 27 17:12:46 localhost NetworkManager[1627]: <debug> [1569604366.0822] device[0x55c49955c150] (lo): assume-state: set guess-assume=0, connection=(null)
Sep 27 17:12:46 localhost NetworkManager[1627]: <debug> [1569604366.0823] device[0x55c4995a19d0] (ens3): constructed (NMDeviceEthernet)
Sep 27 17:12:46 localhost NetworkManager[1627]: <debug> [1569604366.0823] device[0x55c4995a19d0] (ens3): start setup of NMDeviceEthernet, kernel ifindex 2
Sep 27 17:12:46 localhost NetworkManager[1627]: <debug> [1569604366.0824] device[0x55c4995a19d0] (ens3): assume-state: set guess-assume=1, connection=(null)
Sep 27 17:12:46 localhost NetworkManager[1627]: <debug> [1569604366.0824] platform-linux: error reading net:/sys/class/net/ens3/phys_port_id: error reading 4096 bytes from file descriptor: Operation not supported
Sep 27 17:12:46 localhost NetworkManager[1627]: <debug> [1569604366.0825] platform-linux: sysctl: reading 'net:/sys/class/net/ens3/dev_id': '0x0'
Sep 27 17:12:46 localhost NetworkManager[1627]: <debug> [1569604366.0825] platform-linux: error reading net:/sys/class/net/ens3/device/sriov_totalvfs: Failed to open file "device/sriov_totalvfs" with openat: No such file or directory
Sep 27 17:12:46 localhost NetworkManager[1627]: <debug> [1569604366.0826] device[0x55c4995a19d0] (ens3): hw-addr: hardware address now 52:54:00:AB:D9:CD
Sep 27 17:12:46 localhost NetworkManager[1627]: <debug> [1569604366.0826] device[0x55c4995a19d0] (ens3): hw-addr: update initial MAC address 52:54:00:AB:D9:CD
Sep 27 17:12:46 localhost NetworkManager[1627]: <debug> [1569604366.0826] device[0x55c4995a19d0] (ens3): hw-addr: read permanent MAC address '52:54:00:AB:D9:CD'
Sep 27 17:12:46 localhost NetworkManager[1627]: <info>  [1569604366.0826] device (ens3): carrier: link connected
Sep 27 17:12:46 localhost NetworkManager[1627]: <debug> [1569604366.0828] device[0x55c4995a19d0] (ens3): unmanaged: flags set to [platform-init,!by-type=0x10/0x18/unmanaged/unrealized], set-managed [by-type=0x8])
Sep 27 17:12:46 localhost NetworkManager[1627]: <debug> [1569604366.0828] device[0x55c4995a19d0] (ens3): unmanaged: flags set to [platform-init,!by-type,!user-settings=0x10/0x58/unmanaged/unrealized], set-managed [user-settings=0x40])
Sep 27 17:12:46 localhost NetworkManager[1627]: <debug> [1569604366.0828] device[0x55c4995a19d0] (ens3): unmanaged: flags set to [!by-type,!platform-init,!user-settings=0x0/0x58/managed/unrealized], set-managed [platform-init=0x10])
Sep 27 17:12:46 localhost NetworkManager[1627]: <debug> [1569604366.0828] device[0x55c4995a19d0] (ens3): unmanaged: flags set to [!sleeping,!by-type,!platform-init,!user-settings=0x0/0x59/managed/unrealized], set-managed [sleeping=0x1])
Sep 27 17:12:46 localhost NetworkManager[1627]: <info>  [1569604366.0830] manager: (ens3): new Ethernet device (/org/freedesktop/NetworkManager/Devices/2)
Sep 27 17:12:46 localhost NetworkManager[1627]: <debug> [1569604366.0835] device[0x55c4995a19d0] (ens3): ip4-config: update (commit=0, new-config=0x55c49955e2a0)
Sep 27 17:12:46 localhost NetworkManager[1627]: <debug> [1569604366.0836] device[0x55c4995a19d0] (ens3): ip4-config: set IP Config instance (/org/freedesktop/NetworkManager/IP4Config/1)
Sep 27 17:12:46 localhost NetworkManager[1627]: <debug> [1569604366.0838] dns-mgr: (device_ip_config_changed): queueing DNS updates (1)
Sep 27 17:12:46 localhost NetworkManager[1627]: <debug> [1569604366.0838] dns-mgr: (device_ip_config_changed): DNS configuration did not change
Sep 27 17:12:46 localhost NetworkManager[1627]: <debug> [1569604366.0838] dns-mgr: (device_ip_config_changed): no DNS changes to commit (0)
Sep 27 17:12:46 localhost NetworkManager[1627]: <debug> [1569604366.0839] device[0x55c4995a19d0] (ens3): ip6-config: update (commit=0, new-config=0x55c4995ac250)
Sep 27 17:12:46 localhost NetworkManager[1627]: <debug> [1569604366.0841] device[0x55c4995a19d0] (ens3): ip6-config: set IP Config instance (/org/freedesktop/NetworkManager/IP6Config/1)
Sep 27 17:12:46 localhost NetworkManager[1627]: <debug> [1569604366.0841] dns-mgr: (device_ip_config_changed): queueing DNS updates (1)
Sep 27 17:12:46 localhost NetworkManager[1627]: <debug> [1569604366.0841] dns-mgr: (device_ip_config_changed): DNS configuration did not change
Sep 27 17:12:46 localhost NetworkManager[1627]: <debug> [1569604366.0842] dns-mgr: (device_ip_config_changed): no DNS changes to commit (0)
Sep 27 17:12:46 localhost NetworkManager[1627]: <info>  [1569604366.0844] manager: (ens3): assume: will attempt to assume matching connection 'ens3' (1dc3c9a6-9a91-49e1-8d72-f68b675b6338) (guessed)
Sep 27 17:12:46 localhost NetworkManager[1627]: <debug> [1569604366.0844] device[0x55c4995a19d0] (ens3): assume-state: set guess-assume=0, connection=(null)
Sep 27 17:12:46 localhost NetworkManager[1627]: <info>  [1569604366.0845] device (ens3): state change: unmanaged -> unavailable (reason 'connection-assumed', sys-iface-state: 'assume')
Sep 27 17:12:46 localhost NetworkManager[1627]: <debug> [1569604366.0846] platform-linux: sysctl: reading '/proc/sys/net/ipv6/conf/ens3/accept_ra': '1'
Sep 27 17:12:46 localhost NetworkManager[1627]: <debug> [1569604366.0847] platform-linux: sysctl: reading '/proc/sys/net/ipv6/conf/ens3/accept_ra_defrtr': '1'
Sep 27 17:12:46 localhost NetworkManager[1627]: <debug> [1569604366.0847] platform-linux: sysctl: reading '/proc/sys/net/ipv6/conf/ens3/accept_ra_pinfo': '1'
Sep 27 17:12:46 localhost NetworkManager[1627]: <debug> [1569604366.0847] platform-linux: sysctl: reading '/proc/sys/net/ipv6/conf/ens3/accept_ra_rtr_pref': '1'
Sep 27 17:12:46 localhost NetworkManager[1627]: <debug> [1569604366.0847] platform-linux: sysctl: reading '/proc/sys/net/ipv6/conf/ens3/forwarding': '0'
Sep 27 17:12:46 localhost NetworkManager[1627]: <debug> [1569604366.0848] platform-linux: sysctl: reading '/proc/sys/net/ipv6/conf/ens3/disable_ipv6': '0'
Sep 27 17:12:46 localhost NetworkManager[1627]: <debug> [1569604366.0848] platform-linux: sysctl: reading '/proc/sys/net/ipv6/conf/ens3/hop_limit': '64'
Sep 27 17:12:46 localhost NetworkManager[1627]: <debug> [1569604366.0848] platform-linux: sysctl: reading '/proc/sys/net/ipv6/conf/ens3/use_tempaddr': '0'
Sep 27 17:12:46 localhost NetworkManager[1627]: <debug> [1569604366.0851] device[0x55c4995a19d0] (ens3): add_pending_action (1): 'recheck-available'
Sep 27 17:12:46 localhost NetworkManager[1627]: <debug> [1569604366.0854] device[0x55c4995a19d0] (ens3): connectivity state changed from UNKNOWN to NONE
Sep 27 17:12:46 localhost NetworkManager[1627]: <debug> [1569604366.0855] manager: connectivity checking indicates NONE
Sep 27 17:12:46 localhost NetworkManager[1627]: <debug> [1569604366.0890] dispatcher: (2) dispatching action 'connectivity-change'
Sep 27 17:12:46 localhost NetworkManager[1627]: <info>  [1569604366.0892] device (ens3): state change: unavailable -> disconnected (reason 'connection-assumed', sys-iface-state: 'assume')
Sep 27 17:12:46 localhost NetworkManager[1627]: <debug> [1569604366.0896] device[0x55c4995a19d0] (ens3): add_pending_action (2): 'autoactivate'
Sep 27 17:12:46 localhost NetworkManager[1627]: <debug> [1569604366.0897] active-connection[0x55c49955e5a0]: set device "ens3" [0x55c4995a19d0]
Sep 27 17:12:46 localhost NetworkManager[1627]: <debug> [1569604366.0897] device[0x55c4995a19d0] (ens3): add_pending_action (3): 'activation-0x55c49955e5a0'
Sep 27 17:12:46 localhost NetworkManager[1627]: <debug> [1569604366.0899] active-connection[0x55c49955e5a0]: constructed (NMActRequest, version-id 1, type assume)
Sep 27 17:12:46 localhost NetworkManager[1627]: <info>  [1569604366.0901] device (ens3): Activation: starting connection 'ens3' (1dc3c9a6-9a91-49e1-8d72-f68b675b6338)
Sep 27 17:12:46 localhost NetworkManager[1627]: <debug> [1569604366.0901] device[0x55c4995a19d0] (ens3): activation-stage: schedule activate_stage1_device_prepare,v4 (id 31)
Sep 27 17:12:46 localhost NetworkManager[1627]: <debug> [1569604366.0913] create NMVpnManager singleton (0x55c49952cf70)
Sep 27 17:12:46 localhost NetworkManager[1627]: <debug> [1569604366.0913] manager: creating virtual devices...
Sep 27 17:12:46 localhost NetworkManager[1627]: <debug> [1569604366.0913] setting up local loopback
Sep 27 17:12:46 localhost NetworkManager[1627]: <debug> [1569604366.0913] platform: link: setting up "lo" (1)
Sep 27 17:12:46 localhost NetworkManager[1627]: <debug> [1569604366.0913] platform-linux: link: change 1: flags: set 0x1/0x1 ([up] / [up])
Sep 27 17:12:46 localhost NetworkManager[1627]: <debug> [1569604366.0914] platform-linux: do-request-link: 1 
Sep 27 17:12:46 localhost NetworkManager[1627]: <debug> [1569604366.0915] platform-linux: do-change-link[1]: success changing link: success
Sep 27 17:12:46 localhost dbus-daemon[1628]: [system] Activating via systemd: service name='org.freedesktop.PolicyKit1' unit='polkit.service' requested by ':1.2' (uid=0 pid=1627 comm="/usr/sbin/NetworkManager --no-daemon " label="system_u:system_r:kernel_t:s0")
Sep 27 17:12:46 localhost NetworkManager[1627]: <debug> [1569604366.0968] sleep-monitor-sd: inhibit: taking sleep inhibitor...
Sep 27 17:12:46 localhost nm-dispatcher[1669]: req:2 'connectivity-change': new request (3 scripts)
Sep 27 17:12:46 localhost nm-dispatcher[1669]: req:2 'connectivity-change': environment: CONNECTIVITY_STATE=NONE
Sep 27 17:12:46 localhost nm-dispatcher[1669]: req:2 'connectivity-change': environment: PATH=/usr/local/sbin:/usr/local/bin:/usr/sbin:/usr/bin
Sep 27 17:12:46 localhost nm-dispatcher[1669]: req:2 'connectivity-change': environment: NM_DISPATCHER_ACTION=connectivity-change
Sep 27 17:12:46 localhost systemd[1]: Starting Authorization Manager...
Sep 27 17:12:46 localhost NetworkManager[1627]: <debug> [1569604366.0974] ifcfg-rh: dbus: acquired D-Bus service com.redhat.ifcfgrh1 and exported /com/redhat/ifcfgrh1 object
Sep 27 17:12:46 localhost NetworkManager[1627]: <debug> [1569604366.0974] device[0x55c49955c150] (lo): ip4-config: update (commit=0, new-config=0x55c49955e040)
Sep 27 17:12:46 localhost NetworkManager[1627]: <debug> [1569604366.0976] device[0x55c49955c150] (lo): ip4-config: set IP Config instance (/org/freedesktop/NetworkManager/IP4Config/2)
Sep 27 17:12:46 localhost NetworkManager[1627]: <debug> [1569604366.0977] dns-mgr: (device_ip_config_changed): queueing DNS updates (1)
Sep 27 17:12:46 localhost NetworkManager[1627]: <debug> [1569604366.0977] dns-mgr: (device_ip_config_changed): DNS configuration did not change
Sep 27 17:12:46 localhost NetworkManager[1627]: <debug> [1569604366.0977] dns-mgr: (device_ip_config_changed): no DNS changes to commit (0)
Sep 27 17:12:46 localhost NetworkManager[1627]: <debug> [1569604366.0978] device[0x55c49955c150] (lo): ip6-config: update (commit=0, new-config=0x55c4995ac580)
Sep 27 17:12:46 localhost NetworkManager[1627]: <debug> [1569604366.0979] device[0x55c49955c150] (lo): ip6-config: set IP Config instance (/org/freedesktop/NetworkManager/IP6Config/2)
Sep 27 17:12:46 localhost NetworkManager[1627]: <debug> [1569604366.0991] dns-mgr: (device_ip_config_changed): queueing DNS updates (1)
Sep 27 17:12:46 localhost NetworkManager[1627]: <debug> [1569604366.0991] dns-mgr: (device_ip_config_changed): DNS configuration did not change
Sep 27 17:12:46 localhost NetworkManager[1627]: <debug> [1569604366.0991] dns-mgr: (device_ip_config_changed): no DNS changes to commit (0)
Sep 27 17:12:46 localhost NetworkManager[1627]: <debug> [1569604366.0992] device[0x55c4995a19d0] (ens3): ip4-config: update (commit=0, new-config=0x55c49955e9c0)
Sep 27 17:12:46 localhost NetworkManager[1627]: <debug> [1569604366.0992] device[0x55c4995a19d0] (ens3): ip6-config: update (commit=0, new-config=0x55c4995ac690)
Sep 27 17:12:46 localhost NetworkManager[1627]: <debug> [1569604366.0992] device[0x55c4995a19d0] (ens3): remove_pending_action (2): 'recheck-available'
Sep 27 17:12:46 localhost NetworkManager[1627]: <debug> [1569604366.0992] device[0x55c4995a19d0] (ens3): remove_pending_action (1): 'autoactivate'
Sep 27 17:12:46 localhost NetworkManager[1627]: <debug> [1569604366.0993] device[0x55c4995a19d0] (ens3): activation-stage: invoke activate_stage1_device_prepare,v4 (id 31)
Sep 27 17:12:46 localhost NetworkManager[1627]: <info>  [1569604366.0993] device (ens3): state change: disconnected -> prepare (reason 'none', sys-iface-state: 'assume')
Sep 27 17:12:46 localhost NetworkManager[1627]: <debug> [1569604366.0995] active-connection[0x55c49955e5a0]: set state activating (was unknown)
Sep 27 17:12:46 localhost NetworkManager[1627]: <debug> [1569604366.0996] active-connection[0x55c49955e5a0]: check-master-ready: not signalling (state activating, no master)
Sep 27 17:12:46 localhost NetworkManager[1627]: <debug> [1569604366.0996] manager: ActivatingConnection now ens3
