17:12:27,598 NOTICE kernel:Linux version 4.18.0-80.el8.x86_64 (mockbuild@kbuilder.bsys.centos.org) (gcc version 8.2.1 20180905 (Red Hat 8.2.1-3) (GCC)) #1 SMP Tue Jun 4 09:19:46 UTC 2019
17:12:27,598 INFO kernel:Command line: method=http://mirror.centos.org/centos/8.0.1905/BaseOS/x86_64/kickstart/ ks=file:/ks.cfg
17:12:27,598 INFO kernel:x86/fpu: x87 FPU will use FXSAVE
17:12:27,598 INFO kernel:BIOS-provided physical RAM map:
17:12:27,598 INFO kernel:BIOS-e820: [mem 0x0000000000000000-0x000000000009fbff] usable
17:12:27,598 INFO kernel:BIOS-e820: [mem 0x000000000009fc00-0x000000000009ffff] reserved
17:12:27,598 INFO kernel:BIOS-e820: [mem 0x00000000000f0000-0x00000000000fffff] reserved
17:12:27,598 INFO kernel:BIOS-e820: [mem 0x0000000000100000-0x00000000bfff9fff] usable
17:12:27,598 INFO kernel:BIOS-e820: [mem 0x00000000bfffa000-0x00000000bfffffff] reserved
17:12:27,598 INFO kernel:BIOS-e820: [mem 0x00000000feffc000-0x00000000feffffff] reserved
17:12:27,598 INFO kernel:BIOS-e820: [mem 0x00000000fffc0000-0x00000000ffffffff] reserved
17:12:27,598 INFO kernel:BIOS-e820: [mem 0x0000000100000000-0x000000013fffffff] usable
17:12:27,598 INFO kernel:NX (Execute Disable) protection: active
17:12:27,598 INFO kernel:SMBIOS 2.4 present.
17:12:27,598 INFO kernel:DMI: Red Hat KVM, BIOS 0.5.1 01/01/2011
17:12:27,598 INFO kernel:Hypervisor detected: KVM
17:12:27,598 DEBUG kernel:e820: update [mem 0x00000000-0x00000fff] usable ==> reserved
17:12:27,598 DEBUG kernel:e820: remove [mem 0x000a0000-0x000fffff] usable
17:12:27,598 INFO kernel:last_pfn = 0x140000 max_arch_pfn = 0x400000000
17:12:27,598 DEBUG kernel:MTRR default type: write-back
17:12:27,598 DEBUG kernel:MTRR fixed ranges enabled:
17:12:27,598 DEBUG kernel:  00000-9FFFF write-back
17:12:27,598 DEBUG kernel:  A0000-BFFFF uncachable
17:12:27,598 DEBUG kernel:  C0000-FFFFF write-protect
17:12:27,598 DEBUG kernel:MTRR variable ranges enabled:
17:12:27,598 DEBUG kernel:  0 base 0000C0000000 mask 3FFFC0000000 uncachable
17:12:27,598 DEBUG kernel:  1 disabled
17:12:27,598 DEBUG kernel:  2 disabled
17:12:27,598 DEBUG kernel:  3 disabled
17:12:27,598 DEBUG kernel:  4 disabled
17:12:27,598 DEBUG kernel:  5 disabled
17:12:27,598 DEBUG kernel:  6 disabled
17:12:27,598 DEBUG kernel:  7 disabled
17:12:27,598 INFO kernel:x86/PAT: PAT not supported by CPU.
17:12:27,598 INFO kernel:x86/PAT: Configuration [0-7]: WB  WT  UC- UC  WB  WT  UC- UC  
17:12:27,598 INFO kernel:last_pfn = 0xbfffa max_arch_pfn = 0x400000000
17:12:27,598 INFO kernel:found SMP MP-table at [mem 0x000f6360-0x000f636f] mapped at [(____ptrval____)]
17:12:27,598 DEBUG kernel:Base memory trampoline at [(____ptrval____)] 99000 size 24576
17:12:27,598 DEBUG kernel:BRK [0x1376ed000, 0x1376edfff] PGTABLE
17:12:27,598 DEBUG kernel:BRK [0x1376ee000, 0x1376eefff] PGTABLE
17:12:27,598 DEBUG kernel:BRK [0x1376ef000, 0x1376effff] PGTABLE
17:12:27,598 DEBUG kernel:BRK [0x1376f0000, 0x1376f0fff] PGTABLE
17:12:27,598 DEBUG kernel:BRK [0x1376f1000, 0x1376f1fff] PGTABLE
17:12:27,598 DEBUG kernel:BRK [0x1376f2000, 0x1376f2fff] PGTABLE
17:12:27,598 DEBUG kernel:BRK [0x1376f3000, 0x1376f3fff] PGTABLE
17:12:27,598 DEBUG kernel:BRK [0x1376f4000, 0x1376f4fff] PGTABLE
17:12:27,598 INFO kernel:RAMDISK: [mem 0x7c650000-0x7fffffff]
17:12:27,598 INFO kernel:ACPI: Early table checksum verification disabled
17:12:27,598 INFO kernel:ACPI: RSDP 0x00000000000F6110 000014 (v00 BOCHS )
17:12:27,598 INFO kernel:ACPI: RSDT 0x00000000BFFFFC12 000030 (v01 BOCHS  BXPCRSDT 00000001 BXPC 00000001)
17:12:27,598 INFO kernel:ACPI: FACP 0x00000000BFFFF177 000074 (v01 BOCHS  BXPCFACP 00000001 BXPC 00000001)
17:12:27,598 INFO kernel:ACPI: DSDT 0x00000000BFFFE040 001137 (v01 BOCHS  BXPCDSDT 00000001 BXPC 00000001)
17:12:27,598 INFO kernel:ACPI: FACS 0x00000000BFFFE000 000040
17:12:27,598 INFO kernel:ACPI: SSDT 0x00000000BFFFF1EB 000997 (v01 BOCHS  BXPCSSDT 00000001 BXPC 00000001)
17:12:27,598 INFO kernel:ACPI: APIC 0x00000000BFFFFB82 000090 (v01 BOCHS  BXPCAPIC 00000001 BXPC 00000001)
17:12:27,598 DEBUG kernel:ACPI: Local APIC address 0xfee00000
17:12:27,598 INFO kernel:No NUMA configuration found
17:12:27,598 INFO kernel:Faking a node at [mem 0x0000000000000000-0x000000013fffffff]
17:12:27,598 INFO kernel:NODE_DATA(0) allocated [mem 0x13ffd6000-0x13fffffff]
17:12:27,598 INFO kernel:kvm-clock: cpu 0, msr 1:3ff55001, primary cpu clock
17:12:27,598 INFO kernel:kvm-clock: Using msrs 4b564d01 and 4b564d00
17:12:27,598 INFO kernel:kvm-clock: using sched offset of 2197971757 cycles
17:12:27,598 INFO kernel:clocksource: kvm-clock: mask: 0xffffffffffffffff max_cycles: 0x1cd42e4dffb, max_idle_ns: 881590591483 ns
17:12:27,598 INFO kernel:Zone ranges:
17:12:27,598 INFO kernel:  DMA      [mem 0x0000000000001000-0x0000000000ffffff]
17:12:27,598 INFO kernel:  DMA32    [mem 0x0000000001000000-0x00000000ffffffff]
17:12:27,598 INFO kernel:  Normal   [mem 0x0000000100000000-0x000000013fffffff]
17:12:27,598 INFO kernel:  Device   empty
17:12:27,598 INFO kernel:Movable zone start for each node
17:12:27,598 INFO kernel:Early memory node ranges
17:12:27,598 INFO kernel:  node   0: [mem 0x0000000000001000-0x000000000009efff]
17:12:27,598 INFO kernel:  node   0: [mem 0x0000000000100000-0x00000000bfff9fff]
17:12:27,598 INFO kernel:  node   0: [mem 0x0000000100000000-0x000000013fffffff]
17:12:27,598 INFO kernel:Zeroed struct page in unavailable ranges: 104 pages
17:12:27,598 INFO kernel:Initmem setup node 0 [mem 0x0000000000001000-0x000000013fffffff]
17:12:27,598 DEBUG kernel:On node 0 totalpages: 1048472
17:12:27,598 DEBUG kernel:  DMA zone: 64 pages used for memmap
17:12:27,598 DEBUG kernel:  DMA zone: 21 pages reserved
17:12:27,598 DEBUG kernel:  DMA zone: 3998 pages, LIFO batch:0
17:12:27,598 DEBUG kernel:  DMA32 zone: 12224 pages used for memmap
17:12:27,598 DEBUG kernel:  DMA32 zone: 782330 pages, LIFO batch:31
17:12:27,598 DEBUG kernel:  Normal zone: 4096 pages used for memmap
17:12:27,598 DEBUG kernel:  Normal zone: 262144 pages, LIFO batch:31
17:12:27,598 INFO kernel:ACPI: PM-Timer IO Port: 0x608
17:12:27,598 DEBUG kernel:ACPI: Local APIC address 0xfee00000
17:12:27,598 INFO kernel:ACPI: LAPIC_NMI (acpi_id[0xff] dfl dfl lint[0x1])
17:12:27,598 INFO kernel:IOAPIC[0]: apic_id 0, version 17, address 0xfec00000, GSI 0-23
17:12:27,598 INFO kernel:ACPI: INT_SRC_OVR (bus 0 bus_irq 0 global_irq 2 dfl dfl)
17:12:27,598 INFO kernel:ACPI: INT_SRC_OVR (bus 0 bus_irq 5 global_irq 5 high level)
17:12:27,598 INFO kernel:ACPI: INT_SRC_OVR (bus 0 bus_irq 9 global_irq 9 high level)
17:12:27,598 INFO kernel:ACPI: INT_SRC_OVR (bus 0 bus_irq 10 global_irq 10 high level)
17:12:27,598 INFO kernel:ACPI: INT_SRC_OVR (bus 0 bus_irq 11 global_irq 11 high level)
17:12:27,598 DEBUG kernel:ACPI: IRQ0 used by override.
17:12:27,598 DEBUG kernel:ACPI: IRQ5 used by override.
17:12:27,598 DEBUG kernel:ACPI: IRQ9 used by override.
17:12:27,598 DEBUG kernel:ACPI: IRQ10 used by override.
17:12:27,598 DEBUG kernel:ACPI: IRQ11 used by override.
17:12:27,598 INFO kernel:Using ACPI (MADT) for SMP configuration information
17:12:27,598 INFO kernel:smpboot: Allowing 4 CPUs, 0 hotplug CPUs
17:12:27,598 INFO kernel:PM: Registered nosave memory: [mem 0x00000000-0x00000fff]
17:12:27,598 INFO kernel:PM: Registered nosave memory: [mem 0x0009f000-0x0009ffff]
17:12:27,598 INFO kernel:PM: Registered nosave memory: [mem 0x000a0000-0x000effff]
17:12:27,598 INFO kernel:PM: Registered nosave memory: [mem 0x000f0000-0x000fffff]
17:12:27,598 INFO kernel:PM: Registered nosave memory: [mem 0xbfffa000-0xbfffffff]
17:12:27,598 INFO kernel:PM: Registered nosave memory: [mem 0xc0000000-0xfeffbfff]
17:12:27,598 INFO kernel:PM: Registered nosave memory: [mem 0xfeffc000-0xfeffffff]
17:12:27,598 INFO kernel:PM: Registered nosave memory: [mem 0xff000000-0xfffbffff]
17:12:27,598 INFO kernel:PM: Registered nosave memory: [mem 0xfffc0000-0xffffffff]
17:12:27,598 INFO kernel:[mem 0xc0000000-0xfeffbfff] available for PCI devices
17:12:27,598 INFO kernel:Booting paravirtualized kernel on KVM
17:12:27,598 INFO kernel:clocksource: refined-jiffies: mask: 0xffffffff max_cycles: 0xffffffff, max_idle_ns: 1910969940391419 ns
17:12:27,598 NOTICE kernel:random: get_random_bytes called from start_kernel+0x93/0x550 with crng_init=0
17:12:27,598 INFO kernel:setup_percpu: NR_CPUS:8192 nr_cpumask_bits:4 nr_cpu_ids:4 nr_node_ids:1
17:12:27,598 INFO kernel:percpu: Embedded 47 pages/cpu @(____ptrval____) s155648 r8192 d28672 u524288
17:12:27,598 DEBUG kernel:pcpu-alloc: s155648 r8192 d28672 u524288 alloc=1*2097152
17:12:27,598 DEBUG kernel:pcpu-alloc: [0] 0 1 2 3 
17:12:27,598 INFO kernel:KVM setup async PF for cpu 0
17:12:27,598 INFO kernel:kvm-stealtime: cpu 0, msr 13ba25040
17:12:27,598 INFO kernel:PV qspinlock hash table entries: 256 (order: 0, 4096 bytes)
17:12:27,598 INFO kernel:Built 1 zonelists, mobility grouping on.  Total pages: 1032067
17:12:27,598 INFO kernel:Policy zone: Normal
17:12:27,598 NOTICE kernel:Kernel command line: method=http://mirror.centos.org/centos/8.0.1905/BaseOS/x86_64/kickstart/ ks=file:/ks.cfg
17:12:27,599 NOTICE kernel:Specific versions of hardware are certified with Red Hat Enterprise Linux 8. Please see the list of hardware certified with Red Hat Enterprise Linux 8 at https://access.redhat.com/ecosystem.
17:12:27,599 INFO kernel:Memory: 3151692K/4193888K available (12292K kernel code, 2100K rwdata, 3816K rodata, 2344K init, 3320K bss, 222476K reserved, 0K cma-reserved)
17:12:27,599 INFO kernel:SLUB: HWalign=64, Order=0-3, MinObjects=0, CPUs=4, Nodes=1
17:12:27,599 INFO kernel:Kernel/User page tables isolation: enabled
17:12:27,599 INFO kernel:ftrace: allocating 34905 entries in 137 pages
17:12:27,599 INFO kernel:rcu: Hierarchical RCU implementation.
17:12:27,599 INFO kernel:rcu: #011RCU restricting CPUs from NR_CPUS=8192 to nr_cpu_ids=4.
17:12:27,599 INFO kernel:rcu: RCU calculated value of scheduler-enlistment delay is 100 jiffies.
17:12:27,599 INFO kernel:rcu: Adjusting geometry for rcu_fanout_leaf=16, nr_cpu_ids=4
17:12:27,599 INFO kernel:NR_IRQS: 524544, nr_irqs: 456, preallocated irqs: 16
17:12:27,599 INFO kernel:Console: colour VGA+ 80x25
17:12:27,599 INFO kernel:console [tty0] enabled
17:12:27,599 INFO kernel:ACPI: Core revision 20180531
17:12:27,599 INFO kernel:APIC: Switch to symmetric I/O mode setup
17:12:27,599 INFO kernel:..TIMER: vector=0x30 apic1=0 pin1=2 apic2=-1 pin2=-1
17:12:27,599 INFO kernel:tsc: Detected 2199.996 MHz processor
17:12:27,599 INFO kernel:clocksource: tsc-early: mask: 0xffffffffffffffff max_cycles: 0x1fb62f12e8c, max_idle_ns: 440795238402 ns
17:12:27,599 INFO kernel:Calibrating delay loop (skipped) preset value.. 4399.99 BogoMIPS (lpj=2199996)
17:12:27,599 INFO kernel:pid_max: default: 32768 minimum: 301
17:12:27,599 INFO kernel:Security Framework initialized
17:12:27,599 INFO kernel:Yama: becoming mindful.
17:12:27,599 INFO kernel:SELinux:  Initializing.
17:12:27,599 DEBUG kernel:SELinux:  Starting in permissive mode
17:12:27,599 INFO kernel:Dentry cache hash table entries: 524288 (order: 10, 4194304 bytes)
17:12:27,599 INFO kernel:Inode-cache hash table entries: 262144 (order: 9, 2097152 bytes)
17:12:27,599 INFO kernel:Mount-cache hash table entries: 8192 (order: 4, 65536 bytes)
17:12:27,599 INFO kernel:Mountpoint-cache hash table entries: 8192 (order: 4, 65536 bytes)
17:12:27,599 INFO kernel:mce: CPU supports 10 MCE banks
17:12:27,599 INFO kernel:Last level iTLB entries: 4KB 0, 2MB 0, 4MB 0
17:12:27,599 INFO kernel:Last level dTLB entries: 4KB 0, 2MB 0, 4MB 0, 1GB 0
17:12:27,599 INFO kernel:FEATURE SPEC_CTRL Not Present
17:12:27,599 INFO kernel:FEATURE IBPB_SUPPORT Not Present
17:12:27,599 INFO kernel:Spectre V2 : Mitigation: Full generic retpoline
17:12:27,599 INFO kernel:Spectre V2 : Spectre v2 / SpectreRSB mitigation: Filling RSB on context switch
17:12:27,599 INFO kernel:Speculative Store Bypass: Vulnerable
17:12:27,599 INFO kernel:Freeing SMP alternatives memory: 32K
17:12:27,599 INFO kernel:smpboot: CPU0: Intel QEMU Virtual CPU version 1.5.3 (family: 0x6, model: 0xd, stepping: 0x3)
17:12:27,599 INFO kernel:Performance Events: PMU not available due to virtualization, using software events only.
17:12:27,599 INFO kernel:rcu: Hierarchical SRCU implementation.
17:12:27,599 INFO kernel:NMI watchdog: Perf event create on CPU 0 failed with -2
17:12:27,599 INFO kernel:NMI watchdog: Perf NMI watchdog permanently disabled
17:12:27,599 INFO kernel:smp: Bringing up secondary CPUs ...
17:12:27,599 INFO kernel:x86: Booting SMP configuration:
17:12:27,599 INFO kernel:.... node  #0, CPUs:      #1
17:12:27,599 INFO kernel:kvm-clock: cpu 1, msr 1:3ff55041, secondary cpu clock
17:12:27,599 INFO kernel:KVM setup async PF for cpu 1
17:12:27,599 INFO kernel:kvm-stealtime: cpu 1, msr 13baa5040
17:12:27,599 WARNING kernel: #2
17:12:27,599 INFO kernel:kvm-clock: cpu 2, msr 1:3ff55081, secondary cpu clock
17:12:27,599 INFO kernel:KVM setup async PF for cpu 2
17:12:27,599 INFO kernel:kvm-stealtime: cpu 2, msr 13bb25040
17:12:27,599 WARNING kernel: #3
17:12:27,599 INFO kernel:kvm-clock: cpu 3, msr 1:3ff550c1, secondary cpu clock
17:12:27,599 INFO kernel:KVM setup async PF for cpu 3
17:12:27,599 INFO kernel:kvm-stealtime: cpu 3, msr 13bba5040
17:12:27,599 INFO kernel:smp: Brought up 1 node, 4 CPUs
17:12:27,599 INFO kernel:smpboot: Max logical packages: 4
17:12:27,599 INFO kernel:smpboot: Total of 4 processors activated (17599.96 BogoMIPS)
17:12:27,599 INFO kernel:node 0 initialised, 204930 pages in 8ms
17:12:27,599 INFO kernel:devtmpfs: initialized
17:12:27,599 INFO kernel:x86/mm: Memory block size: 128MB
17:12:27,599 INFO kernel:clocksource: jiffies: mask: 0xffffffff max_cycles: 0xffffffff, max_idle_ns: 1911260446275000 ns
17:12:27,599 INFO kernel:futex hash table entries: 1024 (order: 4, 65536 bytes)
17:12:27,599 INFO kernel:pinctrl core: initialized pinctrl subsystem
17:12:27,599 INFO kernel:NET: Registered protocol family 16
17:12:27,599 INFO kernel:audit: initializing netlink subsys (disabled)
17:12:27,599 NOTICE kernel:audit: type=2000 audit(1569604343.438:1): state=initialized audit_enabled=0 res=1
17:12:27,599 INFO kernel:cpuidle: using governor menu
17:12:27,599 INFO kernel:ACPI: bus type PCI registered
17:12:27,599 INFO kernel:acpiphp: ACPI Hot Plug PCI Controller Driver version: 0.5
17:12:27,599 INFO kernel:PCI: Using configuration type 1 for base access
17:12:27,599 INFO kernel:HugeTLB registered 2.00 MiB page size, pre-allocated 0 pages
17:12:27,599 INFO kernel:cryptd: max_cpu_qlen set to 1000
17:12:27,599 INFO kernel:ACPI: Added _OSI(Module Device)
17:12:27,599 INFO kernel:ACPI: Added _OSI(Processor Device)
17:12:27,599 INFO kernel:ACPI: Added _OSI(3.0 _SCP Extensions)
17:12:27,599 INFO kernel:ACPI: Added _OSI(Processor Aggregator Device)
17:12:27,599 INFO kernel:ACPI: Added _OSI(Linux-Dell-Video)
17:12:27,599 INFO kernel:ACPI: 2 ACPI AML tables successfully acquired and loaded
17:12:27,599 INFO kernel:ACPI: Interpreter enabled
17:12:27,599 INFO kernel:ACPI: (supports S0 S5)
17:12:27,599 INFO kernel:ACPI: Using IOAPIC for interrupt routing
17:12:27,599 INFO kernel:PCI: Using host bridge windows from ACPI; if necessary, use "pci=nocrs" and report a bug
17:12:27,599 INFO kernel:ACPI: Enabled 16 GPEs in block 00 to 0F
17:12:27,599 INFO kernel:ACPI: PCI Root Bridge [PCI0] (domain 0000 [bus 00-ff])
17:12:27,599 INFO kernel:acpi PNP0A03:00: _OSC: OS supports [ASPM ClockPM Segments MSI]
17:12:27,600 WARNING kernel:acpi PNP0A03:00: fail to add MMCONFIG information, can't access extended PCI configuration space under this bridge.
17:12:27,600 INFO kernel:acpiphp: Slot [3] registered
17:12:27,600 INFO kernel:acpiphp: Slot [4] registered
17:12:27,600 INFO kernel:acpiphp: Slot [5] registered
17:12:27,600 INFO kernel:acpiphp: Slot [6] registered
17:12:27,600 INFO kernel:acpiphp: Slot [7] registered
17:12:27,600 INFO kernel:acpiphp: Slot [8] registered
17:12:27,600 INFO kernel:acpiphp: Slot [9] registered
17:12:27,600 INFO kernel:acpiphp: Slot [10] registered
17:12:27,600 INFO kernel:acpiphp: Slot [11] registered
17:12:27,600 INFO kernel:acpiphp: Slot [12] registered
17:12:27,600 INFO kernel:acpiphp: Slot [13] registered
17:12:27,600 INFO kernel:acpiphp: Slot [14] registered
17:12:27,600 INFO kernel:acpiphp: Slot [15] registered
17:12:27,600 INFO kernel:acpiphp: Slot [16] registered
17:12:27,600 INFO kernel:acpiphp: Slot [17] registered
17:12:27,600 INFO kernel:acpiphp: Slot [18] registered
17:12:27,600 INFO kernel:acpiphp: Slot [19] registered
17:12:27,600 INFO kernel:acpiphp: Slot [20] registered
17:12:27,600 INFO kernel:acpiphp: Slot [21] registered
17:12:27,600 INFO kernel:acpiphp: Slot [22] registered
17:12:27,600 INFO kernel:acpiphp: Slot [23] registered
17:12:27,600 INFO kernel:acpiphp: Slot [24] registered
17:12:27,600 INFO kernel:acpiphp: Slot [25] registered
17:12:27,600 INFO kernel:acpiphp: Slot [26] registered
17:12:27,600 INFO kernel:acpiphp: Slot [27] registered
17:12:27,600 INFO kernel:acpiphp: Slot [28] registered
17:12:27,600 INFO kernel:acpiphp: Slot [29] registered
17:12:27,600 INFO kernel:acpiphp: Slot [30] registered
17:12:27,600 INFO kernel:acpiphp: Slot [31] registered
17:12:27,600 INFO kernel:PCI host bridge to bus 0000:00
17:12:27,600 INFO kernel:pci_bus 0000:00: root bus resource [io  0x0000-0x0cf7 window]
17:12:27,600 INFO kernel:pci_bus 0000:00: root bus resource [io  0x0d00-0xffff window]
17:12:27,600 INFO kernel:pci_bus 0000:00: root bus resource [mem 0x000a0000-0x000bffff window]
17:12:27,600 INFO kernel:pci_bus 0000:00: root bus resource [mem 0xc0000000-0xfebfffff window]
17:12:27,600 INFO kernel:pci_bus 0000:00: root bus resource [bus 00-ff]
17:12:27,601 DEBUG kernel:pci 0000:00:00.0: [8086:1237] type 00 class 0x060000
17:12:27,601 DEBUG kernel:pci 0000:00:01.0: [8086:7000] type 00 class 0x060100
17:12:27,601 DEBUG kernel:pci 0000:00:01.1: [8086:7010] type 00 class 0x010180
17:12:27,601 DEBUG kernel:pci 0000:00:01.1: reg 0x20: [io  0xc0a0-0xc0af]
17:12:27,601 INFO kernel:pci 0000:00:01.1: legacy IDE quirk: reg 0x10: [io  0x01f0-0x01f7]
17:12:27,601 INFO kernel:pci 0000:00:01.1: legacy IDE quirk: reg 0x14: [io  0x03f6]
17:12:27,602 INFO kernel:pci 0000:00:01.1: legacy IDE quirk: reg 0x18: [io  0x0170-0x0177]
17:12:27,602 INFO kernel:pci 0000:00:01.1: legacy IDE quirk: reg 0x1c: [io  0x0376]
17:12:27,602 DEBUG kernel:pci 0000:00:01.2: [8086:7020] type 00 class 0x0c0300
17:12:27,602 DEBUG kernel:pci 0000:00:01.2: reg 0x20: [io  0xc040-0xc05f]
17:12:27,602 DEBUG kernel:pci 0000:00:01.3: [8086:7113] type 00 class 0x068000
17:12:27,602 INFO kernel:pci 0000:00:01.3: quirk: [io  0x0600-0x063f] claimed by PIIX4 ACPI
17:12:27,602 INFO kernel:pci 0000:00:01.3: quirk: [io  0x0700-0x070f] claimed by PIIX4 SMB
17:12:27,603 DEBUG kernel:pci 0000:00:02.0: [1013:00b8] type 00 class 0x030000
17:12:27,603 DEBUG kernel:pci 0000:00:02.0: reg 0x10: [mem 0xfc000000-0xfdffffff pref]
17:12:27,603 DEBUG kernel:pci 0000:00:02.0: reg 0x14: [mem 0xfebd0000-0xfebd0fff]
17:12:27,603 DEBUG kernel:pci 0000:00:02.0: reg 0x30: [mem 0xfebc0000-0xfebcffff pref]
17:12:27,603 DEBUG kernel:pci 0000:00:03.0: [1af4:1000] type 00 class 0x020000
17:12:27,603 DEBUG kernel:pci 0000:00:03.0: reg 0x10: [io  0xc060-0xc07f]
17:12:27,603 DEBUG kernel:pci 0000:00:03.0: reg 0x14: [mem 0xfebd1000-0xfebd1fff]
17:12:27,604 DEBUG kernel:pci 0000:00:03.0: reg 0x30: [mem 0xfeb80000-0xfebbffff pref]
17:12:27,604 DEBUG kernel:pci 0000:00:04.0: [1af4:1001] type 00 class 0x010000
17:12:27,604 DEBUG kernel:pci 0000:00:04.0: reg 0x10: [io  0xc000-0xc03f]
17:12:27,604 DEBUG kernel:pci 0000:00:04.0: reg 0x14: [mem 0xfebd2000-0xfebd2fff]
17:12:27,604 DEBUG kernel:pci 0000:00:05.0: [1af4:1002] type 00 class 0x00ff00
17:12:27,604 DEBUG kernel:pci 0000:00:05.0: reg 0x10: [io  0xc080-0xc09f]
17:12:27,604 INFO kernel:ACPI: PCI Interrupt Link [LNKA] (IRQs 5 *10 11)
17:12:27,604 INFO kernel:ACPI: PCI Interrupt Link [LNKB] (IRQs 5 *10 11)
17:12:27,604 INFO kernel:ACPI: PCI Interrupt Link [LNKC] (IRQs 5 10 *11)
17:12:27,604 INFO kernel:ACPI: PCI Interrupt Link [LNKD] (IRQs 5 10 *11)
17:12:27,604 INFO kernel:ACPI: PCI Interrupt Link [LNKS] (IRQs *9)
17:12:27,605 INFO kernel:pci 0000:00:02.0: vgaarb: setting as boot VGA device
17:12:27,605 INFO kernel:pci 0000:00:02.0: vgaarb: VGA device added: decodes=io+mem,owns=io+mem,locks=none
17:12:27,605 INFO kernel:pci 0000:00:02.0: vgaarb: bridge control possible
17:12:27,605 INFO kernel:vgaarb: loaded
17:12:27,605 NOTICE kernel:SCSI subsystem initialized
17:12:27,605 INFO kernel:ACPI: bus type USB registered
17:12:27,605 INFO kernel:usbcore: registered new interface driver usbfs
17:12:27,605 INFO kernel:usbcore: registered new interface driver hub
17:12:27,605 INFO kernel:usbcore: registered new device driver usb
17:12:27,605 INFO kernel:pps_core: LinuxPPS API ver. 1 registered
17:12:27,605 INFO kernel:pps_core: Software ver. 5.3.6 - Copyright 2005-2007 Rodolfo Giometti <giometti@linux.it>
17:12:27,605 INFO kernel:PTP clock support registered
17:12:27,605 INFO kernel:EDAC MC: Ver: 3.0.0
17:12:27,605 INFO kernel:PCI: Using ACPI for IRQ routing
17:12:27,605 DEBUG kernel:PCI: pci_cache_line_size set to 64 bytes
17:12:27,605 DEBUG kernel:e820: reserve RAM buffer [mem 0x0009fc00-0x0009ffff]
17:12:27,605 DEBUG kernel:e820: reserve RAM buffer [mem 0xbfffa000-0xbfffffff]
17:12:27,605 INFO kernel:NetLabel: Initializing
17:12:27,605 INFO kernel:NetLabel:  domain hash size = 128
17:12:27,605 INFO kernel:NetLabel:  protocols = UNLABELED CIPSOv4 CALIPSO
17:12:27,605 INFO kernel:NetLabel:  unlabeled traffic allowed by default
17:12:27,605 INFO kernel:clocksource: Switched to clocksource kvm-clock
17:12:27,605 NOTICE kernel:VFS: Disk quotas dquot_6.6.0
17:12:27,605 INFO kernel:VFS: Dquot-cache hash table entries: 512 (order 0, 4096 bytes)
17:12:27,605 INFO kernel:pnp: PnP ACPI init
17:12:27,609 DEBUG kernel:pnp 00:00: Plug and Play ACPI device, IDs PNP0b00 (active)
17:12:27,609 DEBUG kernel:pnp 00:01: Plug and Play ACPI device, IDs PNP0303 (active)
17:12:27,609 DEBUG kernel:pnp 00:02: Plug and Play ACPI device, IDs PNP0f13 (active)
17:12:27,609 DEBUG kernel:pnp 00:03: [dma 2]
17:12:27,610 DEBUG kernel:pnp 00:03: Plug and Play ACPI device, IDs PNP0700 (active)
17:12:27,610 DEBUG kernel:pnp 00:04: Plug and Play ACPI device, IDs PNP0501 (active)
17:12:27,610 DEBUG kernel:pnp 00:05: Plug and Play ACPI device, IDs PNP0501 (active)
17:12:27,610 INFO kernel:pnp: PnP ACPI: found 6 devices
17:12:27,610 INFO kernel:clocksource: acpi_pm: mask: 0xffffff max_cycles: 0xffffff, max_idle_ns: 2085701024 ns
17:12:27,610 DEBUG kernel:pci_bus 0000:00: resource 4 [io  0x0000-0x0cf7 window]
17:12:27,610 DEBUG kernel:pci_bus 0000:00: resource 5 [io  0x0d00-0xffff window]
17:12:27,610 DEBUG kernel:pci_bus 0000:00: resource 6 [mem 0x000a0000-0x000bffff window]
17:12:27,610 DEBUG kernel:pci_bus 0000:00: resource 7 [mem 0xc0000000-0xfebfffff window]
17:12:27,611 INFO kernel:NET: Registered protocol family 2
17:12:27,611 INFO kernel:tcp_listen_portaddr_hash hash table entries: 2048 (order: 3, 32768 bytes)
17:12:27,611 INFO kernel:TCP established hash table entries: 32768 (order: 6, 262144 bytes)
17:12:27,611 INFO kernel:TCP bind hash table entries: 32768 (order: 7, 524288 bytes)
17:12:27,611 INFO kernel:TCP: Hash tables configured (established 32768 bind 32768)
17:12:27,611 INFO kernel:UDP hash table entries: 2048 (order: 4, 65536 bytes)
17:12:27,611 INFO kernel:UDP-Lite hash table entries: 2048 (order: 4, 65536 bytes)
17:12:27,611 INFO kernel:NET: Registered protocol family 1
17:12:27,611 INFO kernel:NET: Registered protocol family 44
17:12:27,611 INFO kernel:pci 0000:00:00.0: Limiting direct PCI/PCI transfers
17:12:27,611 INFO kernel:pci 0000:00:01.0: PIIX3: Enabling Passive Release
17:12:27,611 INFO kernel:pci 0000:00:01.0: Activating ISA DMA hang workarounds
17:12:27,611 INFO kernel:PCI Interrupt Link [LNKD] enabled at IRQ 11
17:12:27,611 INFO kernel:pci 0000:00:02.0: Video device with shadowed ROM at [mem 0x000c0000-0x000dffff]
17:12:27,611 DEBUG kernel:PCI: CLS 0 bytes, default 64
17:12:27,611 INFO kernel:Unpacking initramfs...
17:12:27,611 INFO kernel:Freeing initrd memory: 59072K
17:12:27,611 INFO kernel:PCI-DMA: Using software bounce buffering for IO (SWIOTLB)
17:12:27,611 INFO kernel:software IO TLB: mapped [mem 0xbbffa000-0xbfffa000] (64MB)
17:12:27,611 INFO kernel:clocksource: tsc: mask: 0xffffffffffffffff max_cycles: 0x1fb62f12e8c, max_idle_ns: 440795238402 ns
17:12:27,611 NOTICE kernel:Initialise system trusted keyrings
17:12:27,611 NOTICE kernel:Key type blacklist registered
17:12:27,611 INFO kernel:workingset: timestamp_bits=36 max_order=20 bucket_order=0
17:12:27,611 INFO kernel:zbud: loaded
17:12:27,611 INFO kernel:pstore: using deflate compression
17:12:27,611 DEBUG kernel:SELinux:  Registering netfilter hooks
17:12:27,611 NOTICE kernel:Platform Keyring initialized
17:12:27,611 INFO kernel:NET: Registered protocol family 38
17:12:27,611 NOTICE kernel:Key type asymmetric registered
17:12:27,611 NOTICE kernel:Asymmetric key parser 'x509' registered
17:12:27,611 INFO kernel:Block layer SCSI generic (bsg) driver version 0.4 loaded (major 246)
17:12:27,611 INFO kernel:io scheduler mq-deadline registered
17:12:27,611 INFO kernel:io scheduler kyber registered
17:12:27,611 INFO kernel:io scheduler bfq registered
17:12:27,611 INFO kernel:atomic64_test: passed for x86-64 platform with CX8 and with SSE
17:12:27,611 INFO kernel:shpchp: Standard Hot Plug PCI Controller Driver version: 0.4
17:12:27,611 DEBUG kernel:intel_idle: does not run on family 6 model 13
17:12:27,611 INFO kernel:input: Power Button as /devices/LNXSYSTM:00/LNXPWRBN:00/input/input0
17:12:27,611 INFO kernel:ACPI: Power Button [PWRF]
17:12:27,611 INFO kernel:PCI Interrupt Link [LNKC] enabled at IRQ 10
17:12:27,612 INFO kernel:virtio-pci 0000:00:03.0: virtio_pci: leaving for legacy driver
17:12:27,612 INFO kernel:virtio-pci 0000:00:04.0: virtio_pci: leaving for legacy driver
17:12:27,612 INFO kernel:PCI Interrupt Link [LNKA] enabled at IRQ 10
17:12:27,612 INFO kernel:virtio-pci 0000:00:05.0: virtio_pci: leaving for legacy driver
17:12:27,612 INFO kernel:Serial: 8250/16550 driver, 4 ports, IRQ sharing enabled
17:12:27,612 INFO kernel:00:04: ttyS0 at I/O 0x3f8 (irq = 4, base_baud = 115200) is a 16550A
17:12:27,612 INFO kernel:00:05: ttyS1 at I/O 0x2f8 (irq = 3, base_baud = 115200) is a 16550A
17:12:27,612 INFO kernel:Non-volatile memory driver v1.3
17:12:27,612 INFO kernel:Linux agpgart interface v0.103
17:12:27,612 INFO kernel:rdac: device handler registered
17:12:27,612 INFO kernel:hp_sw: device handler registered
17:12:27,612 INFO kernel:emc: device handler registered
17:12:27,612 INFO kernel:alua: device handler registered
17:12:27,612 INFO kernel:libphy: Fixed MDIO Bus: probed
17:12:27,612 INFO kernel:ehci_hcd: USB 2.0 'Enhanced' Host Controller (EHCI) Driver
17:12:27,612 INFO kernel:ehci-pci: EHCI PCI platform driver
17:12:27,612 INFO kernel:ohci_hcd: USB 1.1 'Open' Host Controller (OHCI) Driver
17:12:27,612 INFO kernel:ohci-pci: OHCI PCI platform driver
17:12:27,612 INFO kernel:uhci_hcd: USB Universal Host Controller Interface driver
17:12:27,612 INFO kernel:uhci_hcd 0000:00:01.2: UHCI Host Controller
17:12:27,612 INFO kernel:uhci_hcd 0000:00:01.2: new USB bus registered, assigned bus number 1
17:12:27,612 INFO kernel:uhci_hcd 0000:00:01.2: detected 2 ports
17:12:27,613 INFO kernel:uhci_hcd 0000:00:01.2: irq 11, io base 0x0000c040
17:12:27,613 INFO kernel:usb usb1: New USB device found, idVendor=1d6b, idProduct=0001, bcdDevice= 4.18
17:12:27,613 INFO kernel:usb usb1: New USB device strings: Mfr=3, Product=2, SerialNumber=1
17:12:27,613 INFO kernel:usb usb1: Product: UHCI Host Controller
17:12:27,613 INFO kernel:usb usb1: Manufacturer: Linux 4.18.0-80.el8.x86_64 uhci_hcd
17:12:27,613 INFO kernel:usb usb1: SerialNumber: 0000:00:01.2
17:12:27,613 INFO kernel:hub 1-0:1.0: USB hub found
17:12:27,614 INFO kernel:hub 1-0:1.0: 2 ports detected
17:12:27,614 INFO kernel:usbcore: registered new interface driver usbserial_generic
17:12:27,614 INFO kernel:usbserial: USB Serial support registered for generic
17:12:27,614 INFO kernel:i8042: PNP: PS/2 Controller [PNP0303:KBD,PNP0f13:MOU] at 0x60,0x64 irq 1,12
17:12:27,614 INFO kernel:serio: i8042 KBD port at 0x60,0x64 irq 1
17:12:27,614 INFO kernel:serio: i8042 AUX port at 0x60,0x64 irq 12
17:12:27,614 INFO kernel:mousedev: PS/2 mouse device common for all mice
17:12:27,614 INFO kernel:rtc_cmos 00:00: RTC can wake from S4
17:12:27,614 INFO kernel:input: AT Translated Set 2 keyboard as /devices/platform/i8042/serio0/input/input1
17:12:27,614 INFO kernel:rtc_cmos 00:00: registered as rtc0
17:12:27,614 INFO kernel:rtc_cmos 00:00: alarms up to one day, 114 bytes nvram
17:12:27,614 INFO kernel:input: VirtualPS/2 VMware VMMouse as /devices/platform/i8042/serio1/input/input4
17:12:27,614 INFO kernel:hidraw: raw HID events driver (C) Jiri Kosina
17:12:27,614 INFO kernel:usbcore: registered new interface driver usbhid
17:12:27,614 INFO kernel:usbhid: USB HID core driver
17:12:27,614 INFO kernel:drop_monitor: Initializing network drop monitor service
17:12:27,614 INFO kernel:input: VirtualPS/2 VMware VMMouse as /devices/platform/i8042/serio1/input/input3
17:12:27,614 INFO kernel:Initializing XFRM netlink socket
17:12:27,614 INFO kernel:NET: Registered protocol family 10
17:12:27,614 INFO kernel:Segment Routing with IPv6
17:12:27,614 INFO kernel:NET: Registered protocol family 17
17:12:27,614 INFO kernel:mpls_gso: MPLS GSO support
17:12:27,614 INFO kernel:RAS: Correctable Errors collector initialized.
17:12:27,614 INFO kernel:sched_clock: Marking stable (4132319865, 0)->(4516292590, -383972725)
17:12:27,614 INFO kernel:registered taskstats version 1
17:12:27,614 NOTICE kernel:Loading compiled-in X.509 certificates
17:12:27,614 NOTICE kernel:Loaded X.509 cert 'CentOS Linux kernel signing key: 105deb30304b033ee0e85d996b31322a79a82578'
17:12:27,614 NOTICE kernel:Loaded X.509 cert 'CentOS Linux Driver update signing key: 29bd4c0d06d2e9911044b5dc973309139b51d6d5'
17:12:27,614 NOTICE kernel:Loaded X.509 cert 'CentOS Linux kpatch signing key: b49f086205909dc4da2cfa99376fb191d2f09e78'
17:12:27,614 INFO kernel:zswap: loaded using pool lzo/zbud
17:12:27,614 NOTICE kernel:Key type big_key registered
17:12:27,614 NOTICE kernel:Key type trusted registered
17:12:27,614 NOTICE kernel:Key type encrypted registered
17:12:27,614 INFO kernel:ima: No TPM chip found, activating TPM-bypass! (rc=-19)
17:12:27,614 INFO kernel:ima: Allocated hash algorithm: sha1
17:12:27,614 INFO kernel:evm: Initialising EVM extended attributes:
17:12:27,614 INFO kernel:evm: security.selinux
17:12:27,614 INFO kernel:evm: security.ima
17:12:27,614 INFO kernel:evm: security.capability
17:12:27,614 INFO kernel:evm: HMAC attrs: 0x1
17:12:27,615 INFO kernel:rtc_cmos 00:00: setting system clock to 2019-09-27 17:12:27 UTC (1569604347)
17:12:27,615 INFO kernel:Freeing unused kernel memory: 2344K
17:12:27,615 INFO kernel:Write protecting the kernel read-only data: 18432k
17:12:27,615 INFO kernel:Freeing unused kernel memory: 2020K
17:12:27,615 INFO kernel:Freeing unused kernel memory: 280K
17:12:27,615 INFO systemd:systemd 239 running in system mode. (+PAM +AUDIT +SELINUX +IMA -APPARMOR +SMACK +SYSVINIT +UTMP +LIBCRYPTSETUP +GCRYPT +GNUTLS +ACL +XZ +LZ4 +SECCOMP +BLKID +ELFUTILS +KMOD +IDN2 -IDN +PCRE2 default-hierarchy=legacy)
17:12:27,615 INFO systemd:Detected virtualization kvm.
17:12:27,615 INFO systemd:Detected architecture x86-64.
17:12:27,615 INFO systemd:Running in initial RAM disk.
17:12:27,615 INFO systemd:No hostname configured.
17:12:27,615 INFO systemd:Set hostname to <localhost>.
17:12:27,615 INFO systemd:Initializing machine ID from KVM UUID.
17:12:27,615 NOTICE kernel:random: ln: uninitialized urandom read (6 bytes read)
17:12:27,615 NOTICE kernel:random: ln: uninitialized urandom read (6 bytes read)
17:12:27,615 NOTICE kernel:random: systemd: uninitialized urandom read (16 bytes read)
17:12:27,615 INFO systemd:Reached target Swap.
17:12:27,615 INFO systemd:Listening on Journal Socket (/dev/log).
17:12:27,615 INFO systemd:Listening on Open-iSCSI iscsiuio Socket.
17:12:27,615 INFO kernel:Loading iSCSI transport class v2.0-870.
17:12:27,615 INFO systemd-journald:Journal started
17:12:27,615 INFO systemd-journald:Runtime journal (/run/log/journal/a29918aae9c94d83b3f872e6d7ae410e) is 8.0M, max 197.0M, 189.0M free.
17:12:27,634 INFO systemd:Started Setup Virtual Console.
17:12:27,635 INFO systemd:Started Create Static Device Nodes in /dev.
17:12:27,637 INFO systemd:Starting dracut cmdline hook...
17:12:27,649 INFO dracut-cmdline:dracut-8 (Core) dracut-049-10.git20190115.el8
17:12:27,651 INFO dracut-cmdline:Using kernel command line parameters: method=http://mirror.centos.org/centos/8.0.1905/BaseOS/x86_64/kickstart/ ks=file:/ks.cfg
17:12:27,702 INFO kernel:BIOS EDD facility v0.16 2004-Jun-25, 1 devices found
17:12:27,722 INFO dracut-cmdline:Loading CentOS Linux 8.0.1905 x86_64 installer...
17:12:27,737 INFO dracut-cmdline:Warning: 'method=' is deprecated. Using 'repo=http://mirror.centos.org/centos/8.0.1905/BaseOS/x86_64/kickstart/' instead.
17:12:27,754 INFO dracut-cmdline:anaconda: parsing kickstart /ks.cfg
17:12:28,407 INFO dracut-cmdline:parse-kickstart WARNING: No device with link found for --device=link
17:12:28,502 INFO dracut-cmdline:rd.luks=0: removing cryptoluks activation
17:12:28,524 INFO dracut-cmdline:rd.lvm=0: removing LVM activation
17:12:28,551 NOTICE kernel:iscsi: registered transport (tcp)
17:12:28,572 NOTICE kernel:iscsi: registered transport (qla4xxx)
17:12:28,572 INFO kernel:QLogic iSCSI HBA Driver
17:12:28,579 INFO kernel:libcxgbi:libcxgbi_init_module: Chelsio iSCSI driver library libcxgbi v0.9.1-ko (Apr. 2015)
17:12:28,606 INFO kernel:Chelsio T4-T6 iSCSI Driver cxgb4i v0.9.5-ko (Apr. 2015)
17:12:28,606 NOTICE kernel:iscsi: registered transport (cxgb4i)
17:12:28,613 INFO kernel:cnic: QLogic cnicDriver v2.5.22 (July 20, 2015)
17:12:28,617 INFO kernel:QLogic NetXtreme II iSCSI Driver bnx2i v2.7.10.1 (Jul 16, 2014)
17:12:28,617 NOTICE kernel:iscsi: registered transport (bnx2i)
17:12:28,626 NOTICE kernel:iscsi: registered transport (be2iscsi)
17:12:28,626 INFO kernel:In beiscsi_module_init, tt=(____ptrval____)
17:12:28,663 INFO systemd:Started dracut cmdline hook.
17:12:28,665 INFO systemd:Starting dracut pre-udev hook...
17:12:28,704 INFO kernel:squashfs: version 4.0 (2009/01/31) Phillip Lougher
17:12:28,718 INFO dracut-pre-udev:modprobe: FATAL: Module floppy not found in directory /lib/modules/4.18.0-80.el8.x86_64
17:12:28,733 INFO kernel:No iBFT detected.
17:12:28,803 INFO kernel:raid6: sse2x1   gen() 10812 MB/s
17:12:28,820 INFO kernel:raid6: sse2x1   xor()  7417 MB/s
17:12:28,837 INFO kernel:raid6: sse2x2   gen() 12691 MB/s
17:12:28,854 INFO kernel:raid6: sse2x2   xor()  8201 MB/s
17:12:28,871 INFO kernel:raid6: sse2x4   gen() 15042 MB/s
17:12:28,888 INFO kernel:raid6: sse2x4   xor()  9529 MB/s
17:12:28,888 INFO kernel:raid6: using algorithm sse2x4 gen() 15042 MB/s
17:12:28,888 INFO kernel:raid6: .... xor() 9529 MB/s, rmw enabled
17:12:28,888 INFO kernel:raid6: using intx1 recovery algorithm
17:12:28,890 INFO kernel:async_tx: api initialized (async)
17:12:28,892 INFO kernel:xor: measuring software checksum speed
17:12:28,902 INFO kernel:   prefetch64-sse: 18832.000 MB/sec
17:12:28,912 INFO kernel:   generic_sse: 16876.000 MB/sec
17:12:28,912 INFO kernel:xor: using function: prefetch64-sse (18832.000 MB/sec)
17:12:28,981 INFO kernel:device-mapper: uevent: version 1.0.3
17:12:28,981 INFO kernel:device-mapper: ioctl: 4.39.0-ioctl (2018-04-03) initialised: dm-devel@redhat.com
17:12:29,034 INFO kernel:device-mapper: multipath round-robin: version 1.2.0 loaded
17:12:29,079 INFO dracut-pre-udev:modprobe: ERROR: could not insert 'sha256_mb': No such device
17:12:29,140 INFO kernel:RPC: Registered named UNIX socket transport module.
17:12:29,140 INFO kernel:RPC: Registered udp transport module.
17:12:29,140 INFO kernel:RPC: Registered tcp transport module.
17:12:29,141 INFO kernel:RPC: Registered tcp NFSv4.1 backchannel transport module.
17:12:29,166 NOTICE rpc.statd:Version 2.3.3 starting
17:12:29,169 NOTICE rpc.statd:Initializing NSM state
17:12:29,169 WARNING rpc.statd:Running as root.  chown /var/lib/nfs/statd to choose different user
17:12:29,184 WARNING rpc.idmapd:Setting log level to 0
17:12:29,199 INFO systemd:Started dracut pre-udev hook.
17:12:29,200 INFO systemd:Starting udev Kernel Device Manager...
17:12:29,216 INFO systemd:Started udev Kernel Device Manager.
17:12:29,218 INFO systemd:Starting dracut pre-trigger hook...
17:12:29,232 INFO lldpad:config file failed to load,
17:12:29,232 INFO lldpad:create a new file.
17:12:29,232 INFO lldpad:bound ctrl iface to /com/intel/lldpad
17:12:29,233 INFO dracut-pre-trigger:699
17:12:29,240 INFO dracut-pre-trigger:rd.md=0: removing MD RAID activation
17:12:29,300 INFO systemd:Started dracut pre-trigger hook.
17:12:29,302 INFO systemd:Starting udev Coldplug all Devices...
17:12:29,333 INFO systemd:Mounting Kernel Configuration File System...
17:12:29,338 INFO systemd:Mounted Kernel Configuration File System.
17:12:29,363 INFO systemd:Started udev Coldplug all Devices.
17:12:29,365 INFO systemd:Starting udev Wait for Complete Device Initialization...
17:12:29,367 INFO systemd:Starting Show Plymouth Boot Screen...
17:12:29,378 NOTICE kernel:virtio_blk virtio1: [vda] 20971520 512-byte logical blocks (10.7 GB/10.0 GiB)
17:12:29,394 INFO systemd-udevd:link_config: autonegotiation is unset or enabled, the speed and duplex are not writable.
17:12:29,407 INFO systemd:Received SIGRTMIN+20 from PID 792 (plymouthd).
17:12:29,407 INFO systemd:Started Show Plymouth Boot Screen.
17:12:29,407 INFO systemd:Started Forward Password Requests to Plymouth Directory Watch.
17:12:29,407 INFO systemd:Reached target Paths.
17:12:29,407 INFO systemd:Reached target Local Encrypted Volumes.
17:12:29,411 INFO systemd-udevd:link_config: autonegotiation is unset or enabled, the speed and duplex are not writable.
17:12:29,412 INFO kernel:virtio_net virtio0 ens3: renamed from eth0
17:12:29,413 DEBUG kernel:libata version 3.00 loaded.
17:12:29,425 DEBUG kernel:ata_piix 0000:00:01.1: version 2.13
17:12:29,427 INFO kernel:scsi host0: ata_piix
17:12:29,427 INFO kernel:scsi host1: ata_piix
17:12:29,427 INFO kernel:ata1: PATA max MWDMA2 cmd 0x1f0 ctl 0x3f6 bmdma 0xc0a0 irq 14
17:12:29,428 INFO kernel:ata2: PATA max MWDMA2 cmd 0x170 ctl 0x376 bmdma 0xc0a8 irq 15
17:12:29,430 INFO kernel:8021q: 802.1Q VLAN Support v1.8
17:12:29,463 INFO kernel:[TTM] Zone  kernel: Available graphics memory: 2017580 kiB
17:12:29,463 INFO kernel:[TTM] Initializing pool allocator
17:12:29,463 INFO kernel:[TTM] Initializing DMA pool allocator
17:12:29,464 INFO kernel:[drm] fb mappable at 0xFC000000
17:12:29,464 INFO kernel:[drm] vram aper at 0xFC000000
17:12:29,464 INFO kernel:[drm] size 33554432
17:12:29,464 INFO kernel:[drm] fb depth is 24
17:12:29,464 INFO kernel:[drm]    pitch is 3072
17:12:29,480 INFO kernel:fbcon: cirrusdrmfb (fb0) is primary device
17:12:29,482 WARNING kernel:pmd_set_huge: Cannot satisfy [mem 0xfc000000-0xfc200000] with a huge-page mapping due to MTRR override.
17:12:29,491 INFO kernel:Console: switching to colour frame buffer device 128x48
17:12:29,494 INFO kernel:cirrus 0000:00:02.0: fb0: cirrusdrmfb frame buffer device
17:12:29,498 INFO kernel:[drm] Initialized cirrus 1.0.0 20110418 for 0000:00:02.0 on minor 0
17:12:29,595 INFO systemd:Started udev Wait for Complete Device Initialization.
17:12:29,595 INFO systemd:Starting Device-Mapper Multipath Device Controller...
17:12:29,599 INFO systemd:Started Device-Mapper Multipath Device Controller.
17:12:29,599 INFO systemd:Reached target Local File Systems (Pre).
17:12:29,599 INFO systemd:Reached target Local File Systems.
17:12:29,599 INFO systemd:Starting Create Volatile Files and Directories...
17:12:29,599 INFO systemd:Starting Open-iSCSI...
17:12:29,602 INFO multipathd:--------start up--------
17:12:29,602 INFO multipathd:read /etc/multipath.conf
17:12:29,604 INFO multipathd:path checkers start up
17:12:29,604 WARNING iscsid:iSCSI logger with pid=836 started!
17:12:29,605 INFO systemd:iscsid.service: Failed to parse PID from file /var/run/iscsid.pid: Invalid argument
17:12:29,612 INFO systemd:Started Open-iSCSI.
17:12:29,613 INFO systemd:Started Create Volatile Files and Directories.
17:12:29,613 INFO systemd:Reached target System Initialization.
17:12:29,613 INFO systemd:Reached target Basic System.
17:12:29,613 INFO systemd:Starting dracut initqueue hook...
17:12:29,643 INFO systemd:Reloading.
17:12:29,728 INFO kernel:IPv6: ADDRCONF(NETDEV_UP): ens3: link is not ready
17:12:29,728 INFO kernel:8021q: adding VLAN 0 to HW filter on device ens3
17:12:29,737 INFO dracut-initqueue:Starting dhcp for interface ens3
17:12:29,761 INFO dracut-initqueue:dhcp: PREINIT ens3 up
17:12:29,776 INFO dhclient:Created duid "\000\004\242\231\030\252\351\311M\203\263\370r\346\327\256A\016".
17:12:29,777 INFO dhclient:DHCPDISCOVER on ens3 to 255.255.255.255 port 67 interval 4 (xid=0xb34a6e50)
17:12:30,456 INFO kernel:IPv6: ADDRCONF(NETDEV_CHANGE): ens3: link becomes ready
17:12:30,605 INFO iscsid:iSCSI daemon with pid=837 started!
17:12:30,605 ERR iscsid:can't open InitiatorName configuration file /etc/iscsi/initiatorname.iscsi
17:12:30,605 ERR iscsid:Warning: InitiatorName file /etc/iscsi/initiatorname.iscsi does not exist or does not contain a properly formatted InitiatorName. If using software iscsi (iscsi_tcp or ib_iser) or partial offload (bnx2i or cxgbi iscsi), you may not be able to log into or
17:12:30,605 ERR iscsid:can't open InitiatorAlias configuration file /etc/iscsi/initiatorname.iscsi
17:12:32,782 INFO dhclient:DHCPREQUEST on ens3 to 255.255.255.255 port 67 (xid=0xb34a6e50)
17:12:32,782 INFO dhclient:DHCPOFFER from 192.168.122.1
17:12:32,782 INFO dhclient:DHCPACK from 192.168.122.1 (xid=0xb34a6e50)
17:12:32,802 INFO dracut-initqueue:dhcp: BOND setting ens3
17:12:34,821 INFO dhclient:bound to 192.168.122.185 -- renewal in 1379 seconds.
17:12:34,844 INFO dracut-initqueue:RTNETLINK answers: File exists
17:12:35,434 INFO dracut-initqueue:anaconda: stage2 locations are: http://mirror.centos.org/centos/8.0.1905/BaseOS/x86_64/kickstart/
17:12:35,435 INFO dracut-initqueue:anaconda: fetching stage2 from http://mirror.centos.org/centos/8.0.1905/BaseOS/x86_64/kickstart/
17:12:35,502 INFO dracut-initqueue:Warning: can't find installer main image path in .treeinfo
17:12:35,512 INFO dracut-initqueue:  % Total    % Received % Xferd  Average Speed   Time    Time     Time  Current
17:12:35,512 INFO dracut-initqueue:                                 Dload  Upload   Total   Spent    Left  Speed
17:12:35,553 NOTICE kernel:random: fast init done
17:12:37,928 NOTICE kernel:random: crng init done
17:12:37,928 NOTICE kernel:random: 7 urandom warning(s) missed due to ratelimiting
17:12:39,514 INFO dracut-initqueue:#015  0     0    0     0    0     0      0      0 --:--:-- --:--:-- --:--:--     0#015 20  448M   20 90.4M    0     0   111M      0  0:00:04 --:--:--  0:00:04  111M#015 45  448M   45  202M    0     0   112M      0  0:00:04  0:00:01  0:00:03  112M#015 70  448M   70  314M    0     0   112M      0  0:00:04  0:00:02  0:00:02  112M#015 95  448M   95  427M    0     0   112M      0  0:00:04  0:00:03  0:00:01  112M#015100  448M  100  448M    0     0   112M      0  0:00:04  0:00:04 --:--:--  112M
17:12:39,518 INFO dracut-initqueue:anaconda: successfully fetched stage2 from http://mirror.centos.org/centos/8.0.1905/BaseOS/x86_64/kickstart/
17:12:39,627 INFO kernel:loop: module loaded
17:12:39,770 INFO systemd:Started dracut initqueue hook.
17:12:39,770 INFO systemd:Reached target Remote File Systems (Pre).
17:12:39,771 INFO systemd:Reached target Remote File Systems.
17:12:39,772 INFO systemd:Starting dracut pre-mount hook...
17:12:39,784 INFO systemd:Started dracut pre-mount hook.
17:12:39,784 INFO systemd:Reached target Initrd Root File System.
17:12:39,786 INFO systemd:Starting Reload Configuration from the Real Root...
17:12:39,792 INFO systemd:Reloading.
17:12:39,862 INFO systemd:Started Reload Configuration from the Real Root.
17:12:39,865 INFO systemd:Starting dracut mount hook...
17:12:39,866 INFO systemd:Reached target Initrd File Systems.
17:12:39,867 INFO systemd:Reached target Initrd Default Target.
17:12:39,964 INFO kernel:EXT4-fs (dm-0): mounted filesystem with ordered data mode. Opts: (null)
17:12:39,983 INFO systemd:Started dracut mount hook.
17:12:39,984 INFO systemd:Starting dracut pre-pivot and cleanup hook...
17:12:41,034 INFO systemd:Started dracut pre-pivot and cleanup hook.
17:12:41,035 INFO systemd:Starting Cleaning Up and Shutting Down Daemons...
17:12:41,041 INFO systemd:Stopped dracut pre-pivot and cleanup hook.
17:12:41,042 INFO systemd:Starting Setup Virtual Console...
17:12:41,043 INFO systemd:Stopped target Remote File Systems.
17:12:41,044 INFO systemd:Stopped target Timers.
17:12:41,046 INFO systemd:Stopped target Remote File Systems (Pre).
17:12:41,047 INFO systemd:Stopped target Initrd Default Target.
17:12:41,048 INFO systemd:Stopped target Basic System.
17:12:41,048 INFO systemd:Stopped target Paths.
17:12:41,050 INFO systemd:Stopped target System Initialization.
17:12:41,051 INFO systemd:Stopped Create Volatile Files and Directories.
17:12:41,052 INFO systemd:Stopped target Swap.
17:12:41,053 INFO systemd:Stopped target Local File Systems.
17:12:41,054 INFO systemd:Stopped target Local File Systems (Pre).
17:12:41,055 INFO systemd:Stopped target Slices.
17:12:41,057 INFO systemd:Stopped target Initrd Root Device.
17:12:41,059 INFO systemd:Starting Plymouth switch root service...
17:12:41,059 INFO systemd:Stopped Apply Kernel Variables.
17:12:41,060 INFO systemd:Stopped dracut mount hook.
17:12:41,061 INFO systemd:Stopped dracut pre-mount hook.
17:12:41,062 INFO systemd:Stopped target Local Encrypted Volumes.
17:12:41,064 INFO systemd:Stopped dracut initqueue hook.
17:12:41,065 INFO systemd:Stopping Open-iSCSI...
17:12:41,065 INFO systemd:Stopped target Sockets.
17:12:41,069 INFO systemd:Started Setup Virtual Console.
17:12:41,069 WARNING iscsid:iscsid shutting down.
17:12:41,070 INFO systemd:Stopped Open-iSCSI.
17:12:41,072 INFO systemd:Stopping iSCSI UserSpace I/O driver...
17:12:41,073 INFO systemd:Stopping Device-Mapper Multipath Device Controller...
17:12:41,074 INFO systemd:Closed Open-iSCSI iscsid Socket.
17:12:41,075 INFO systemd:Stopped iSCSI UserSpace I/O driver.
17:12:41,076 INFO systemd:Started Cleaning Up and Shutting Down Daemons.
17:12:41,077 INFO systemd:Started Plymouth switch root service.
17:12:41,078 INFO systemd:Closed Open-iSCSI iscsiuio Socket.
17:12:41,083 INFO multipathd:ok
17:12:41,083 INFO multipathd:--------shut down-------
17:12:41,087 INFO systemd:Stopped Device-Mapper Multipath Device Controller.
17:12:41,087 INFO systemd:Stopped udev Wait for Complete Device Initialization.
17:12:41,089 INFO systemd:Stopped udev Coldplug all Devices.
17:12:41,089 INFO systemd:Stopped dracut pre-trigger hook.
17:12:41,090 INFO systemd:Stopping udev Kernel Device Manager...
17:12:41,100 INFO systemd:Stopped udev Kernel Device Manager.
17:12:41,101 INFO systemd:Stopped Create Static Device Nodes in /dev.
17:12:41,102 INFO systemd:Stopped Create list of required static device nodes for the current kernel.
17:12:41,104 INFO systemd:Stopped dracut pre-udev hook.
17:12:41,105 INFO systemd:Stopped dracut cmdline hook.
17:12:41,106 INFO systemd:Closed udev Control Socket.
17:12:41,107 INFO systemd:Closed udev Kernel Socket.
17:12:41,108 INFO systemd:Starting Cleanup udevd DB...
17:12:41,115 INFO systemd:Started Cleanup udevd DB.
17:12:41,115 INFO systemd:Reached target Switch Root.
17:12:41,117 INFO systemd:Starting Switch Root...
17:12:41,124 NOTICE systemd:Switching root.
17:12:41,141 INFO systemd-journald:Journal stopped
17:12:42,932 INFO systemd-journald:Received SIGTERM from PID 1 (systemd).
17:12:42,933 WARNING kernel:systemd: 18 output lines suppressed due to ratelimiting
17:12:42,933 DEBUG kernel:SELinux: 32768 avtab hash slots, 116761 rules.
17:12:42,933 DEBUG kernel:SELinux: 32768 avtab hash slots, 116761 rules.
17:12:42,933 DEBUG kernel:SELinux:  8 users, 14 roles, 5165 types, 324 bools, 1 sens, 1024 cats
17:12:42,933 DEBUG kernel:SELinux:  129 classes, 116761 rules
17:12:42,933 INFO kernel:SELinux:  Class bpf not defined in policy.
17:12:42,933 INFO kernel:SELinux:  Class xdp_socket not defined in policy.
17:12:42,933 INFO kernel:SELinux: the above unknown classes and permissions will be allowed
17:12:42,933 INFO kernel:SELinux:  policy capability network_peer_controls=1
17:12:42,933 INFO kernel:SELinux:  policy capability open_perms=1
17:12:42,933 INFO kernel:SELinux:  policy capability extended_socket_class=1
17:12:42,933 INFO kernel:SELinux:  policy capability always_check_network=0
17:12:42,933 INFO kernel:SELinux:  policy capability cgroup_seclabel=1
17:12:42,933 INFO kernel:SELinux:  policy capability nnp_nosuid_transition=1
17:12:42,933 DEBUG kernel:SELinux:  Completing initialization.
17:12:42,933 DEBUG kernel:SELinux:  Setting up existing superblocks.
17:12:42,933 NOTICE kernel:audit: type=1403 audit(1569604362.227:2): auid=4294967295 ses=4294967295 lsm=selinux res=1
17:12:42,933 INFO systemd:Successfully loaded SELinux policy in 554.438ms.
17:12:42,933 INFO systemd:Relabelled /dev, /run and /sys/fs/cgroup in 26.466ms.
17:12:42,933 INFO systemd:systemd 239 running in system mode. (+PAM +AUDIT +SELINUX +IMA -APPARMOR +SMACK +SYSVINIT +UTMP +LIBCRYPTSETUP +GCRYPT +GNUTLS +ACL +XZ +LZ4 +SECCOMP +BLKID +ELFUTILS +KMOD +IDN2 -IDN +PCRE2 default-hierarchy=legacy)
17:12:42,933 INFO systemd:Detected virtualization kvm.
17:12:42,933 INFO systemd:Detected architecture x86-64.
17:12:42,933 INFO systemd:Stopped Switch Root.
17:12:42,933 INFO systemd:systemd-journald.service: Service has no hold-off time (RestartSec=0), scheduling restart.
17:12:42,933 INFO systemd:systemd-journald.service: Scheduled restart job, restart counter is at 1.
17:12:42,933 INFO systemd:Stopped Journal Service.
17:12:42,933 INFO systemd:Starting Journal Service...
17:12:42,933 INFO systemd:Created slice system-anaconda\x2dtmux.slice.
17:12:42,933 INFO systemd:Starting Create list of required static device nodes for the current kernel...
17:12:42,933 INFO systemd-journald:Journal started
17:12:42,933 INFO systemd-journald:Runtime journal (/run/log/journal/b0e8ee0371cf4016937bcaf7a0ac2e5a) is 8.0M, max 197.0M, 189.0M free.
17:12:42,953 INFO systemd:Started Create list of required static device nodes for the current kernel.
17:12:42,954 INFO systemd:Mounted Kernel Debug File System.
17:12:42,956 INFO systemd:Started Remount Root and Kernel File Systems.
17:12:42,959 INFO systemd:Started Apply Kernel Variables.
17:12:42,959 INFO systemd:Mounted POSIX Message Queue File System.
17:12:42,961 INFO systemd:Mounted Temporary Directory (/tmp).
17:12:42,962 INFO systemd:Mounted Huge Pages File System.
17:12:42,965 INFO systemd:Starting Rebuild Hardware Database...
17:12:42,966 INFO systemd:Starting Load/Save Random Seed...
17:12:42,967 INFO systemd:Starting Create System Users...
17:12:42,968 INFO systemd:Starting Flush Journal to Persistent Storage...
17:12:42,980 INFO systemd:Started Load/Save Random Seed.
17:12:42,990 INFO systemd-journald:Runtime journal (/run/log/journal/b0e8ee0371cf4016937bcaf7a0ac2e5a) is 8.0M, max 197.0M, 189.0M free.
17:12:43,004 INFO systemd:Started Flush Journal to Persistent Storage.
17:12:43,011 INFO systemd:Started Create System Users.
17:12:43,011 INFO systemd:Starting Create Static Device Nodes in /dev...
17:12:43,038 NOTICE systemd-tmpfiles:[/usr/lib/tmpfiles.d/mdadm.conf:1] Line references path below legacy directory /var/run/, updating /var/run/mdadm  /run/mdadm; please update the tmpfiles.d/ drop-in file accordingly.
17:12:43,045 NOTICE systemd-tmpfiles:[/usr/lib/tmpfiles.d/spice-vdagentd.conf:2] Line references path below legacy directory /var/run/, updating /var/run/spice-vdagentd  /run/spice-vdagentd; please update the tmpfiles.d/ drop-in file accordingly.
17:12:43,051 INFO systemd:Started udev Coldplug all Devices.
17:12:43,052 INFO systemd:Starting udev Wait for Complete Device Initialization...
17:12:43,056 INFO systemd:Started Create Static Device Nodes in /dev.
17:12:43,100 INFO systemd:Started Setup Virtual Console.
17:12:43,250 INFO systemd:Started Rebuild Hardware Database.
17:12:43,251 INFO systemd:Starting udev Kernel Device Manager...
17:12:43,297 INFO systemd:Started udev Kernel Device Manager.
17:12:43,361 INFO kernel:piix4_smbus 0000:00:01.3: SMBus Host Controller at 0x700, revision 0
17:12:43,383 INFO systemd-udevd:link_config: autonegotiation is unset or enabled, the speed and duplex are not writable.
17:12:43,386 INFO kernel:input: PC Speaker as /devices/platform/pcspkr/input/input5
17:12:43,426 INFO systemd-udevd:link_config: autonegotiation is unset or enabled, the speed and duplex are not writable.
17:12:43,551 INFO systemd:Started udev Wait for Complete Device Initialization.
17:12:43,552 INFO systemd:Starting Device-Mapper Multipath Device Controller...
17:12:43,667 INFO multipathd:--------start up--------
17:12:43,667 INFO multipathd:read /etc/multipath.conf
17:12:43,676 INFO multipathd:path checkers start up
17:12:43,688 INFO systemd:Started Device-Mapper Multipath Device Controller.
17:12:43,689 INFO systemd:Reached target Local File Systems (Pre).
17:12:43,690 INFO systemd:Reached target Local File Systems.
17:12:43,692 INFO systemd:Starting Tell Plymouth To Write Out Runtime Data...
17:12:43,694 INFO systemd:Starting Rebuild Dynamic Linker Cache...
17:12:43,695 INFO systemd:Starting Import network configuration from initramfs...
17:12:43,696 INFO systemd:Starting Rebuild Journal Catalog...
17:12:43,739 INFO systemd:Started Tell Plymouth To Write Out Runtime Data.
17:12:43,772 INFO systemd:Started Rebuild Journal Catalog.
17:12:43,800 INFO systemd:Started Import network configuration from initramfs.
17:12:43,801 INFO systemd:Starting Create Volatile Files and Directories...
17:12:43,812 NOTICE systemd-tmpfiles:[/usr/lib/tmpfiles.d/mdadm.conf:1] Line references path below legacy directory /var/run/, updating /var/run/mdadm  /run/mdadm; please update the tmpfiles.d/ drop-in file accordingly.
17:12:43,812 NOTICE systemd-tmpfiles:[/usr/lib/tmpfiles.d/spice-vdagentd.conf:2] Line references path below legacy directory /var/run/, updating /var/run/spice-vdagentd  /run/spice-vdagentd; please update the tmpfiles.d/ drop-in file accordingly.
17:12:43,844 INFO systemd:Started Create Volatile Files and Directories.
17:12:43,845 INFO systemd:Starting Update UTMP about System Boot/Shutdown...
17:12:43,858 INFO systemd:Started Update UTMP about System Boot/Shutdown.
17:12:45,523 INFO systemd:Started Rebuild Dynamic Linker Cache.
17:12:45,524 INFO systemd:Starting Update is Completed...
17:12:45,537 INFO systemd:Started Update is Completed.
17:12:45,537 INFO systemd:Reached target System Initialization.
17:12:45,538 INFO systemd:Started Daily Cleanup of Temporary Directories.
17:12:45,539 INFO systemd:Reached target Timers.
17:12:45,540 INFO systemd:Listening on Open-iSCSI iscsid Socket.
17:12:45,541 INFO systemd:Listening on D-Bus System Message Bus Socket.
17:12:45,542 INFO systemd:Listening on Open-iSCSI iscsiuio Socket.
17:12:45,543 INFO systemd:Listening on Activation socket for spice guest agent daemon.
17:12:45,544 INFO systemd:Reached target Sockets.
17:12:45,545 INFO systemd:Reached target Basic System.
17:12:45,547 INFO systemd:Starting Login Service...
17:12:45,548 INFO systemd:Starting pre-anaconda logging service...
17:12:45,549 INFO systemd:Starting Hold until boot process finishes up...
17:12:45,550 INFO systemd:Starting OpenSSH rsa Server Key Generation...
17:12:45,554 INFO systemd:Starting OpenSSH ed25519 Server Key Generation...
17:12:45,555 INFO systemd:Starting Service enabling compressing RAM with zRam...
17:12:45,557 INFO systemd:Starting Terminate Plymouth Boot Screen...
17:12:45,559 INFO systemd:Started Hardware RNG Entropy Gatherer Daemon.
17:12:45,561 INFO systemd:Starting OpenSSH ecdsa Server Key Generation...
17:12:45,562 INFO systemd:Starting Anaconda NetworkManager configuration...
17:12:45,565 INFO zramswapon:+ MAX_RAM_ON=2097152
17:12:45,566 INFO zramswapon:++ grep MemTotal /proc/meminfo
17:12:45,566 INFO zramswapon:++ grep -E --only-matching '[[:digit:]]+'
17:12:45,567 INFO zramswapon:+ mem_total_kb=4035160
17:12:45,567 INFO zramswapon:+ grep -E 'inst\.zram=(on|1)' /proc/cmdline
17:12:45,568 INFO zramswapon:+ force=1
17:12:45,568 INFO zramswapon:+ '[' '(' 4035160 -gt 2097152 ')' -a '(' 1 '!=' 0 ')' ']'
17:12:45,568 INFO zramswapon:+ exit 0
17:12:45,568 INFO systemd:Started Service enabling compressing RAM with zRam.
17:12:45,571 INFO systemd:Received SIGRTMIN+21 from PID 792 (plymouthd).
17:12:45,581 INFO systemd:Started pre-anaconda logging service.
17:12:45,586 INFO systemd:Started Hold until boot process finishes up.
17:12:45,586 INFO systemd:Started Terminate Plymouth Boot Screen.
17:12:45,588 INFO rngd:Initalizing available sources
17:12:45,589 INFO rngd:Failed to init entropy source hwrng
17:12:45,589 INFO rngd:Failed to init entropy source rdrand
17:12:45,590 INFO systemd:Started Anaconda NetworkManager configuration.
17:12:45,591 INFO systemd:Starting Network Manager...
17:12:45,595 INFO systemd-logind:New seat seat0.
17:12:45,595 INFO systemd:Started D-Bus System Message Bus.
17:12:45,598 INFO systemd-logind:Watching system buttons on /dev/input/event0 (Power Button)
17:12:45,598 INFO systemd-logind:Watching system buttons on /dev/input/event1 (AT Translated Set 2 keyboard)
17:12:45,761 INFO systemd:Started Login Service.
17:12:45,762 INFO systemd:Started OpenSSH ed25519 Server Key Generation.
17:12:45,766 INFO systemd:Started OpenSSH ecdsa Server Key Generation.
17:12:45,838 DEBUG NetworkManager:<debug> [1569604365.8381] monotonic timestamp started counting 1.517529381 seconds ago with an offset of 21.0 seconds to CLOCK_BOOTTIME (local time is 2019-09-27 17:12:45)
17:12:45,838 INFO NetworkManager:<info>  [1569604365.8381] NetworkManager (version 1.14.0-14.el8) is starting... (for the first time)
17:12:45,838 INFO NetworkManager:<info>  [1569604365.8381] Read config: /etc/NetworkManager/NetworkManager.conf (run: 10-dracut-dhclient.conf) (etc: 80-anaconda-no-ibft.conf, 90-anaconda-no-auto-default.conf, 91-anaconda-autoconnect-slaves.conf, 92-anaconda-loglevel-debug.conf)
17:12:45,838 DEBUG NetworkManager:<debug> [1569604365.8382] CONFIG: config-data[0x55c49952b040]: 3 groups
17:12:45,838 DEBUG NetworkManager:<debug> [1569604365.8382] CONFIG: 
17:12:45,838 DEBUG NetworkManager:<debug> [1569604365.8382] CONFIG: [main]
17:12:45,838 DEBUG NetworkManager:<debug> [1569604365.8382] CONFIG:   dhcp=dhclient
17:12:45,838 DEBUG NetworkManager:<debug> [1569604365.8382] CONFIG:   plugins=ifcfg-rh,ibft,no-ibft
17:12:45,838 DEBUG NetworkManager:<debug> [1569604365.8382] CONFIG:   no-auto-default=*
17:12:45,838 DEBUG NetworkManager:<debug> [1569604365.8383] CONFIG: 
17:12:45,838 DEBUG NetworkManager:<debug> [1569604365.8383] CONFIG: [logging]
17:12:45,839 DEBUG NetworkManager:<debug> [1569604365.8383] CONFIG:   level=DEBUG
17:12:45,839 DEBUG NetworkManager:<debug> [1569604365.8383] CONFIG: 
17:12:45,839 DEBUG NetworkManager:<debug> [1569604365.8383] CONFIG: [connection]
17:12:45,839 DEBUG NetworkManager:<debug> [1569604365.8383] CONFIG:   connection.autoconnect-slaves=1
17:12:45,839 DEBUG NetworkManager:<debug> [1569604365.8383] config: state: missing state file "/var/lib/NetworkManager/NetworkManager.state": No such file or directory
17:12:45,839 DEBUG NetworkManager:<debug> [1569604365.8383] WEXT support is disabled
17:12:45,839 DEBUG NetworkManager:<debug> [1569604365.8385] platform-linux: create (ignore netns, initial netns, use udev)
17:12:45,839 DEBUG NetworkManager:<debug> [1569604365.8390] platform-linux: Netlink socket for events established: port=1627, fd=8
17:12:45,839 DEBUG NetworkManager:<debug> [1569604365.8390] platform-linux: populate platform cache
17:12:45,839 DEBUG NetworkManager:<debug> [1569604365.8391] platform-linux: kernel-support: IFLA_INET6_ADDR_GEN_MODE: detected
17:12:45,839 DEBUG NetworkManager:<debug> [1569604365.8393] platform: signal: link   added: 1: lo <UP,LOWER_UP;loopback,up,running,lowerup> mtu 65536 arp 772 loopback? not-init addrgenmode eui64 addr 00:00:00:00:00:00 driver unknown rx:6,416 tx:6,416
17:12:45,839 DEBUG NetworkManager:<debug> [1569604365.8394] platform: signal: link   added: 2: ens3 <UP,LOWER_UP;broadcast,multicast,up,running,lowerup> mtu 1500 arp 1 ethernet? not-init addrgenmode eui64 addr 52:54:00:AB:D9:CD driver virtio_net rx:26168,472300093 tx:21594,1426741
17:12:45,839 DEBUG NetworkManager:<debug> [1569604365.8395] platform: signal: address 4   added: 127.0.0.1/8 lft forever pref forever lifetime 1-0[4294967295,4294967295] dev 1 flags permanent src kernel
17:12:45,839 DEBUG NetworkManager:<debug> [1569604365.8396] platform: signal: address 4   added: 192.168.122.185/24 lft 3589sec pref 3589sec lifetime 1-1[3589,3589] dev 2 src kernel
17:12:45,839 DEBUG NetworkManager:<debug> [1569604365.8396] platform: signal: address 6   added: ::1/128 lft forever pref forever lifetime 1-0[4294967295,4294967295] dev 1 flags permanent src kernel
17:12:45,839 DEBUG NetworkManager:<debug> [1569604365.8396] platform: signal: address 6   added: fe80::5054:ff:feab:d9cd/64 lft forever pref forever lifetime 1-0[4294967295,4294967295] dev 2 flags permanent src kernel
17:12:45,839 DEBUG NetworkManager:<debug> [1569604365.8397] platform: signal: route   4   added: 0.0.0.0/0 via 192.168.122.1 dev 2 metric 0 mss 0 rt-src rt-boot scope global
17:12:45,839 DEBUG NetworkManager:<debug> [1569604365.8397] platform: signal: route   4   added: 192.168.122.0/24 via 0.0.0.0 dev 2 metric 0 mss 0 rt-src rt-kernel scope link pref-src 192.168.122.185
17:12:45,839 DEBUG NetworkManager:<debug> [1569604365.8397] platform-linux: kernel-support: RTA_PREF: ability to set router preference for IPv6 routes: detected
17:12:45,839 DEBUG NetworkManager:<debug> [1569604365.8397] platform: signal: route   6   added: ::1/128 via :: dev 1 metric 256 mss 0 rt-src rt-kernel
17:12:45,840 DEBUG NetworkManager:<debug> [1569604365.8397] platform: signal: route   6   added: fe80::/64 via :: dev 2 metric 256 mss 0 rt-src rt-kernel
17:12:45,840 DEBUG NetworkManager:<debug> [1569604365.8398] platform: signal: route   6   added: table 255 ff00::/8 via :: dev 2 metric 256 mss 0 rt-src rt-boot
17:12:45,840 DEBUG NetworkManager:<debug> [1569604365.8398] platform: signal: qdisc   added: noqueue dev 1 family 0 handle 0 parent ffffffff info 2
17:12:45,840 DEBUG NetworkManager:<debug> [1569604365.8398] platform: signal: qdisc   added: fq_codel dev 2 family 0 handle 0 parent ffffffff info 2
17:12:45,841 DEBUG NetworkManager:<debug> [1569604365.8411] platform: signal: link changed: 2: ens3 <UP,LOWER_UP;broadcast,multicast,up,running,lowerup> mtu 1500 arp 1 ethernet? init addrgenmode eui64 addr 52:54:00:AB:D9:CD driver virtio_net rx:26168,472300093 tx:21594,1426741
17:12:45,841 DEBUG NetworkManager:<debug> [1569604365.8413] platform: signal: link changed: 1: lo <UP,LOWER_UP;loopback,up,running,lowerup> mtu 65536 arp 772 loopback? init addrgenmode eui64 addr 00:00:00:00:00:00 driver unknown rx:6,416 tx:6,416
17:12:45,841 DEBUG NetworkManager:<debug> [1569604365.8414] setup NMPlatform singleton (0x55c499509120, NMLinuxPlatform)
17:12:45,841 DEBUG NetworkManager:<debug> [1569604365.8414] create NMNetns singleton (0x55c499539cc0)
17:12:45,841 DEBUG NetworkManager:<debug> [1569604365.8415] auth[0x55c49952c4f0]: create auth-manager: polkit enabled
17:12:45,841 DEBUG NetworkManager:<debug> [1569604365.8418] auth[0x55c49952c4f0]: set instance
17:12:45,841 DEBUG NetworkManager:<debug> [1569604365.8418] setup NMAuthManager singleton (0x55c49952c4f0)
17:12:45,842 DEBUG NetworkManager:<debug> [1569604365.8419] create NMDBusManager singleton (0x55c49953b020)
17:12:45,854 INFO systemd:Started Network Manager.
17:12:45,854 INFO NetworkManager:<info>  [1569604365.8547] bus-manager: acquired D-Bus service "org.freedesktop.NetworkManager"
17:12:45,855 INFO systemd:Reached target Network.
17:12:45,855 INFO systemd:Started Logout off all iSCSI sessions on shutdown.
17:12:45,864 INFO systemd:Reached target Remote File Systems (Pre).
17:12:45,865 INFO systemd:Starting Network Manager Wait Online...
17:12:45,866 INFO NetworkManager:<info>  [1569604365.8665] manager[0x55c499551000]: monitoring kernel firmware directory '/lib/firmware'.
17:12:45,871 DEBUG NetworkManager:<debug> [1569604365.8710] session-monitor: using systemd-logind session tracking
17:12:45,871 DEBUG NetworkManager:<debug> [1569604365.8710] create NMSessionMonitor singleton (0x7fbeb8009550)
17:12:45,871 DEBUG NetworkManager:<debug> [1569604365.8710] create NMAgentManager singleton (0x55c49953ce90)
17:12:45,871 INFO dbus-daemon:[system] Activating via systemd: service name='org.freedesktop.hostname1' unit='dbus-org.freedesktop.hostname1.service' requested by ':1.2' (uid=0 pid=1627 comm="/usr/sbin/NetworkManager --no-daemon " label="system_u:system_r:kernel_t:s0")
17:12:45,875 INFO systemd:Starting Hostname Service...
17:12:45,960 INFO systemd:Started OpenSSH rsa Server Key Generation.
17:12:45,961 INFO systemd:Reached target sshd-keygen.target.
17:12:46,001 INFO dbus-daemon:[system] Successfully activated service 'org.freedesktop.hostname1'
17:12:46,001 INFO systemd:Started Hostname Service.
17:12:46,002 INFO NetworkManager:<info>  [1569604366.0021] hostname: hostname: using hostnamed
17:12:46,002 DEBUG NetworkManager:<debug> [1569604366.0021] create NMHostnameManager singleton (0x55c49952cca0)
17:12:46,002 DEBUG NetworkManager:<debug> [1569604366.0024] create NMFirewallManager singleton (0x55c499555040)
17:12:46,002 INFO NetworkManager:<info>  [1569604366.0024] dns-mgr[0x55c49955c930]: init: dns=default, rc-manager=symlink
17:12:46,002 DEBUG NetworkManager:<debug> [1569604366.0025] create NMDnsManager singleton (0x55c49955c930)
17:12:46,002 DEBUG NetworkManager:<debug> [1569604366.0025] policy: hostname-mode: full
17:12:46,002 DEBUG NetworkManager:<debug> [1569604366.0028] manager: setup NMManager singleton (0x55c499551000)
17:12:46,005 DEBUG NetworkManager:<debug> [1569604366.0054] create NMConnectivity singleton (0x55c49955ac20)
17:12:46,006 DEBUG NetworkManager:<debug> [1569604366.0065] dispatcher: default script directory '/etc/NetworkManager/dispatcher.d' has scripts
17:12:46,006 DEBUG NetworkManager:<debug> [1569604366.0066] dispatcher: pre-up script directory '/etc/NetworkManager/dispatcher.d/pre-up.d' has no scripts
17:12:46,006 DEBUG NetworkManager:<debug> [1569604366.0067] dispatcher: pre-down script directory '/etc/NetworkManager/dispatcher.d/pre-down.d' has no scripts
17:12:46,006 INFO dbus-daemon:[system] Activating via systemd: service name='org.freedesktop.nm_dispatcher' unit='dbus-org.freedesktop.nm-dispatcher.service' requested by ':1.2' (uid=0 pid=1627 comm="/usr/sbin/NetworkManager --no-daemon " label="system_u:system_r:kernel_t:s0")
17:12:46,009 INFO systemd:Starting Network Manager Script Dispatcher Service...
17:12:46,053 INFO dbus-daemon:[system] Successfully activated service 'org.freedesktop.nm_dispatcher'
17:12:46,054 INFO systemd:Started Network Manager Script Dispatcher Service.
17:12:46,066 DEBUG NetworkManager:<debug> [1569604366.0663] create SettingsPluginIfcfg singleton (0x55c499568cc0)
17:12:46,066 INFO NetworkManager:<info>  [1569604366.0664] settings: Loaded settings plugin: SettingsPluginIfcfg ("/usr/lib64/NetworkManager/1.14.0-14.el8/libnm-settings-plugin-ifcfg-rh.so")
17:12:46,066 INFO NetworkManager:<info>  [1569604366.0664] settings: Loaded settings plugin: NMSKeyfilePlugin (internal)
17:12:46,066 DEBUG NetworkManager:<debug> [1569604366.0665] ifcfg-rh: loading from file "/etc/sysconfig/network-scripts/ifcfg-ens3"...
17:12:46,070 DEBUG NetworkManager:<debug> [1569604366.0707] settings-connection[0x55c4995860e0]: constructed (NMIfcfgConnection)
17:12:46,071 INFO NetworkManager:<info>  [1569604366.0714] ifcfg-rh: new connection /etc/sysconfig/network-scripts/ifcfg-ens3 (1dc3c9a6-9a91-49e1-8d72-f68b675b6338,"ens3")
17:12:46,071 DEBUG NetworkManager:<debug> [1569604366.0714] settings-connection[0x55c4995860e0,1dc3c9a6-9a91-49e1-8d72-f68b675b6338]: failed to read connection timestamp: No such file or directory
17:12:46,071 DEBUG NetworkManager:<debug> [1569604366.0716] ++ connection 'new connection' (0x55c49955a160/NMSimpleConnection/"802-3-ethernet"): [/org/freedesktop/NetworkManager/Settings/1]
17:12:46,071 DEBUG NetworkManager:<debug> [1569604366.0716] ++ connection                [ 0x55c49952b560 ]
17:12:46,071 DEBUG NetworkManager:<debug> [1569604366.0717] ++ connection.id             = 'ens3'
17:12:46,071 DEBUG NetworkManager:<debug> [1569604366.0717] ++ connection.interface-name = 'ens3'
17:12:46,071 DEBUG NetworkManager:<debug> [1569604366.0717] ++ connection.permissions    = []
17:12:46,071 DEBUG NetworkManager:<debug> [1569604366.0717] ++ connection.type           = '802-3-ethernet'
17:12:46,071 DEBUG NetworkManager:<debug> [1569604366.0717] ++ connection.uuid           = '1dc3c9a6-9a91-49e1-8d72-f68b675b6338'
17:12:46,072 DEBUG NetworkManager:<debug> [1569604366.0717] ++ 802-3-ethernet            [ 0x55c499543510 ]
17:12:46,072 DEBUG NetworkManager:<debug> [1569604366.0717] ++ 802-3-ethernet.mac-address-blacklist = []
17:12:46,072 DEBUG NetworkManager:<debug> [1569604366.0717] ++ 802-3-ethernet.s390-options = ((GHashTable*) 0x7fbebc002f00)
17:12:46,072 DEBUG NetworkManager:<debug> [1569604366.0717] ++ ipv4                      [ 0x55c49952b4a0 ]
17:12:46,072 DEBUG NetworkManager:<debug> [1569604366.0718] ++ ipv4.addresses            = ((GPtrArray*) 0x55c4995892a0)
17:12:46,072 DEBUG NetworkManager:<debug> [1569604366.0718] ++ ipv4.dns                  = []
17:12:46,072 DEBUG NetworkManager:<debug> [1569604366.0718] ++ ipv4.dns-search           = []
17:12:46,072 DEBUG NetworkManager:<debug> [1569604366.0718] ++ ipv4.method               = 'auto'
17:12:46,072 DEBUG NetworkManager:<debug> [1569604366.0718] ++ ipv4.routes               = ((GPtrArray*) 0x55c499589240)
17:12:46,072 DEBUG NetworkManager:<debug> [1569604366.0718] ++ ipv6                      [ 0x55c49954e760 ]
17:12:46,072 DEBUG NetworkManager:<debug> [1569604366.0718] ++ ipv6.addr-gen-mode        = 0
17:12:46,072 DEBUG NetworkManager:<debug> [1569604366.0718] ++ ipv6.addresses            = ((GPtrArray*) 0x55c499589220)
17:12:46,072 DEBUG NetworkManager:<debug> [1569604366.0718] ++ ipv6.dns                  = []
17:12:46,072 DEBUG NetworkManager:<debug> [1569604366.0719] ++ ipv6.dns-search           = []
17:12:46,072 DEBUG NetworkManager:<debug> [1569604366.0719] ++ ipv6.method               = 'auto'
17:12:46,072 DEBUG NetworkManager:<debug> [1569604366.0719] ++ ipv6.routes               = ((GPtrArray*) 0x55c499559ae0)
17:12:46,072 INFO NetworkManager:<info>  [1569604366.0724] manager: rfkill: WiFi enabled by radio killswitch; enabled by state file
17:12:46,072 INFO NetworkManager:<info>  [1569604366.0724] manager: rfkill: WWAN enabled by radio killswitch; enabled by state file
17:12:46,072 INFO NetworkManager:<info>  [1569604366.0725] manager: Networking is enabled by state file
17:12:46,072 DEBUG NetworkManager:<debug> [1569604366.0725] dispatcher: (1) dispatching action 'hostname'
17:12:46,073 DEBUG NetworkManager:<debug> [1569604366.0727] dhcp-init: enabled DHCP client 'dhclient' (NMDhcpDhclient)
17:12:46,073 DEBUG NetworkManager:<debug> [1569604366.0727] dhcp-init: enabled DHCP client 'internal' (NMDhcpSystemd)
17:12:46,073 INFO NetworkManager:<info>  [1569604366.0727] dhcp-init: Using DHCP client 'dhclient'
17:12:46,073 DEBUG NetworkManager:<debug> [1569604366.0727] create NMDhcpManager singleton (0x55c499542400)
17:12:46,073 DEBUG NetworkManager:<debug> [1569604366.0728] Loaded device plugin: NM6LowpanDeviceFactory (internal)
17:12:46,073 DEBUG NetworkManager:<debug> [1569604366.0729] Loaded device plugin: NMBondDeviceFactory (internal)
17:12:46,073 DEBUG NetworkManager:<debug> [1569604366.0729] Loaded device plugin: NMBridgeDeviceFactory (internal)
17:12:46,073 DEBUG NetworkManager:<debug> [1569604366.0729] Loaded device plugin: NMDummyDeviceFactory (internal)
17:12:46,073 DEBUG NetworkManager:<debug> [1569604366.0729] Loaded device plugin: NMEthernetDeviceFactory (internal)
17:12:46,073 DEBUG NetworkManager:<debug> [1569604366.0730] Loaded device plugin: NMInfinibandDeviceFactory (internal)
17:12:46,073 DEBUG NetworkManager:<debug> [1569604366.0730] Loaded device plugin: NMIPTunnelDeviceFactory (internal)
17:12:46,073 DEBUG NetworkManager:<debug> [1569604366.0730] Loaded device plugin: NMMacsecDeviceFactory (internal)
17:12:46,073 DEBUG NetworkManager:<debug> [1569604366.0730] Loaded device plugin: NMMacvlanDeviceFactory (internal)
17:12:46,073 DEBUG NetworkManager:<debug> [1569604366.0730] Loaded device plugin: NMPppDeviceFactory (internal)
17:12:46,073 DEBUG NetworkManager:<debug> [1569604366.0730] Loaded device plugin: NMTunDeviceFactory (internal)
17:12:46,073 DEBUG NetworkManager:<debug> [1569604366.0731] Loaded device plugin: NMVethDeviceFactory (internal)
17:12:46,073 DEBUG NetworkManager:<debug> [1569604366.0731] Loaded device plugin: NMVlanDeviceFactory (internal)
17:12:46,073 DEBUG NetworkManager:<debug> [1569604366.0731] Loaded device plugin: NMVxlanDeviceFactory (internal)
17:12:46,073 DEBUG NetworkManager:<debug> [1569604366.0731] Loaded device plugin: NMWireGuardDeviceFactory (internal)
17:12:46,073 DEBUG NetworkManager:<debug> [1569604366.0731] Loaded device plugin: NMWpanDeviceFactory (internal)
17:12:46,074 INFO nm-dispatcher:req:1 'hostname': new request (3 scripts)
17:12:46,075 DEBUG nm-dispatcher:req:1 'hostname': environment: PATH=/usr/local/sbin:/usr/local/bin:/usr/sbin:/usr/bin
17:12:46,075 DEBUG nm-dispatcher:req:1 'hostname': environment: NM_DISPATCHER_ACTION=hostname
17:12:46,075 INFO nm-dispatcher:req:1 'hostname': start running ordered scripts...
17:12:46,075 DEBUG nm-dispatcher:req:1 'hostname', "/etc/NetworkManager/dispatcher.d/04-iscsi": run script
17:12:46,078 INFO NetworkManager:<info>  [1569604366.0779] Loaded device plugin: NMTeamFactory (/usr/lib64/NetworkManager/1.14.0-14.el8/libnm-device-plugin-team.so)
17:12:46,080 INFO NetworkManager:<info>  [1569604366.0808] Loaded device plugin: NMWifiFactory (/usr/lib64/NetworkManager/1.14.0-14.el8/libnm-device-plugin-wifi.so)
17:12:46,081 DEBUG NetworkManager:<debug> [1569604366.0811] device[0x55c49955c150] (lo): unmanaged: flags set to [platform-init,by-default=0x110/0x110/unmanaged/unrealized], set-unmanaged [by-default=0x100])
17:12:46,081 DEBUG NetworkManager:<debug> [1569604366.0812] device[0x55c49955c150] (lo): constructed (NMDeviceGeneric)
17:12:46,081 DEBUG NetworkManager:<debug> [1569604366.0812] device[0x55c49955c150] (lo): start setup of NMDeviceGeneric, kernel ifindex 1
17:12:46,081 DEBUG NetworkManager:<debug> [1569604366.0812] device[0x55c49955c150] (lo): assume-state: set guess-assume=1, connection=(null)
17:12:46,081 DEBUG NetworkManager:<debug> [1569604366.0813] platform-linux: error reading net:/sys/class/net/lo/phys_port_id: error reading 4096 bytes from file descriptor: Operation not supported
17:12:46,081 DEBUG NetworkManager:<debug> [1569604366.0814] platform-linux: sysctl: reading 'net:/sys/class/net/lo/dev_id': '0x0'
17:12:46,081 DEBUG NetworkManager:<debug> [1569604366.0815] platform-linux: error reading net:/sys/class/net/lo/device/sriov_totalvfs: Failed to open file "device/sriov_totalvfs" with openat: No such file or directory
17:12:46,081 DEBUG NetworkManager:<debug> [1569604366.0815] device[0x55c49955c150] (lo): hw-addr: hardware address now 00:00:00:00:00:00
17:12:46,081 DEBUG NetworkManager:<debug> [1569604366.0815] device[0x55c49955c150] (lo): hw-addr: update initial MAC address 00:00:00:00:00:00
17:12:46,081 DEBUG NetworkManager:<debug> [1569604366.0816] device[0x55c49955c150] (lo): hw-addr: unable to read permanent MAC address (use current: 00:00:00:00:00:00)
17:12:46,081 INFO NetworkManager:<info>  [1569604366.0816] device (lo): carrier: link connected
17:12:46,081 DEBUG NetworkManager:<debug> [1569604366.0816] device[0x55c49955c150] (lo): unmanaged: flags set to [platform-init,by-default,!external-down=0x110/0x910/unmanaged/unrealized], set-managed [external-down=0x800])
17:12:46,081 DEBUG NetworkManager:<debug> [1569604366.0816] device[0x55c49955c150] (lo): unmanaged: flags set to [by-type,platform-init,by-default,!external-down=0x118/0x918/unmanaged/unrealized], set-unmanaged [by-type=0x8])
17:12:46,081 DEBUG NetworkManager:<debug> [1569604366.0816] device[0x55c49955c150] (lo): unmanaged: flags set to [by-type,platform-init,by-default,!user-settings,!external-down=0x118/0x958/unmanaged/unrealized], set-managed [user-settings=0x40])
17:12:46,082 DEBUG NetworkManager:<debug> [1569604366.0817] device[0x55c49955c150] (lo): unmanaged: flags set to [by-type,by-default,!platform-init,!user-settings,!external-down=0x108/0x958/unmanaged/unrealized], set-managed [platform-init=0x10])
17:12:46,082 DEBUG NetworkManager:<debug> [1569604366.0817] device[0x55c49955c150] (lo): unmanaged: flags set to [by-type,by-default,!sleeping,!platform-init,!user-settings,!external-down=0x108/0x959/unmanaged/unrealized], set-managed [sleeping=0x1])
17:12:46,082 INFO NetworkManager:<info>  [1569604366.0819] manager: (lo): new Generic device (/org/freedesktop/NetworkManager/Devices/1)
17:12:46,082 DEBUG NetworkManager:<debug> [1569604366.0822] device[0x55c49955c150] (lo): assume-state: set guess-assume=0, connection=(null)
17:12:46,082 DEBUG NetworkManager:<debug> [1569604366.0823] device[0x55c4995a19d0] (ens3): constructed (NMDeviceEthernet)
17:12:46,082 DEBUG NetworkManager:<debug> [1569604366.0823] device[0x55c4995a19d0] (ens3): start setup of NMDeviceEthernet, kernel ifindex 2
17:12:46,082 DEBUG NetworkManager:<debug> [1569604366.0824] device[0x55c4995a19d0] (ens3): assume-state: set guess-assume=1, connection=(null)
17:12:46,082 DEBUG NetworkManager:<debug> [1569604366.0824] platform-linux: error reading net:/sys/class/net/ens3/phys_port_id: error reading 4096 bytes from file descriptor: Operation not supported
17:12:46,082 DEBUG NetworkManager:<debug> [1569604366.0825] platform-linux: sysctl: reading 'net:/sys/class/net/ens3/dev_id': '0x0'
17:12:46,082 DEBUG NetworkManager:<debug> [1569604366.0825] platform-linux: error reading net:/sys/class/net/ens3/device/sriov_totalvfs: Failed to open file "device/sriov_totalvfs" with openat: No such file or directory
17:12:46,082 DEBUG NetworkManager:<debug> [1569604366.0826] device[0x55c4995a19d0] (ens3): hw-addr: hardware address now 52:54:00:AB:D9:CD
17:12:46,082 DEBUG NetworkManager:<debug> [1569604366.0826] device[0x55c4995a19d0] (ens3): hw-addr: update initial MAC address 52:54:00:AB:D9:CD
17:12:46,083 DEBUG NetworkManager:<debug> [1569604366.0826] device[0x55c4995a19d0] (ens3): hw-addr: read permanent MAC address '52:54:00:AB:D9:CD'
17:12:46,083 INFO NetworkManager:<info>  [1569604366.0826] device (ens3): carrier: link connected
17:12:46,083 DEBUG NetworkManager:<debug> [1569604366.0828] device[0x55c4995a19d0] (ens3): unmanaged: flags set to [platform-init,!by-type=0x10/0x18/unmanaged/unrealized], set-managed [by-type=0x8])
17:12:46,083 DEBUG NetworkManager:<debug> [1569604366.0828] device[0x55c4995a19d0] (ens3): unmanaged: flags set to [platform-init,!by-type,!user-settings=0x10/0x58/unmanaged/unrealized], set-managed [user-settings=0x40])
17:12:46,083 DEBUG NetworkManager:<debug> [1569604366.0828] device[0x55c4995a19d0] (ens3): unmanaged: flags set to [!by-type,!platform-init,!user-settings=0x0/0x58/managed/unrealized], set-managed [platform-init=0x10])
17:12:46,083 DEBUG NetworkManager:<debug> [1569604366.0828] device[0x55c4995a19d0] (ens3): unmanaged: flags set to [!sleeping,!by-type,!platform-init,!user-settings=0x0/0x59/managed/unrealized], set-managed [sleeping=0x1])
17:12:46,083 INFO NetworkManager:<info>  [1569604366.0830] manager: (ens3): new Ethernet device (/org/freedesktop/NetworkManager/Devices/2)
17:12:46,083 DEBUG NetworkManager:<debug> [1569604366.0835] device[0x55c4995a19d0] (ens3): ip4-config: update (commit=0, new-config=0x55c49955e2a0)
17:12:46,084 DEBUG NetworkManager:<debug> [1569604366.0836] device[0x55c4995a19d0] (ens3): ip4-config: set IP Config instance (/org/freedesktop/NetworkManager/IP4Config/1)
17:12:46,084 DEBUG NetworkManager:<debug> [1569604366.0838] dns-mgr: (device_ip_config_changed): queueing DNS updates (1)
17:12:46,084 DEBUG NetworkManager:<debug> [1569604366.0838] dns-mgr: (device_ip_config_changed): DNS configuration did not change
17:12:46,084 DEBUG NetworkManager:<debug> [1569604366.0838] dns-mgr: (device_ip_config_changed): no DNS changes to commit (0)
17:12:46,084 DEBUG NetworkManager:<debug> [1569604366.0839] device[0x55c4995a19d0] (ens3): ip6-config: update (commit=0, new-config=0x55c4995ac250)
17:12:46,084 DEBUG NetworkManager:<debug> [1569604366.0841] device[0x55c4995a19d0] (ens3): ip6-config: set IP Config instance (/org/freedesktop/NetworkManager/IP6Config/1)
17:12:46,084 DEBUG NetworkManager:<debug> [1569604366.0841] dns-mgr: (device_ip_config_changed): queueing DNS updates (1)
17:12:46,084 DEBUG NetworkManager:<debug> [1569604366.0841] dns-mgr: (device_ip_config_changed): DNS configuration did not change
17:12:46,084 DEBUG NetworkManager:<debug> [1569604366.0842] dns-mgr: (device_ip_config_changed): no DNS changes to commit (0)
17:12:46,084 INFO NetworkManager:<info>  [1569604366.0844] manager: (ens3): assume: will attempt to assume matching connection 'ens3' (1dc3c9a6-9a91-49e1-8d72-f68b675b6338) (guessed)
17:12:46,084 DEBUG NetworkManager:<debug> [1569604366.0844] device[0x55c4995a19d0] (ens3): assume-state: set guess-assume=0, connection=(null)
17:12:46,084 INFO NetworkManager:<info>  [1569604366.0845] device (ens3): state change: unmanaged -> unavailable (reason 'connection-assumed', sys-iface-state: 'assume')
17:12:46,084 DEBUG NetworkManager:<debug> [1569604366.0846] platform-linux: sysctl: reading '/proc/sys/net/ipv6/conf/ens3/accept_ra': '1'
17:12:46,084 DEBUG NetworkManager:<debug> [1569604366.0847] platform-linux: sysctl: reading '/proc/sys/net/ipv6/conf/ens3/accept_ra_defrtr': '1'
17:12:46,084 DEBUG NetworkManager:<debug> [1569604366.0847] platform-linux: sysctl: reading '/proc/sys/net/ipv6/conf/ens3/accept_ra_pinfo': '1'
17:12:46,084 DEBUG NetworkManager:<debug> [1569604366.0847] platform-linux: sysctl: reading '/proc/sys/net/ipv6/conf/ens3/accept_ra_rtr_pref': '1'
17:12:46,084 DEBUG NetworkManager:<debug> [1569604366.0847] platform-linux: sysctl: reading '/proc/sys/net/ipv6/conf/ens3/forwarding': '0'
17:12:46,084 DEBUG NetworkManager:<debug> [1569604366.0848] platform-linux: sysctl: reading '/proc/sys/net/ipv6/conf/ens3/disable_ipv6': '0'
17:12:46,085 DEBUG NetworkManager:<debug> [1569604366.0848] platform-linux: sysctl: reading '/proc/sys/net/ipv6/conf/ens3/hop_limit': '64'
17:12:46,085 DEBUG NetworkManager:<debug> [1569604366.0848] platform-linux: sysctl: reading '/proc/sys/net/ipv6/conf/ens3/use_tempaddr': '0'
17:12:46,085 DEBUG NetworkManager:<debug> [1569604366.0851] device[0x55c4995a19d0] (ens3): add_pending_action (1): 'recheck-available'
17:12:46,085 DEBUG NetworkManager:<debug> [1569604366.0854] device[0x55c4995a19d0] (ens3): connectivity state changed from UNKNOWN to NONE
17:12:46,085 DEBUG NetworkManager:<debug> [1569604366.0855] manager: connectivity checking indicates NONE
17:12:46,089 DEBUG NetworkManager:<debug> [1569604366.0890] dispatcher: (2) dispatching action 'connectivity-change'
17:12:46,089 INFO NetworkManager:<info>  [1569604366.0892] device (ens3): state change: unavailable -> disconnected (reason 'connection-assumed', sys-iface-state: 'assume')
17:12:46,089 DEBUG NetworkManager:<debug> [1569604366.0896] device[0x55c4995a19d0] (ens3): add_pending_action (2): 'autoactivate'
17:12:46,089 DEBUG NetworkManager:<debug> [1569604366.0897] active-connection[0x55c49955e5a0]: set device "ens3" [0x55c4995a19d0]
17:12:46,089 DEBUG NetworkManager:<debug> [1569604366.0897] device[0x55c4995a19d0] (ens3): add_pending_action (3): 'activation-0x55c49955e5a0'
17:12:46,089 DEBUG NetworkManager:<debug> [1569604366.0899] active-connection[0x55c49955e5a0]: constructed (NMActRequest, version-id 1, type assume)
17:12:46,090 INFO NetworkManager:<info>  [1569604366.0901] device (ens3): Activation: starting connection 'ens3' (1dc3c9a6-9a91-49e1-8d72-f68b675b6338)
17:12:46,090 DEBUG NetworkManager:<debug> [1569604366.0901] device[0x55c4995a19d0] (ens3): activation-stage: schedule activate_stage1_device_prepare,v4 (id 31)
17:12:46,091 DEBUG NetworkManager:<debug> [1569604366.0913] create NMVpnManager singleton (0x55c49952cf70)
17:12:46,091 DEBUG NetworkManager:<debug> [1569604366.0913] manager: creating virtual devices...
17:12:46,091 DEBUG NetworkManager:<debug> [1569604366.0913] setting up local loopback
17:12:46,091 DEBUG NetworkManager:<debug> [1569604366.0913] platform: link: setting up "lo" (1)
17:12:46,091 DEBUG NetworkManager:<debug> [1569604366.0913] platform-linux: link: change 1: flags: set 0x1/0x1 ([up] / [up])
17:12:46,091 DEBUG NetworkManager:<debug> [1569604366.0914] platform-linux: do-request-link: 1 
17:12:46,091 DEBUG NetworkManager:<debug> [1569604366.0915] platform-linux: do-change-link[1]: success changing link: success
17:12:46,096 INFO dbus-daemon:[system] Activating via systemd: service name='org.freedesktop.PolicyKit1' unit='polkit.service' requested by ':1.2' (uid=0 pid=1627 comm="/usr/sbin/NetworkManager --no-daemon " label="system_u:system_r:kernel_t:s0")
17:12:46,097 DEBUG NetworkManager:<debug> [1569604366.0968] sleep-monitor-sd: inhibit: taking sleep inhibitor...
17:12:46,097 INFO nm-dispatcher:req:2 'connectivity-change': new request (3 scripts)
17:12:46,097 DEBUG nm-dispatcher:req:2 'connectivity-change': environment: CONNECTIVITY_STATE=NONE
17:12:46,097 DEBUG nm-dispatcher:req:2 'connectivity-change': environment: PATH=/usr/local/sbin:/usr/local/bin:/usr/sbin:/usr/bin
17:12:46,097 DEBUG nm-dispatcher:req:2 'connectivity-change': environment: NM_DISPATCHER_ACTION=connectivity-change
17:12:46,097 INFO systemd:Starting Authorization Manager...
17:12:46,097 DEBUG NetworkManager:<debug> [1569604366.0974] ifcfg-rh: dbus: acquired D-Bus service com.redhat.ifcfgrh1 and exported /com/redhat/ifcfgrh1 object
17:12:46,097 DEBUG NetworkManager:<debug> [1569604366.0974] device[0x55c49955c150] (lo): ip4-config: update (commit=0, new-config=0x55c49955e040)
17:12:46,097 DEBUG NetworkManager:<debug> [1569604366.0976] device[0x55c49955c150] (lo): ip4-config: set IP Config instance (/org/freedesktop/NetworkManager/IP4Config/2)
17:12:46,098 DEBUG NetworkManager:<debug> [1569604366.0977] dns-mgr: (device_ip_config_changed): queueing DNS updates (1)
17:12:46,098 DEBUG NetworkManager:<debug> [1569604366.0977] dns-mgr: (device_ip_config_changed): DNS configuration did not change
17:12:46,098 DEBUG NetworkManager:<debug> [1569604366.0977] dns-mgr: (device_ip_config_changed): no DNS changes to commit (0)
17:12:46,098 DEBUG NetworkManager:<debug> [1569604366.0978] device[0x55c49955c150] (lo): ip6-config: update (commit=0, new-config=0x55c4995ac580)
17:12:46,099 DEBUG NetworkManager:<debug> [1569604366.0979] device[0x55c49955c150] (lo): ip6-config: set IP Config instance (/org/freedesktop/NetworkManager/IP6Config/2)
17:12:46,099 DEBUG NetworkManager:<debug> [1569604366.0991] dns-mgr: (device_ip_config_changed): queueing DNS updates (1)
17:12:46,099 DEBUG NetworkManager:<debug> [1569604366.0991] dns-mgr: (device_ip_config_changed): DNS configuration did not change
17:12:46,099 DEBUG NetworkManager:<debug> [1569604366.0991] dns-mgr: (device_ip_config_changed): no DNS changes to commit (0)
17:12:46,099 DEBUG NetworkManager:<debug> [1569604366.0992] device[0x55c4995a19d0] (ens3): ip4-config: update (commit=0, new-config=0x55c49955e9c0)
17:12:46,099 DEBUG NetworkManager:<debug> [1569604366.0992] device[0x55c4995a19d0] (ens3): ip6-config: update (commit=0, new-config=0x55c4995ac690)
17:12:46,099 DEBUG NetworkManager:<debug> [1569604366.0992] device[0x55c4995a19d0] (ens3): remove_pending_action (2): 'recheck-available'
17:12:46,099 DEBUG NetworkManager:<debug> [1569604366.0992] device[0x55c4995a19d0] (ens3): remove_pending_action (1): 'autoactivate'
17:12:46,099 DEBUG NetworkManager:<debug> [1569604366.0993] device[0x55c4995a19d0] (ens3): activation-stage: invoke activate_stage1_device_prepare,v4 (id 31)
17:12:46,099 INFO NetworkManager:<info>  [1569604366.0993] device (ens3): state change: disconnected -> prepare (reason 'none', sys-iface-state: 'assume')
17:12:46,099 DEBUG NetworkManager:<debug> [1569604366.0995] active-connection[0x55c49955e5a0]: set state activating (was unknown)
17:12:46,099 DEBUG NetworkManager:<debug> [1569604366.0996] active-connection[0x55c49955e5a0]: check-master-ready: not signalling (state activating, no master)
17:12:46,099 DEBUG NetworkManager:<debug> [1569604366.0996] manager: ActivatingConnection now ens3
17:12:46,099 DEBUG NetworkManager:<debug> [1569604366.0997] device[0x55c4995a19d0] (ens3): activation-stage: schedule activate_stage2_device_config,v4 (id 46)
17:12:46,100 DEBUG NetworkManager:<debug> [1569604366.0997] device[0x55c4995a19d0] (ens3): activation-stage: complete activate_stage1_device_prepare,v4 (id 31)
17:12:46,100 DEBUG NetworkManager:<debug> [1569604366.0997] firewall: firewall initialized (not running)
17:12:46,100 DEBUG NetworkManager:<debug> [1569604366.0998] manager: (lo): assume: don't assume because not managed
17:12:46,100 DEBUG NetworkManager:<debug> [1569604366.0998] device[0x55c4995a19d0] (ens3): activation-stage: invoke activate_stage2_device_config,v4 (id 46)
17:12:46,100 INFO NetworkManager:<info>  [1569604366.0998] device (ens3): state change: prepare -> config (reason 'none', sys-iface-state: 'assume')
17:12:46,100 DEBUG NetworkManager:<debug> [1569604366.0999] firewall: [0x55c4995782d0,change*:"ens3"]: firewall zone change ens3:default (not running, simulate success)
17:12:46,100 DEBUG NetworkManager:<debug> [1569604366.1000] device[0x55c4995a19d0] (ens3): activation-stage: complete activate_stage2_device_config,v4 (id 46)
17:12:46,100 DEBUG NetworkManager:<debug> [1569604366.1000] firewall: [0x55c4995782d0,change*:"ens3"]: complete: fake success
17:12:46,100 DEBUG NetworkManager:<debug> [1569604366.1000] device[0x55c4995a19d0] (ens3): activation-stage: schedule activate_stage3_ip_config_start,v4 (id 48)
17:12:46,100 DEBUG NetworkManager:<debug> [1569604366.1000] device[0x55c4995a19d0] (ens3): activation-stage: invoke activate_stage3_ip_config_start,v4 (id 48)
17:12:46,100 DEBUG NetworkManager:<debug> [1569604366.1000] active-connection[0x55c49955e5a0]: set state-flags layer2-ready (was none)
17:12:46,100 INFO NetworkManager:<info>  [1569604366.1001] device (ens3): state change: config -> ip-config (reason 'none', sys-iface-state: 'assume')
17:12:46,100 DEBUG NetworkManager:<debug> [1569604366.1003] device[0x55c4995a19d0] (ens3): ipv4.dhcp-client-id: no explicity client-id configured
17:12:46,100 DEBUG NetworkManager:<debug> [1569604366.1004] bus-manager: (dhcp) creating private socket unix:path=/var/run/NetworkManager/private-dhcp
17:12:46,100 DEBUG NetworkManager:<debug> [1569604366.1007] create NMDhcpListener singleton (0x55c4995c5780)
17:12:46,100 INFO NetworkManager:<info>  [1569604366.1007] dhcp4 (ens3): activation: beginning transaction (timeout in 45 seconds)
17:12:46,101 DEBUG NetworkManager:<debug> [1569604366.1007] dhcp4 (ens3): creating composite dhclient config /var/lib/NetworkManager/dhclient-ens3.conf
17:12:46,101 DEBUG NetworkManager:<debug> [1569604366.1007] dhcp4 (ens3): looking for existing config /etc/NetworkManager/dhclient-1dc3c9a6-9a91-49e1-8d72-f68b675b6338.conf
17:12:46,101 DEBUG NetworkManager:<debug> [1569604366.1018] dhcp4 (ens3): looking for existing config /etc/NetworkManager/dhclient-ens3.conf
17:12:46,101 DEBUG NetworkManager:<debug> [1569604366.1019] dhcp4 (ens3): looking for existing config /etc/NetworkManager/dhclient.conf
17:12:46,102 DEBUG NetworkManager:<debug> [1569604366.1019] dhcp4 (ens3): looking for existing config /etc/dhcp/dhclient-ens3.conf
17:12:46,102 DEBUG nm-dispatcher:req:1 'hostname', "/etc/NetworkManager/dispatcher.d/04-iscsi": complete
17:12:46,102 DEBUG nm-dispatcher:req:1 'hostname', "/etc/NetworkManager/dispatcher.d/11-dhclient": run script
17:12:46,105 DEBUG NetworkManager:<debug> [1569604366.1054] dhcp4 (ens3): looking for existing config /etc/dhclient-ens3.conf
17:12:46,105 DEBUG NetworkManager:<debug> [1569604366.1055] dhcp4 (ens3): looking for existing config /etc/dhcp/dhclient.conf
17:12:46,105 DEBUG NetworkManager:<debug> [1569604366.1055] dhcp4 (ens3): merging existing dhclient config /etc/dhcp/dhclient.conf
17:12:46,106 DEBUG NetworkManager:<debug> [1569604366.1059] dhcp4 (ens3): running: /sbin/dhclient -d -q -sf /usr/libexec/nm-dhcp-helper -pf /var/run/dhclient-ens3.pid -lf /var/lib/NetworkManager/dhclient-1dc3c9a6-9a91-49e1-8d72-f68b675b6338-ens3.lease -cf /var/lib/NetworkManager/dhclient-ens3.conf ens3
17:12:46,119 DEBUG nm-dispatcher:req:1 'hostname', "/etc/NetworkManager/dispatcher.d/11-dhclient": complete
17:12:46,119 DEBUG nm-dispatcher:req:1 'hostname', "/etc/NetworkManager/dispatcher.d/20-chrony": run script
17:12:46,142 INFO NetworkManager:<info>  [1569604366.1423] dhcp4 (ens3): dhclient started with pid 1675
17:12:46,142 DEBUG NetworkManager:<debug> [1569604366.1423] device[0x55c4995a19d0] (ens3): add_pending_action (2): 'dhcp4'
17:12:46,142 DEBUG NetworkManager:<debug> [1569604366.1424] platform-linux: sysctl: setting '/proc/sys/net/ipv6/conf/ens3/disable_ipv6' to '0' (current value is identical)
17:12:46,142 DEBUG NetworkManager:<debug> [1569604366.1425] platform-linux: sysctl: reading '/proc/sys/net/ipv6/conf/default/use_tempaddr': '0'
17:12:46,142 DEBUG NetworkManager:<debug> [1569604366.1425] platform-linux: sysctl: reading '/proc/sys/net/ipv6/conf/ens3/router_solicitation_interval': '4'
17:12:46,142 DEBUG NetworkManager:<debug> [1569604366.1426] platform-linux: sysctl: reading '/proc/sys/net/ipv6/conf/ens3/router_solicitations': '-1'
17:12:46,142 DEBUG NetworkManager:<debug> [1569604366.1426] platform-linux: sysctl: reading '/proc/sys/net/ipv6/conf/ens3/max_addresses': '16'
17:12:46,143 DEBUG NetworkManager:<debug> [1569604366.1431] device[0x55c4995a19d0] (ens3): addrconf6: using the device EUI-64 identifier
17:12:46,143 DEBUG NetworkManager:<debug> [1569604366.1431] device[0x55c4995a19d0] (ens3): ip6-config: update (commit=1, new-config=0x55c4995ac8b0)
17:12:46,143 DEBUG NetworkManager:<debug> [1569604366.1431] platform-linux: kernel-support: extended-ifa-flags: unable to detect kernel support for handling IPv6 temporary addresses. Assume support
17:12:46,143 DEBUG NetworkManager:<debug> [1569604366.1431] platform: address: adding or updating IPv6 address: fe80::5054:ff:feab:d9cd/64 lft forever pref forever lifetime 1-0[4294967295,4294967295] dev 2 flags permanent,noprefixroute src unknown
17:12:46,143 DEBUG NetworkManager:<debug> [1569604366.1432] platform: signal: address 6 changed: fe80::5054:ff:feab:d9cd/64 lft forever pref forever lifetime 1-0[4294967295,4294967295] dev 2 flags permanent,noprefixroute src kernel
17:12:46,143 DEBUG NetworkManager:<debug> [1569604366.1432] device[0x55c4995a19d0] (ens3): queued IP6 config change
17:12:46,143 DEBUG NetworkManager:<debug> [1569604366.1432] platform: signal: route   6 removed: fe80::/64 via :: dev 2 metric 256 mss 0 rt-src rt-kernel
17:12:46,143 DEBUG NetworkManager:<debug> [1569604366.1433] platform-linux: do-add-ip6-address[2: fe80::5054:ff:feab:d9cd]: success
17:12:46,143 DEBUG NetworkManager:<debug> [1569604366.1433] platform: route: append     IPv6 route: fe80::/64 via :: dev 2 metric 256 mss 0 rt-src rt-kernel
17:12:46,143 DEBUG NetworkManager:<debug> [1569604366.1433] platform: signal: route   6   added: fe80::/64 via :: dev 2 metric 256 mss 0 rt-src rt-kernel
17:12:46,143 DEBUG NetworkManager:<debug> [1569604366.1433] platform-linux: do-add-ip6-route[fe80::/64 via :: dev 2 metric 256 mss 0 rt-src rt-kernel]: success
17:12:46,143 DEBUG NetworkManager:<debug> [1569604366.1434] platform: route: append     IPv6 route: fe80::/64 via :: dev 2 metric 100 mss 0 rt-src rt-kernel
17:12:46,143 DEBUG NetworkManager:<debug> [1569604366.1434] platform: signal: route   6   added: fe80::/64 via :: dev 2 metric 100 mss 0 rt-src rt-kernel
17:12:46,143 DEBUG NetworkManager:<debug> [1569604366.1434] platform-linux: do-add-ip6-route[fe80::/64 via :: dev 2 metric 100 mss 0 rt-src rt-kernel]: success
17:12:46,143 DEBUG NetworkManager:<debug> [1569604366.1437] device[0x55c4995a19d0] (ens3): ip6-config: update IP Config instance (/org/freedesktop/NetworkManager/IP6Config/1)
17:12:46,143 DEBUG NetworkManager:<debug> [1569604366.1437] dns-mgr: (device_ip_config_changed): queueing DNS updates (1)
17:12:46,143 DEBUG NetworkManager:<debug> [1569604366.1437] dns-mgr: (device_ip_config_changed): DNS configuration did not change
17:12:46,143 DEBUG NetworkManager:<debug> [1569604366.1437] dns-mgr: (device_ip_config_changed): no DNS changes to commit (0)
17:12:46,144 DEBUG NetworkManager:<debug> [1569604366.1437] platform-linux: sysctl: setting '/proc/sys/net/ipv6/conf/ens3/accept_ra' to '1' (current value is identical)
17:12:46,144 DEBUG NetworkManager:<debug> [1569604366.1438] platform-linux: sysctl: setting '/proc/sys/net/ipv6/conf/ens3/accept_ra_defrtr' to '0' (current value is '1')
17:12:46,144 DEBUG NetworkManager:<debug> [1569604366.1438] platform-linux: sysctl: setting '/proc/sys/net/ipv6/conf/ens3/accept_ra_pinfo' to '0' (current value is '1')
17:12:46,144 DEBUG NetworkManager:<debug> [1569604366.1438] platform-linux: sysctl: setting '/proc/sys/net/ipv6/conf/ens3/accept_ra_rtr_pref' to '0' (current value is '1')
17:12:46,144 DEBUG NetworkManager:<debug> [1569604366.1438] ndisc[0x55c4995d10e0,"ens3"]: starting neighbor discovery: 2
17:12:46,144 DEBUG NetworkManager:<debug> [1569604366.1439] ndisc-lndp[0x55c4995d10e0,"ens3"]: processing libndp events
17:12:46,144 DEBUG NetworkManager:<debug> [1569604366.1439] ndisc[0x55c4995d10e0,"ens3"]: scheduling RA timeout in 30 seconds
17:12:46,144 DEBUG NetworkManager:<debug> [1569604366.1439] ndisc[0x55c4995d10e0,"ens3"]: scheduling explicit router solicitation request in 0 seconds.
17:12:46,144 DEBUG NetworkManager:<debug> [1569604366.1439] device[0x55c4995a19d0] (ens3): activation-stage: complete activate_stage3_ip_config_start,v4 (id 48)
17:12:46,144 DEBUG NetworkManager:<debug> [1569604366.1440] sleep-monitor-sd: inhibit: inhibitor fd is 19
17:12:46,146 DEBUG nm-dispatcher:req:1 'hostname', "/etc/NetworkManager/dispatcher.d/20-chrony": complete
17:12:46,146 DEBUG nm-dispatcher:req:1 'hostname': completed (3 scripts)
17:12:46,146 INFO nm-dispatcher:req:2 'connectivity-change': start running ordered scripts...
17:12:46,146 DEBUG nm-dispatcher:req:2 'connectivity-change', "/etc/NetworkManager/dispatcher.d/04-iscsi": run script
17:12:46,164 DEBUG nm-dispatcher:req:2 'connectivity-change', "/etc/NetworkManager/dispatcher.d/04-iscsi": complete
17:12:46,164 DEBUG nm-dispatcher:req:2 'connectivity-change', "/etc/NetworkManager/dispatcher.d/11-dhclient": run script
17:12:46,170 DEBUG NetworkManager:<debug> [1569604366.1701] dispatcher: (1) 04-iscsi succeeded
17:12:46,170 DEBUG NetworkManager:<debug> [1569604366.1702] dispatcher: (1) 11-dhclient succeeded
17:12:46,170 DEBUG NetworkManager:<debug> [1569604366.1702] dispatcher: (1) 20-chrony succeeded
17:12:46,170 DEBUG NetworkManager:<debug> [1569604366.1702] device[0x55c4995a19d0] (ens3): ip6-config: update (commit=0, new-config=0x55c4995ac7a0)
